Archive member included to satisfy reference by file (symbol)

/usr/lib/gcc/arm-none-eabi/13.2.1/thumb/v7e-m+fp/hard/libgcc.a(_aeabi_uldivmod.o)
                              CMakeFiles/MaixPy_sim.dir/root/myproject/adam/MaixPy-K210-STM32/rtthread-nano-master/rt-thread/bsp/stm32f407-msh/Drivers/STM32F4xx_HAL_Driver/Src/stm32f4xx_hal_rcc.c.obj (__aeabi_uldivmod)
/usr/lib/gcc/arm-none-eabi/13.2.1/thumb/v7e-m+fp/hard/libgcc.a(_udivmoddi4.o)
                              /usr/lib/gcc/arm-none-eabi/13.2.1/thumb/v7e-m+fp/hard/libgcc.a(_aeabi_uldivmod.o) (__udivmoddi4)
/usr/lib/gcc/arm-none-eabi/13.2.1/thumb/v7e-m+fp/hard/libgcc.a(_dvmd_tls.o)
                              /usr/lib/gcc/arm-none-eabi/13.2.1/thumb/v7e-m+fp/hard/libgcc.a(_aeabi_uldivmod.o) (__aeabi_ldiv0)
/usr/lib/gcc/arm-none-eabi/13.2.1/../../../arm-none-eabi/lib/thumb/v7e-m+fp/hard/libc_nano.a(libc_a-init.o)
                              /usr/lib/gcc/arm-none-eabi/13.2.1/../../../arm-none-eabi/lib/thumb/v7e-m+fp/hard/crt0.o (__libc_init_array)
/usr/lib/gcc/arm-none-eabi/13.2.1/../../../arm-none-eabi/lib/thumb/v7e-m+fp/hard/libc_nano.a(libc_a-strlen.o)
                              CMakeFiles/MaixPy_sim.dir/root/myproject/adam/MaixPy-K210-STM32/rtthread-nano-master/rt-thread/bsp/stm32f407-msh/Middlewares/Third_Party/RealThread_RTOS/components/finsh/shell.c.obj (strlen)
/usr/lib/gcc/arm-none-eabi/13.2.1/../../../arm-none-eabi/lib/thumb/v7e-m+fp/hard/libc_nano.a(libc_a-memset.o)
                              /usr/lib/gcc/arm-none-eabi/13.2.1/../../../arm-none-eabi/lib/thumb/v7e-m+fp/hard/crt0.o (memset)
/usr/lib/gcc/arm-none-eabi/13.2.1/../../../arm-none-eabi/lib/thumb/v7e-m+fp/hard/libc_nano.a(libc_a-errno.o)
                              CMakeFiles/MaixPy_sim.dir/sim_syscalls.c.obj (__errno)
/usr/lib/gcc/arm-none-eabi/13.2.1/../../../arm-none-eabi/lib/thumb/v7e-m+fp/hard/libc_nano.a(libc_a-strncpy.o)
                              CMakeFiles/MaixPy_sim.dir/root/myproject/adam/MaixPy-K210-STM32/rtthread-nano-master/rt-thread/bsp/stm32f407-msh/Middlewares/Third_Party/RealThread_RTOS/components/finsh/shell.c.obj (strncpy)
/usr/lib/gcc/arm-none-eabi/13.2.1/../../../arm-none-eabi/lib/thumb/v7e-m+fp/hard/libc_nano.a(libc_a-strncmp.o)
                              CMakeFiles/MaixPy_sim.dir/root/myproject/adam/MaixPy-K210-STM32/rtthread-nano-master/rt-thread/bsp/stm32f407-msh/Middlewares/Third_Party/RealThread_RTOS/components/finsh/msh.c.obj (strncmp)
/usr/lib/gcc/arm-none-eabi/13.2.1/../../../arm-none-eabi/lib/thumb/v7e-m+fp/hard/libc_nano.a(libc_a-strcmp.o)
                              CMakeFiles/MaixPy_sim.dir/root/myproject/adam/MaixPy-K210-STM32/rtthread-nano-master/rt-thread/bsp/stm32f407-msh/Middlewares/Third_Party/RealThread_RTOS/components/finsh/cmd.c.obj (strcmp)
/usr/lib/gcc/arm-none-eabi/13.2.1/../../../arm-none-eabi/lib/thumb/v7e-m+fp/hard/libc_nano.a(libc_a-exit.o)
                              /usr/lib/gcc/arm-none-eabi/13.2.1/../../../arm-none-eabi/lib/thumb/v7e-m+fp/hard/crt0.o (exit)
/usr/lib/gcc/arm-none-eabi/13.2.1/../../../arm-none-eabi/lib/thumb/v7e-m+fp/hard/libc_nano.a(libc_a-ctype_.o)
                              CMakeFiles/MaixPy_sim.dir/root/myproject/adam/MaixPy-K210-STM32/rtthread-nano-master/rt-thread/bsp/stm32f407-msh/Middlewares/Third_Party/RealThread_RTOS/components/finsh/msh_parse.c.obj (_ctype_)
/usr/lib/gcc/arm-none-eabi/13.2.1/../../../arm-none-eabi/lib/thumb/v7e-m+fp/hard/libc_nano.a(libc_a-atexit.o)
                              /usr/lib/gcc/arm-none-eabi/13.2.1/../../../arm-none-eabi/lib/thumb/v7e-m+fp/hard/crt0.o (atexit)
/usr/lib/gcc/arm-none-eabi/13.2.1/../../../arm-none-eabi/lib/thumb/v7e-m+fp/hard/libc_nano.a(libc_a-fini.o)
                              /usr/lib/gcc/arm-none-eabi/13.2.1/../../../arm-none-eabi/lib/thumb/v7e-m+fp/hard/crt0.o (__libc_fini_array)
/usr/lib/gcc/arm-none-eabi/13.2.1/../../../arm-none-eabi/lib/thumb/v7e-m+fp/hard/libc_nano.a(libc_a-impure.o)
                              /usr/lib/gcc/arm-none-eabi/13.2.1/../../../arm-none-eabi/lib/thumb/v7e-m+fp/hard/libc_nano.a(libc_a-errno.o) (_impure_ptr)
/usr/lib/gcc/arm-none-eabi/13.2.1/../../../arm-none-eabi/lib/thumb/v7e-m+fp/hard/libc_nano.a(libc_a-findfp.o)
                              /usr/lib/gcc/arm-none-eabi/13.2.1/../../../arm-none-eabi/lib/thumb/v7e-m+fp/hard/libc_nano.a(libc_a-exit.o) (__stdio_exit_handler)
/usr/lib/gcc/arm-none-eabi/13.2.1/../../../arm-none-eabi/lib/thumb/v7e-m+fp/hard/libc_nano.a(libc_a-fflush.o)
                              /usr/lib/gcc/arm-none-eabi/13.2.1/../../../arm-none-eabi/lib/thumb/v7e-m+fp/hard/libc_nano.a(libc_a-findfp.o) (_fflush_r)
/usr/lib/gcc/arm-none-eabi/13.2.1/../../../arm-none-eabi/lib/thumb/v7e-m+fp/hard/libc_nano.a(libc_a-mallocr.o)
                              /usr/lib/gcc/arm-none-eabi/13.2.1/../../../arm-none-eabi/lib/thumb/v7e-m+fp/hard/libc_nano.a(libc_a-findfp.o) (_malloc_r)
/usr/lib/gcc/arm-none-eabi/13.2.1/../../../arm-none-eabi/lib/thumb/v7e-m+fp/hard/libc_nano.a(libc_a-freer.o)
[...]
Memory Configuration

Name             Origin             Length             Attributes
FLASH            0x08000000         0x00100000         xr
RAM              0x20000000         0x00020000         xrw
CCMRAM           0x10000000         0x00010000         rw
*default*        0x00000000         0xffffffff

Linker script and memory map

LOAD /usr/lib/gcc/arm-none-eabi/13.2.1/thumb/v7e-m+fp/hard/crti.o
LOAD /usr/lib/gcc/arm-none-eabi/13.2.1/thumb/v7e-m+fp/hard/crtbegin.o
LOAD /usr/lib/gcc/arm-none-eabi/13.2.1/../../../arm-none-eabi/lib/thumb/v7e-m+fp/hard/crt0.o
LOAD CMakeFiles/MaixPy_sim.dir/root/myproject/adam/MaixPy-K210-STM32/rtthread-nano-master/rt-thread/bsp/stm32f407-msh/Middlewares/Third_Party/RealThread_RTOS/src/clock.c.obj
LOAD CMakeFiles/MaixPy_sim.dir/root/myproject/adam/MaixPy-K210-STM32/rtthread-nano-master/rt-thread/bsp/stm32f407-msh/Middlewares/Third_Party/RealThread_RTOS/src/components.c.obj
LOAD CMakeFiles/MaixPy_sim.dir/root/myproject/adam/MaixPy-K210-STM32/rtthread-nano-master/rt-thread/bsp/stm32f407-msh/Middlewares/Third_Party/RealThread_RTOS/src/cpu.c.obj
LOAD CMakeFiles/MaixPy_sim.dir/root/myproject/adam/MaixPy-K210-STM32/rtthread-nano-master/rt-thread/bsp/stm32f407-msh/Middlewares/Third_Party/RealThread_RTOS/src/idle.c.obj
LOAD CMakeFiles/MaixPy_sim.dir/root/myproject/adam/MaixPy-K210-STM32/rtthread-nano-master/rt-thread/bsp/stm32f407-msh/Middlewares/Third_Party/RealThread_RTOS/src/ipc.c.obj
LOAD CMakeFiles/MaixPy_sim.dir/root/myproject/adam/MaixPy-K210-STM32/rtthread-nano-master/rt-thread/bsp/stm32f407-msh/Middlewares/Third_Party/RealThread_RTOS/src/irq.c.obj
LOAD CMakeFiles/MaixPy_sim.dir/root/myproject/adam/MaixPy-K210-STM32/rtthread-nano-master/rt-thread/bsp/stm32f407-msh/Middlewares/Third_Party/RealThread_RTOS/src/kservice.c.obj
LOAD CMakeFiles/MaixPy_sim.dir/root/myproject/adam/MaixPy-K210-STM32/rtthread-nano-master/rt-thread/bsp/stm32f407-msh/Middlewares/Third_Party/RealThread_RTOS/src/mem.c.obj
LOAD CMakeFiles/MaixPy_sim.dir/root/myproject/adam/MaixPy-K210-STM32/rtthread-nano-master/rt-thread/bsp/stm32f407-msh/Middlewares/Third_Party/RealThread_RTOS/src/memheap.c.obj
LOAD CMakeFiles/MaixPy_sim.dir/root/myproject/adam/MaixPy-K210-STM32/rtthread-nano-master/rt-thread/bsp/stm32f407-msh/Middlewares/Third_Party/RealThread_RTOS/src/mempool.c.obj
LOAD CMakeFiles/MaixPy_sim.dir/root/myproject/adam/MaixPy-K210-STM32/rtthread-nano-master/rt-thread/bsp/stm32f407-msh/Middlewares/Third_Party/RealThread_RTOS/src/object.c.obj
LOAD CMakeFiles/MaixPy_sim.dir/root/myproject/adam/MaixPy-K210-STM32/rtthread-nano-master/rt-thread/bsp/stm32f407-msh/Middlewares/Third_Party/RealThread_RTOS/src/scheduler.c.obj
LOAD CMakeFiles/MaixPy_sim.dir/root/myproject/adam/MaixPy-K210-STM32/rtthread-nano-master/rt-thread/bsp/stm32f407-msh/Middlewares/Third_Party/RealThread_RTOS/src/signal.c.obj
LOAD CMakeFiles/MaixPy_sim.dir/root/myproject/adam/MaixPy-K210-STM32/rtthread-nano-master/rt-thread/bsp/stm32f407-msh/Middlewares/Third_Party/RealThread_RTOS/src/slab.c.obj
LOAD CMakeFiles/MaixPy_sim.dir/root/myproject/adam/MaixPy-K210-STM32/rtthread-nano-master/rt-thread/bsp/stm32f407-msh/Middlewares/Third_Party/RealThread_RTOS/src/thread.c.obj
LOAD CMakeFiles/MaixPy_sim.dir/root/myproject/adam/MaixPy-K210-STM32/rtthread-nano-master/rt-thread/bsp/stm32f407-msh/Middlewares/Third_Party/RealThread_RTOS/src/timer.c.obj
LOAD CMakeFiles/MaixPy_sim.dir/root/myproject/adam/MaixPy-K210-STM32/rtthread-nano-master/rt-thread/bsp/stm32f407-msh/Middlewares/Third_Party/RealThread_RTOS/libcpu/arm/cortex-m4/cpuport.c.obj
LOAD CMakeFiles/MaixPy_sim.dir/root/myproject/adam/MaixPy-K210-STM32/rtthread-nano-master/rt-thread/bsp/stm32f407-msh/Middlewares/Third_Party/RealThread_RTOS/libcpu/arm/cortex-m4/context_gcc.S.obj
LOAD CMakeFiles/MaixPy_sim.dir/root/myproject/adam/MaixPy-K210-STM32/rtthread-nano-master/rt-thread/bsp/stm32f407-msh/Middlewares/Third_Party/RealThread_RTOS/components/finsh/shell.c.obj
LOAD CMakeFiles/MaixPy_sim.dir/root/myproject/adam/MaixPy-K210-STM32/rtthread-nano-master/rt-thread/bsp/stm32f407-msh/Middlewares/Third_Party/RealThread_RTOS/components/finsh/msh.c.obj
LOAD CMakeFiles/MaixPy_sim.dir/root/myproject/adam/MaixPy-K210-STM32/rtthread-nano-master/rt-thread/bsp/stm32f407-msh/Middlewares/Third_Party/RealThread_RTOS/components/finsh/msh_parse.c.obj
LOAD CMakeFiles/MaixPy_sim.dir/root/myproject/adam/MaixPy-K210-STM32/rtthread-nano-master/rt-thread/bsp/stm32f407-msh/Middlewares/Third_Party/RealThread_RTOS/components/finsh/cmd.c.obj
LOAD CMakeFiles/MaixPy_sim.dir/root/myproject/adam/MaixPy-K210-STM32/rtthread-nano-master/rt-thread/bsp/stm32f407-msh/Middlewares/Third_Party/RealThread_RTOS/components/device/device.c.obj
LOAD CMakeFiles/MaixPy_sim.dir/root/myproject/adam/MaixPy-K210-STM32/rtthread-nano-master/rt-thread/bsp/stm32f407-msh/Drivers/STM32F4xx_HAL_Driver/Src/stm32f4xx_hal.c.obj
LOAD CMakeFiles/MaixPy_sim.dir/root/myproject/adam/MaixPy-K210-STM32/rtthread-nano-master/rt-thread/bsp/stm32f407-msh/Drivers/STM32F4xx_HAL_Driver/Src/stm32f4xx_hal_cortex.c.obj
LOAD CMakeFiles/MaixPy_sim.dir/root/myproject/adam/MaixPy-K210-STM32/rtthread-nano-master/rt-thread/bsp/stm32f407-msh/Drivers/STM32F4xx_HAL_Driver/Src/stm32f4xx_hal_dma.c.obj
LOAD CMakeFiles/MaixPy_sim.dir/root/myproject/adam/MaixPy-K210-STM32/rtthread-nano-master/rt-thread/bsp/stm32f407-msh/Drivers/STM32F4xx_HAL_Driver/Src/stm32f4xx_hal_flash.c.obj
LOAD CMakeFiles/MaixPy_sim.dir/root/myproject/adam/MaixPy-K210-STM32/rtthread-nano-master/rt-thread/bsp/stm32f407-msh/Drivers/STM32F4xx_HAL_Driver/Src/stm32f4xx_hal_flash_ex.c.obj
LOAD CMakeFiles/MaixPy_sim.dir/root/myproject/adam/MaixPy-K210-STM32/rtthread-nano-master/rt-thread/bsp/stm32f407-msh/Drivers/STM32F4xx_HAL_Driver/Src/stm32f4xx_hal_gpio.c.obj
LOAD CMakeFiles/MaixPy_sim.dir/root/myproject/adam/MaixPy-K210-STM32/rtthread-nano-master/rt-thread/bsp/stm32f407-msh/Drivers/STM32F4xx_HAL_Driver/Src/stm32f4xx_hal_pwr.c.obj
LOAD CMakeFiles/MaixPy_sim.dir/root/myproject/adam/MaixPy-K210-STM32/rtthread-nano-master/rt-thread/bsp/stm32f407-msh/Drivers/STM32F4xx_HAL_Driver/Src/stm32f4xx_hal_pwr_ex.c.obj
LOAD CMakeFiles/MaixPy_sim.dir/root/myproject/adam/MaixPy-K210-STM32/rtthread-nano-master/rt-thread/bsp/stm32f407-msh/Drivers/STM32F4xx_HAL_Driver/Src/stm32f4xx_hal_rcc.c.obj
LOAD CMakeFiles/MaixPy_sim.dir/root/myproject/adam/MaixPy-K210-STM32/rtthread-nano-master/rt-thread/bsp/stm32f407-msh/Drivers/STM32F4xx_HAL_Driver/Src/stm32f4xx_hal_rcc_ex.c.obj
LOAD CMakeFiles/MaixPy_sim.dir/root/myproject/adam/MaixPy-K210-STM32/rtthread-nano-master/rt-thread/bsp/stm32f407-msh/Drivers/STM32F4xx_HAL_Driver/Src/stm32f4xx_hal_tim.c.obj
LOAD CMakeFiles/MaixPy_sim.dir/root/myproject/adam/MaixPy-K210-STM32/rtthread-nano-master/rt-thread/bsp/stm32f407-msh/Drivers/STM32F4xx_HAL_Driver/Src/stm32f4xx_hal_tim_ex.c.obj
LOAD CMakeFiles/MaixPy_sim.dir/root/myproject/adam/MaixPy-K210-STM32/rtthread-nano-master/rt-thread/bsp/stm32f407-msh/Drivers/STM32F4xx_HAL_Driver/Src/stm32f4xx_hal_uart.c.obj
LOAD CMakeFiles/MaixPy_sim.dir/root/myproject/adam/MaixPy-K210-STM32/rtthread-nano-master/rt-thread/bsp/stm32f407-msh/Core/Src/stm32f4xx_hal_msp.c.obj
LOAD CMakeFiles/MaixPy_sim.dir/root/myproject/adam/MaixPy-K210-STM32/rtthread-nano-master/rt-thread/bsp/stm32f407-msh/Core/Src/stm32f4xx_it.c.obj
LOAD CMakeFiles/MaixPy_sim.dir/root/myproject/adam/MaixPy-K210-STM32/rtthread-nano-master/rt-thread/bsp/stm32f407-msh/Core/Src/system_stm32f4xx.c.obj
LOAD CMakeFiles/MaixPy_sim.dir/root/myproject/adam/MaixPy-K210-STM32/app/maix_runtime_app.c.obj
LOAD CMakeFiles/MaixPy_sim.dir/board_qemu.c.obj
LOAD CMakeFiles/MaixPy_sim.dir/main_qemu.c.obj
LOAD CMakeFiles/MaixPy_sim.dir/sim_syscalls.c.obj
LOAD CMakeFiles/MaixPy_sim.dir/startup_stm32f407xx_qemu.s.obj
START GROUP
LOAD /usr/lib/gcc/arm-none-eabi/13.2.1/thumb/v7e-m+fp/hard/libgcc.a
LOAD /usr/lib/gcc/arm-none-eabi/13.2.1/../../../arm-none-eabi/lib/thumb/v7e-m+fp/hard/libc_nano.a
END GROUP
START GROUP
LOAD /usr/lib/gcc/arm-none-eabi/13.2.1/thumb/v7e-m+fp/hard/libgcc.a
LOAD /usr/lib/gcc/arm-none-eabi/13.2.1/../../../arm-none-eabi/lib/thumb/v7e-m+fp/hard/libc_nano.a
LOAD /usr/lib/gcc/arm-none-eabi/13.2.1/../../../arm-none-eabi/lib/thumb/v7e-m+fp/hard/libnosys.a
END GROUP
START GROUP
LOAD /usr/lib/gcc/arm-none-eabi/13.2.1/thumb/v7e-m+fp/hard/libgcc.a
LOAD /usr/lib/gcc/arm-none-eabi/13.2.1/../../../arm-none-eabi/lib/thumb/v7e-m+fp/hard/libc_nano.a
LOAD /usr/lib/gcc/arm-none-eabi/13.2.1/../../../arm-none-eabi/lib/thumb/v7e-m+fp/hard/libnosys.a
END GROUP
LOAD /usr/lib/gcc/arm-none-eabi/13.2.1/thumb/v7e-m+fp/hard/crtend.o
LOAD /usr/lib/gcc/arm-none-eabi/13.2.1/thumb/v7e-m+fp/hard/crtn.o
                0x20020000                        _estack = (ORIGIN (RAM) + LENGTH (RAM))

.isr_vector     0x08000000      0x188
                0x08000000                        . = ALIGN (0x4)
 *(.isr_vector)
 .isr_vector    0x08000000      0x188 CMakeFiles/MaixPy_sim.dir/startup_stm32f407xx_qemu.s.obj
                0x08000000                g_pfnVectors
                0x08000188                        . = ALIGN (0x4)

.text           0x08000188     0x2b50
                0x08000188                        . = ALIGN (0x4)
 *(.text)
 .text          0x08000188       0x88 /usr/lib/gcc/arm-none-eabi/13.2.1/thumb/v7e-m+fp/hard/crtbegin.o
 .text          0x08000210      0x144 CMakeFiles/MaixPy_sim.dir/root/myproject/adam/MaixPy-K210-STM32/rtthread-nano-master/rt-thread/bsp/stm32f407-msh/Middlewares/Third_Party/RealThread_RTOS/libcpu/arm/cortex-m4/context_gcc.S.obj
                0x08000210                rt_hw_interrupt_disable
                0x08000218                rt_hw_interrupt_enable
                0x0800021e                rt_hw_context_switch_interrupt
                0x0800021e                rt_hw_context_switch
                0x0800023e                PendSV_Handler
                0x080002aa                rt_hw_context_switch_to
                0x080002f8                rt_hw_interrupt_thread_switch
                0x080002fc                HardFault_Handler
 .text          0x08000354       0x50 /usr/lib/gcc/arm-none-eabi/13.2.1/../../../arm-none-eabi/lib/thumb/v7e-m+fp/hard/libc_nano.a(libc_a-init.o)
                0x08000354                __libc_init_array
 .text          0x080003a4       0xa4 /usr/lib/gcc/arm-none-eabi/13.2.1/../../../arm-none-eabi/lib/thumb/v7e-m+fp/hard/libc_nano.a(libc_a-memset.o)
                0x080003a4                memset
 *(.text*)
 .text.rt_tick_get
                0x08000448       0x18 CMakeFiles/MaixPy_sim.dir/root/myproject/adam/MaixPy-K210-STM32/rtthread-nano-master/rt-thread/bsp/stm32f407-msh/Middlewares/Third_Party/RealThread_RTOS/src/clock.c.obj
                0x08000448                rt_tick_get
 .text.rt_tick_increase
                0x08000460       0x6c CMakeFiles/MaixPy_sim.dir/root/myproject/adam/MaixPy-K210-STM32/rtthread-nano-master/rt-thread/bsp/stm32f407-msh/Middlewares/Third_Party/RealThread_RTOS/src/clock.c.obj
                0x08000460                rt_tick_increase
 .text.rt_tick_from_millisecond
                0x080004cc       0x78 CMakeFiles/MaixPy_sim.dir/root/myproject/adam/MaixPy-K210-STM32/rtthread-nano-master/rt-thread/bsp/stm32f407-msh/Middlewares/Third_Party/RealThread_RTOS/src/clock.c.obj
                0x080004cc                rt_tick_from_millisecond
 .text.rti_board_start
                0x08000544       0x10 CMakeFiles/MaixPy_sim.dir/root/myproject/adam/MaixPy-K210-STM32/rtthread-nano-master/rt-thread/bsp/stm32f407-msh/Middlewares/Third_Party/RealThread_RTOS/src/components.c.obj
 .text.rti_board_end
                0x08000554       0x10 CMakeFiles/MaixPy_sim.dir/root/myproject/adam/MaixPy-K210-STM32/rtthread-nano-master/rt-thread/bsp/stm32f407-msh/Middlewares/Third_Party/RealThread_RTOS/src/components.c.obj
 .text.rti_end  0x08000564       0x10 CMakeFiles/MaixPy_sim.dir/root/myproject/adam/MaixPy-K210-STM32/rtthread-nano-master/rt-thread/bsp/stm32f407-msh/Middlewares/Third_Party/RealThread_RTOS/src/components.c.obj
 .text.rt_components_board_init
                0x08000574       0x34 CMakeFiles/MaixPy_sim.dir/root/myproject/adam/MaixPy-K210-STM32/rtthread-nano-master/rt-thread/bsp/stm32f407-msh/Middlewares/Third_Party/RealThread_RTOS/src/components.c.obj
                0x08000574                rt_components_board_init
 .text.rt_components_init
                0x080005a8       0x34 CMakeFiles/MaixPy_sim.dir/root/myproject/adam/MaixPy-K210-STM32/rtthread-nano-master/rt-thread/bsp/stm32f407-msh/Middlewares/Third_Party/RealThread_RTOS/src/components.c.obj
                0x080005a8                rt_components_init
 .text.entry    0x080005dc        0xe CMakeFiles/MaixPy_sim.dir/root/myproject/adam/MaixPy-K210-STM32/rtthread-nano-master/rt-thread/bsp/stm32f407-msh/Middlewares/Third_Party/RealThread_RTOS/src/components.c.obj
                0x080005dc                entry
 .text.main_thread_entry
                0x080005ea       0x18 CMakeFiles/MaixPy_sim.dir/root/myproject/adam/MaixPy-K210-STM32/rtthread-nano-master/rt-thread/bsp/stm32f407-msh/Middlewares/Third_Party/RealThread_RTOS/src/components.c.obj
                0x080005ea                main_thread_entry
 *fill*         0x08000602        0x2 
 .text.rt_application_init
                0x08000604       0x48 CMakeFiles/MaixPy_sim.dir/root/myproject/adam/MaixPy-K210-STM32/rtthread-nano-master/rt-thread/bsp/stm32f407-msh/Middlewares/Third_Party/RealThread_RTOS/src/components.c.obj
                0x08000604                rt_application_init
 .text.rtthread_startup
                0x0800064c       0x2e CMakeFiles/MaixPy_sim.dir/root/myproject/adam/MaixPy-K210-STM32/rtthread-nano-master/rt-thread/bsp/stm32f407-msh/Middlewares/Third_Party/RealThread_RTOS/src/components.c.obj
                0x0800064c                rtthread_startup
 .text.rt_list_insert_after
                0x0800067a       0x32 CMakeFiles/MaixPy_sim.dir/root/myproject/adam/MaixPy-K210-STM32/rtthread-nano-master/rt-thread/bsp/stm32f407-msh/Middlewares/Third_Party/RealThread_RTOS/src/idle.c.obj
 .text.rt_list_remove
                0x080006ac       0x36 CMakeFiles/MaixPy_sim.dir/root/myproject/adam/MaixPy-K210-STM32/rtthread-nano-master/rt-thread/bsp/stm32f407-msh/Middlewares/Third_Party/RealThread_RTOS/src/idle.c.obj
 *fill*         0x080006e2        0x2 
 .text.rt_thread_defunct_enqueue
                0x080006e4       0x20 CMakeFiles/MaixPy_sim.dir/root/myproject/adam/MaixPy-K210-STM32/rtthread-nano-master/rt-thread/bsp/stm32f407-msh/Middlewares/Third_Party/RealThread_RTOS/src/idle.c.obj
                0x080006e4                rt_thread_defunct_enqueue
 .text.rt_thread_defunct_dequeue
                0x08000704       0x44 CMakeFiles/MaixPy_sim.dir/root/myproject/adam/MaixPy-K210-STM32/rtthread-nano-master/rt-thread/bsp/stm32f407-msh/Middlewares/Third_Party/RealThread_RTOS/src/idle.c.obj
                0x08000704                rt_thread_defunct_dequeue
 .text.rt_defunct_execute
                0x08000748       0x44 CMakeFiles/MaixPy_sim.dir/root/myproject/adam/MaixPy-K210-STM32/rtthread-nano-master/rt-thread/bsp/stm32f407-msh/Middlewares/Third_Party/RealThread_RTOS/src/idle.c.obj
 .text.rt_thread_idle_entry
                0x0800078c        0xe CMakeFiles/MaixPy_sim.dir/root/myproject/adam/MaixPy-K210-STM32/rtthread-nano-master/rt-thread/bsp/stm32f407-msh/Middlewares/Third_Party/RealThread_RTOS/src/idle.c.obj
 *fill*         0x0800079a        0x2 
 .text.rt_thread_idle_init
                0x0800079c       0x80 CMakeFiles/MaixPy_sim.dir/root/myproject/adam/MaixPy-K210-STM32/rtthread-nano-master/rt-thread/bsp/stm32f407-msh/Middlewares/Third_Party/RealThread_RTOS/src/idle.c.obj
                0x0800079c                rt_thread_idle_init
 .text.rt_interrupt_enter
                0x0800081c       0x2c CMakeFiles/MaixPy_sim.dir/root/myproject/adam/MaixPy-K210-STM32/rtthread-nano-master/rt-thread/bsp/stm32f407-msh/Middlewares/Third_Party/RealThread_RTOS/src/irq.c.obj
                0x0800081c                rt_interrupt_enter
 .text.rt_interrupt_leave
                0x08000848       0x2c CMakeFiles/MaixPy_sim.dir/root/myproject/adam/MaixPy-K210-STM32/rtthread-nano-master/rt-thread/bsp/stm32f407-msh/Middlewares/Third_Party/RealThread_RTOS/src/irq.c.obj
                0x08000848                rt_interrupt_leave
 .text.rt_interrupt_get_nest
                0x08000874       0x28 CMakeFiles/MaixPy_sim.dir/root/myproject/adam/MaixPy-K210-STM32/rtthread-nano-master/rt-thread/bsp/stm32f407-msh/Middlewares/Third_Party/RealThread_RTOS/src/irq.c.obj
                0x08000874                rt_interrupt_get_nest
 .text.rt_set_errno
                0x0800089c       0x40 CMakeFiles/MaixPy_sim.dir/root/myproject/adam/MaixPy-K210-STM32/rtthread-nano-master/rt-thread/bsp/stm32f407-msh/Middlewares/Third_Party/RealThread_RTOS/src/kservice.c.obj
                0x0800089c                rt_set_errno
 .text.rt_memset
                0x080008dc       0xb6 CMakeFiles/MaixPy_sim.dir/root/myproject/adam/MaixPy-K210-STM32/rtthread-nano-master/rt-thread/bsp/stm32f407-msh/Middlewares/Third_Party/RealThread_RTOS/src/kservice.c.obj
                0x080008dc                rt_memset
 .text.rt_strncpy
                0x08000992       0x64 CMakeFiles/MaixPy_sim.dir/root/myproject/adam/MaixPy-K210-STM32/rtthread-nano-master/rt-thread/bsp/stm32f407-msh/Middlewares/Third_Party/RealThread_RTOS/src/kservice.c.obj
                0x08000992                rt_strncpy
 *fill*         0x080009f6        0x2 
 .text.rt_show_version
                0x080009f8       0x4c CMakeFiles/MaixPy_sim.dir/root/myproject/adam/MaixPy-K210-STM32/rtthread-nano-master/rt-thread/bsp/stm32f407-msh/Middlewares/Third_Party/RealThread_RTOS/src/kservice.c.obj
                0x080009f8                rt_show_version
 .text.divide   0x08000a44       0x68 CMakeFiles/MaixPy_sim.dir/root/myproject/adam/MaixPy-K210-STM32/rtthread-nano-master/rt-thread/bsp/stm32f407-msh/Middlewares/Third_Party/RealThread_RTOS/src/kservice.c.obj
 .text.skip_atoi
                0x08000aac       0x46 CMakeFiles/MaixPy_sim.dir/root/myproject/adam/MaixPy-K210-STM32/rtthread-nano-master/rt-thread/bsp/stm32f407-msh/Middlewares/Third_Party/RealThread_RTOS/src/kservice.c.obj
 *fill*         0x08000af2        0x2 
 .text.print_number
                0x08000af4      0x1fc CMakeFiles/MaixPy_sim.dir/root/myproject/adam/MaixPy-K210-STM32/rtthread-nano-master/rt-thread/bsp/stm32f407-msh/Middlewares/Third_Party/RealThread_RTOS/src/kservice.c.obj
 .text.rt_vsnprintf
                0x08000cf0      0x4ac CMakeFiles/MaixPy_sim.dir/root/myproject/adam/MaixPy-K210-STM32/rtthread-nano-master/rt-thread/bsp/stm32f407-msh/Middlewares/Third_Party/RealThread_RTOS/src/kservice.c.obj
                0x08000cf0                rt_vsnprintf
 .text.rt_vsprintf
                0x0800119c       0x24 CMakeFiles/MaixPy_sim.dir/root/myproject/adam/MaixPy-K210-STM32/rtthread-nano-master/rt-thread/bsp/stm32f407-msh/Middlewares/Third_Party/RealThread_RTOS/src/kservice.c.obj
                0x0800119c                rt_vsprintf
 .text.rt_sprintf
                0x080011c0       0x2c CMakeFiles/MaixPy_sim.dir/root/myproject/adam/MaixPy-K210-STM32/rtthread-nano-master/rt-thread/bsp/stm32f407-msh/Middlewares/Third_Party/RealThread_RTOS/src/kservice.c.obj
                0x080011c0                rt_sprintf
 .text.rt_kprintf
                0x080011ec       0x60 CMakeFiles/MaixPy_sim.dir/root/myproject/adam/MaixPy-K210-STM32/rtthread-nano-master/rt-thread/bsp/stm32f407-msh/Middlewares/Third_Party/RealThread_RTOS/src/kservice.c.obj
                0x080011ec                rt_kprintf
 .text.__rt_ffs
                0x0800124c       0x70 CMakeFiles/MaixPy_sim.dir/root/myproject/adam/MaixPy-K210-STM32/rtthread-nano-master/rt-thread/bsp/stm32f407-msh/Middlewares/Third_Party/RealThread_RTOS/src/kservice.c.obj
                0x0800124c                __rt_ffs
 .text.rt_list_insert_after
                0x080012bc       0x32 CMakeFiles/MaixPy_sim.dir/root/myproject/adam/MaixPy-K210-STM32/rtthread-nano-master/rt-thread/bsp/stm32f407-msh/Middlewares/Third_Party/RealThread_RTOS/src/object.c.obj
 .text.rt_list_remove
                0x080012ee       0x36 CMakeFiles/MaixPy_sim.dir/root/myproject/adam/MaixPy-K210-STM32/rtthread-nano-master/rt-thread/bsp/stm32f407-msh/Middlewares/Third_Party/RealThread_RTOS/src/object.c.obj
 .text.rt_object_get_information
                0x08001324       0x48 CMakeFiles/MaixPy_sim.dir/root/myproject/adam/MaixPy-K210-STM32/rtthread-nano-master/rt-thread/bsp/stm32f407-msh/Middlewares/Third_Party/RealThread_RTOS/src/object.c.obj
                0x08001324                rt_object_get_information
 .text.rt_object_init
                0x0800136c       0x7e CMakeFiles/MaixPy_sim.dir/root/myproject/adam/MaixPy-K210-STM32/rtthread-nano-master/rt-thread/bsp/stm32f407-msh/Middlewares/Third_Party/RealThread_RTOS/src/object.c.obj
                0x0800136c                rt_object_init
 .text.rt_object_detach
                0x080013ea       0x2c CMakeFiles/MaixPy_sim.dir/root/myproject/adam/MaixPy-K210-STM32/rtthread-nano-master/rt-thread/bsp/stm32f407-msh/Middlewares/Third_Party/RealThread_RTOS/src/object.c.obj
                0x080013ea                rt_object_detach
 .text.rt_object_is_systemobject
                0x08001416       0x24 CMakeFiles/MaixPy_sim.dir/root/myproject/adam/MaixPy-K210-STM32/rtthread-nano-master/rt-thread/bsp/stm32f407-msh/Middlewares/Third_Party/RealThread_RTOS/src/object.c.obj
                0x08001416                rt_object_is_systemobject
 .text.rt_list_init
                0x0800143a       0x22 CMakeFiles/MaixPy_sim.dir/root/myproject/adam/MaixPy-K210-STM32/rtthread-nano-master/rt-thread/bsp/stm32f407-msh/Middlewares/Third_Party/RealThread_RTOS/src/scheduler.c.obj
 .text.rt_list_insert_after
                0x0800145c       0x32 CMakeFiles/MaixPy_sim.dir/root/myproject/adam/MaixPy-K210-STM32/rtthread-nano-master/rt-thread/bsp/stm32f407-msh/Middlewares/Third_Party/RealThread_RTOS/src/scheduler.c.obj
 .text.rt_list_insert_before
                0x0800148e       0x32 CMakeFiles/MaixPy_sim.dir/root/myproject/adam/MaixPy-K210-STM32/rtthread-nano-master/rt-thread/bsp/stm32f407-msh/Middlewares/Third_Party/RealThread_RTOS/src/scheduler.c.obj
 .text.rt_list_remove
                0x080014c0       0x36 CMakeFiles/MaixPy_sim.dir/root/myproject/adam/MaixPy-K210-STM32/rtthread-nano-master/rt-thread/bsp/stm32f407-msh/Middlewares/Third_Party/RealThread_RTOS/src/scheduler.c.obj
 .text.rt_list_isempty
                0x080014f6       0x24 CMakeFiles/MaixPy_sim.dir/root/myproject/adam/MaixPy-K210-STM32/rtthread-nano-master/rt-thread/bsp/stm32f407-msh/Middlewares/Third_Party/RealThread_RTOS/src/scheduler.c.obj
 *fill*         0x0800151a        0x2 
 .text._scheduler_get_highest_priority_thread
                0x0800151c       0x3c CMakeFiles/MaixPy_sim.dir/root/myproject/adam/MaixPy-K210-STM32/rtthread-nano-master/rt-thread/bsp/stm32f407-msh/Middlewares/Third_Party/RealThread_RTOS/src/scheduler.c.obj
 .text.rt_system_scheduler_init
                0x08001558       0x48 CMakeFiles/MaixPy_sim.dir/root/myproject/adam/MaixPy-K210-STM32/rtthread-nano-master/rt-thread/bsp/stm32f407-msh/Middlewares/Third_Party/RealThread_RTOS/src/scheduler.c.obj
                0x08001558                rt_system_scheduler_init
 .text.rt_system_scheduler_start
                0x080015a0       0x3c CMakeFiles/MaixPy_sim.dir/root/myproject/adam/MaixPy-K210-STM32/rtthread-nano-master/rt-thread/bsp/stm32f407-msh/Middlewares/Third_Party/RealThread_RTOS/src/scheduler.c.obj
                0x080015a0                rt_system_scheduler_start
 .text.rt_schedule
                0x080015dc      0x16c CMakeFiles/MaixPy_sim.dir/root/myproject/adam/MaixPy-K210-STM32/rtthread-nano-master/rt-thread/bsp/stm32f407-msh/Middlewares/Third_Party/RealThread_RTOS/src/scheduler.c.obj
                0x080015dc                rt_schedule
 .text.rt_schedule_insert_thread
                0x08001748       0xbc CMakeFiles/MaixPy_sim.dir/root/myproject/adam/MaixPy-K210-STM32/rtthread-nano-master/rt-thread/bsp/stm32f407-msh/Middlewares/Third_Party/RealThread_RTOS/src/scheduler.c.obj
                0x08001748                rt_schedule_insert_thread
 .text.rt_schedule_remove_thread
                0x08001804       0x58 CMakeFiles/MaixPy_sim.dir/root/myproject/adam/MaixPy-K210-STM32/rtthread-nano-master/rt-thread/bsp/stm32f407-msh/Middlewares/Third_Party/RealThread_RTOS/src/scheduler.c.obj
                0x08001804                rt_schedule_remove_thread
 .text.rt_enter_critical
                0x0800185c       0x30 CMakeFiles/MaixPy_sim.dir/root/myproject/adam/MaixPy-K210-STM32/rtthread-nano-master/rt-thread/bsp/stm32f407-msh/Middlewares/Third_Party/RealThread_RTOS/src/scheduler.c.obj
                0x0800185c                rt_enter_critical
 .text.rt_exit_critical
                0x0800188c       0x58 CMakeFiles/MaixPy_sim.dir/root/myproject/adam/MaixPy-K210-STM32/rtthread-nano-master/rt-thread/bsp/stm32f407-msh/Middlewares/Third_Party/RealThread_RTOS/src/scheduler.c.obj
                0x0800188c                rt_exit_critical
 .text.rt_list_init
                0x080018e4       0x22 CMakeFiles/MaixPy_sim.dir/root/myproject/adam/MaixPy-K210-STM32/rtthread-nano-master/rt-thread/bsp/stm32f407-msh/Middlewares/Third_Party/RealThread_RTOS/src/thread.c.obj
 .text.rt_list_remove
                0x08001906       0x36 CMakeFiles/MaixPy_sim.dir/root/myproject/adam/MaixPy-K210-STM32/rtthread-nano-master/rt-thread/bsp/stm32f407-msh/Middlewares/Third_Party/RealThread_RTOS/src/thread.c.obj
 .text._thread_exit
                0x0800193c       0x42 CMakeFiles/MaixPy_sim.dir/root/myproject/adam/MaixPy-K210-STM32/rtthread-nano-master/rt-thread/bsp/stm32f407-msh/Middlewares/Third_Party/RealThread_RTOS/src/thread.c.obj
 .text._thread_timeout
                0x0800197e       0x3c CMakeFiles/MaixPy_sim.dir/root/myproject/adam/MaixPy-K210-STM32/rtthread-nano-master/rt-thread/bsp/stm32f407-msh/Middlewares/Third_Party/RealThread_RTOS/src/thread.c.obj
 *fill*         0x080019ba        0x2 
 .text._thread_init
                0x080019bc       0xc0 CMakeFiles/MaixPy_sim.dir/root/myproject/adam/MaixPy-K210-STM32/rtthread-nano-master/rt-thread/bsp/stm32f407-msh/Middlewares/Third_Party/RealThread_RTOS/src/thread.c.obj
 .text.rt_thread_init
                0x08001a7c       0x40 CMakeFiles/MaixPy_sim.dir/root/myproject/adam/MaixPy-K210-STM32/rtthread-nano-master/rt-thread/bsp/stm32f407-msh/Middlewares/Third_Party/RealThread_RTOS/src/thread.c.obj
                0x08001a7c                rt_thread_init
 .text.rt_thread_self
                0x08001abc       0x18 CMakeFiles/MaixPy_sim.dir/root/myproject/adam/MaixPy-K210-STM32/rtthread-nano-master/rt-thread/bsp/stm32f407-msh/Middlewares/Third_Party/RealThread_RTOS/src/thread.c.obj
                0x08001abc                rt_thread_self
 .text.rt_thread_startup
                0x08001ad4       0x40 CMakeFiles/MaixPy_sim.dir/root/myproject/adam/MaixPy-K210-STM32/rtthread-nano-master/rt-thread/bsp/stm32f407-msh/Middlewares/Third_Party/RealThread_RTOS/src/thread.c.obj
                0x08001ad4                rt_thread_startup
 .text.rt_thread_sleep
                0x08001b14       0x5e CMakeFiles/MaixPy_sim.dir/root/myproject/adam/MaixPy-K210-STM32/rtthread-nano-master/rt-thread/bsp/stm32f407-msh/Middlewares/Third_Party/RealThread_RTOS/src/thread.c.obj
                0x08001b14                rt_thread_sleep
 .text.rt_thread_mdelay
                0x08001b72       0x20 CMakeFiles/MaixPy_sim.dir/root/myproject/adam/MaixPy-K210-STM32/rtthread-nano-master/rt-thread/bsp/stm32f407-msh/Middlewares/Third_Party/RealThread_RTOS/src/thread.c.obj
                0x08001b72                rt_thread_mdelay
 .text.rt_thread_suspend
                0x08001b92       0x68 CMakeFiles/MaixPy_sim.dir/root/myproject/adam/MaixPy-K210-STM32/rtthread-nano-master/rt-thread/bsp/stm32f407-msh/Middlewares/Third_Party/RealThread_RTOS/src/thread.c.obj
                0x08001b92                rt_thread_suspend
 .text.rt_thread_resume
                0x08001bfa       0x4c CMakeFiles/MaixPy_sim.dir/root/myproject/adam/MaixPy-K210-STM32/rtthread-nano-master/rt-thread/bsp/stm32f407-msh/Middlewares/Third_Party/RealThread_RTOS/src/thread.c.obj
                0x08001bfa                rt_thread_resume
 .text.rt_list_init
                0x08001c46       0x22 CMakeFiles/MaixPy_sim.dir/root/myproject/adam/MaixPy-K210-STM32/rtthread-nano-master/rt-thread/bsp/stm32f407-msh/Middlewares/Third_Party/RealThread_RTOS/src/timer.c.obj
 .text.rt_list_insert_after
                0x08001c68       0x32 CMakeFiles/MaixPy_sim.dir/root/myproject/adam/MaixPy-K210-STM32/rtthread-nano-master/rt-thread/bsp/stm32f407-msh/Middlewares/Third_Party/RealThread_RTOS/src/timer.c.obj
 .text.rt_list_remove
                0x08001c9a       0x36 CMakeFiles/MaixPy_sim.dir/root/myproject/adam/MaixPy-K210-STM32/rtthread-nano-master/rt-thread/bsp/stm32f407-msh/Middlewares/Third_Party/RealThread_RTOS/src/timer.c.obj
 .text.rt_list_isempty
                0x08001cd0       0x24 CMakeFiles/MaixPy_sim.dir/root/myproject/adam/MaixPy-K210-STM32/rtthread-nano-master/rt-thread/bsp/stm32f407-msh/Middlewares/Third_Party/RealThread_RTOS/src/timer.c.obj
 .text._timer_init
                0x08001cf4       0x6a CMakeFiles/MaixPy_sim.dir/root/myproject/adam/MaixPy-K210-STM32/rtthread-nano-master/rt-thread/bsp/stm32f407-msh/Middlewares/Third_Party/RealThread_RTOS/src/timer.c.obj
 .text._timer_remove
                0x08001d5e       0x36 CMakeFiles/MaixPy_sim.dir/root/myproject/adam/MaixPy-K210-STM32/rtthread-nano-master/rt-thread/bsp/stm32f407-msh/Middlewares/Third_Party/RealThread_RTOS/src/timer.c.obj
 .text.rt_timer_init
                0x08001d94       0x32 CMakeFiles/MaixPy_sim.dir/root/myproject/adam/MaixPy-K210-STM32/rtthread-nano-master/rt-thread/bsp/stm32f407-msh/Middlewares/Third_Party/RealThread_RTOS/src/timer.c.obj
                0x08001d94                rt_timer_init
 .text.rt_timer_detach
                0x08001dc6       0x3a CMakeFiles/MaixPy_sim.dir/root/myproject/adam/MaixPy-K210-STM32/rtthread-nano-master/rt-thread/bsp/stm32f407-msh/Middlewares/Third_Party/RealThread_RTOS/src/timer.c.obj
                0x08001dc6                rt_timer_detach
 .text.rt_timer_start
                0x08001e00      0x184 CMakeFiles/MaixPy_sim.dir/root/myproject/adam/MaixPy-K210-STM32/rtthread-nano-master/rt-thread/bsp/stm32f407-msh/Middlewares/Third_Party/RealThread_RTOS/src/timer.c.obj
                0x08001e00                rt_timer_start
 .text.rt_timer_stop
                0x08001f84       0x44 CMakeFiles/MaixPy_sim.dir/root/myproject/adam/MaixPy-K210-STM32/rtthread-nano-master/rt-thread/bsp/stm32f407-msh/Middlewares/Third_Party/RealThread_RTOS/src/timer.c.obj
                0x08001f84                rt_timer_stop
 .text.rt_timer_control
                0x08001fc8       0xa4 CMakeFiles/MaixPy_sim.dir/root/myproject/adam/MaixPy-K210-STM32/rtthread-nano-master/rt-thread/bsp/stm32f407-msh/Middlewares/Third_Party/RealThread_RTOS/src/timer.c.obj
                0x08001fc8                rt_timer_control
 .text.rt_timer_check
                0x0800206c       0xe0 CMakeFiles/MaixPy_sim.dir/root/myproject/adam/MaixPy-K210-STM32/rtthread-nano-master/rt-thread/bsp/stm32f407-msh/Middlewares/Third_Party/RealThread_RTOS/src/timer.c.obj
                0x0800206c                rt_timer_check
 .text.rt_system_timer_init
                0x0800214c       0x34 CMakeFiles/MaixPy_sim.dir/root/myproject/adam/MaixPy-K210-STM32/rtthread-nano-master/rt-thread/bsp/stm32f407-msh/Middlewares/Third_Party/RealThread_RTOS/src/timer.c.obj
                0x0800214c                rt_system_timer_init
 .text.rt_system_timer_thread_init
                0x08002180        0xe CMakeFiles/MaixPy_sim.dir/root/myproject/adam/MaixPy-K210-STM32/rtthread-nano-master/rt-thread/bsp/stm32f407-msh/Middlewares/Third_Party/RealThread_RTOS/src/timer.c.obj
                0x08002180                rt_system_timer_thread_init
 *fill*         0x0800218e        0x2 
 .text.rt_hw_stack_init
                0x08002190       0x90 CMakeFiles/MaixPy_sim.dir/root/myproject/adam/MaixPy-K210-STM32/rtthread-nano-master/rt-thread/bsp/stm32f407-msh/Middlewares/Third_Party/RealThread_RTOS/libcpu/arm/cortex-m4/cpuport.c.obj
                0x08002190                rt_hw_stack_init
 .text.usage_fault_track
                0x08002220       0xc4 CMakeFiles/MaixPy_sim.dir/root/myproject/adam/MaixPy-K210-STM32/rtthread-nano-master/rt-thread/bsp/stm32f407-msh/Middlewares/Third_Party/RealThread_RTOS/libcpu/arm/cortex-m4/cpuport.c.obj
 .text.bus_fault_track
                0x080022e4       0xcc CMakeFiles/MaixPy_sim.dir/root/myproject/adam/MaixPy-K210-STM32/rtthread-nano-master/rt-thread/bsp/stm32f407-msh/Middlewares/Third_Party/RealThread_RTOS/libcpu/arm/cortex-m4/cpuport.c.obj
 .text.mem_manage_fault_track
                0x080023b0       0xb4 CMakeFiles/MaixPy_sim.dir/root/myproject/adam/MaixPy-K210-STM32/rtthread-nano-master/rt-thread/bsp/stm32f407-msh/Middlewares/Third_Party/RealThread_RTOS/libcpu/arm/cortex-m4/cpuport.c.obj
 .text.hard_fault_track
                0x08002464       0x78 CMakeFiles/MaixPy_sim.dir/root/myproject/adam/MaixPy-K210-STM32/rtthread-nano-master/rt-thread/bsp/stm32f407-msh/Middlewares/Third_Party/RealThread_RTOS/libcpu/arm/cortex-m4/cpuport.c.obj
 .text.rt_hw_hard_fault_exception
                0x080024dc      0x180 CMakeFiles/MaixPy_sim.dir/root/myproject/adam/MaixPy-K210-STM32/rtthread-nano-master/rt-thread/bsp/stm32f407-msh/Middlewares/Third_Party/RealThread_RTOS/libcpu/arm/cortex-m4/cpuport.c.obj
                0x080024dc                rt_hw_hard_fault_exception
 .text.rt_device_write
                0x0800265c       0x4e CMakeFiles/MaixPy_sim.dir/root/myproject/adam/MaixPy-K210-STM32/rtthread-nano-master/rt-thread/bsp/stm32f407-msh/Middlewares/Third_Party/RealThread_RTOS/components/device/device.c.obj
                0x0800265c                rt_device_write
 *fill*         0x080026aa        0x2 
 .text.__NVIC_SetPriority
                0x080026ac       0x54 CMakeFiles/MaixPy_sim.dir/root/myproject/adam/MaixPy-K210-STM32/rtthread-nano-master/rt-thread/bsp/stm32f407-msh/Drivers/STM32F4xx_HAL_Driver/Src/stm32f4xx_hal_cortex.c.obj
 .text.SysTick_Config
                0x08002700       0x44 CMakeFiles/MaixPy_sim.dir/root/myproject/adam/MaixPy-K210-STM32/rtthread-nano-master/rt-thread/bsp/stm32f407-msh/Drivers/STM32F4xx_HAL_Driver/Src/stm32f4xx_hal_cortex.c.obj
 .text.HAL_SYSTICK_Config
                0x08002744       0x18 CMakeFiles/MaixPy_sim.dir/root/myproject/adam/MaixPy-K210-STM32/rtthread-nano-master/rt-thread/bsp/stm32f407-msh/Drivers/STM32F4xx_HAL_Driver/Src/stm32f4xx_hal_cortex.c.obj
                0x08002744                HAL_SYSTICK_Config
 .text.NMI_Handler
                0x0800275c        0x8 CMakeFiles/MaixPy_sim.dir/root/myproject/adam/MaixPy-K210-STM32/rtthread-nano-master/rt-thread/bsp/stm32f407-msh/Core/Src/stm32f4xx_it.c.obj
                0x0800275c                NMI_Handler
 .text.MemManage_Handler
                0x08002764        0x8 CMakeFiles/MaixPy_sim.dir/root/myproject/adam/MaixPy-K210-STM32/rtthread-nano-master/rt-thread/bsp/stm32f407-msh/Core/Src/stm32f4xx_it.c.obj
                0x08002764                MemManage_Handler
 .text.BusFault_Handler
                0x0800276c        0x8 CMakeFiles/MaixPy_sim.dir/root/myproject/adam/MaixPy-K210-STM32/rtthread-nano-master/rt-thread/bsp/stm32f407-msh/Core/Src/stm32f4xx_it.c.obj
                0x0800276c                BusFault_Handler
 .text.UsageFault_Handler
                0x08002774        0x8 CMakeFiles/MaixPy_sim.dir/root/myproject/adam/MaixPy-K210-STM32/rtthread-nano-master/rt-thread/bsp/stm32f407-msh/Core/Src/stm32f4xx_it.c.obj
                0x08002774                UsageFault_Handler
 .text.DebugMon_Handler
                0x0800277c        0xe CMakeFiles/MaixPy_sim.dir/root/myproject/adam/MaixPy-K210-STM32/rtthread-nano-master/rt-thread/bsp/stm32f407-msh/Core/Src/stm32f4xx_it.c.obj
                0x0800277c                DebugMon_Handler
 *fill*         0x0800278a        0x2 
 .text.SystemInit
                0x0800278c       0x24 CMakeFiles/MaixPy_sim.dir/root/myproject/adam/MaixPy-K210-STM32/rtthread-nano-master/rt-thread/bsp/stm32f407-msh/Core/Src/system_stm32f4xx.c.obj
                0x0800278c                SystemInit
 .text.SystemCoreClockUpdate
                0x080027b0      0x100 CMakeFiles/MaixPy_sim.dir/root/myproject/adam/MaixPy-K210-STM32/rtthread-nano-master/rt-thread/bsp/stm32f407-msh/Core/Src/system_stm32f4xx.c.obj
                0x080027b0                SystemCoreClockUpdate
 .text.maix_cap_state_name
                0x080028b0       0x48 CMakeFiles/MaixPy_sim.dir/root/myproject/adam/MaixPy-K210-STM32/app/maix_runtime_app.c.obj
 .text.maix_runtime_load_defaults
                0x080028f8       0x94 CMakeFiles/MaixPy_sim.dir/root/myproject/adam/MaixPy-K210-STM32/app/maix_runtime_app.c.obj
 .text.maix_runtime_refresh
                0x0800298c       0x40 CMakeFiles/MaixPy_sim.dir/root/myproject/adam/MaixPy-K210-STM32/app/maix_runtime_app.c.obj
 .text.maix_runtime_print_profile
                0x080029cc      0x130 CMakeFiles/MaixPy_sim.dir/root/myproject/adam/MaixPy-K210-STM32/app/maix_runtime_app.c.obj
 .text.maix_runtime_main
                0x08002afc       0x54 CMakeFiles/MaixPy_sim.dir/root/myproject/adam/MaixPy-K210-STM32/app/maix_runtime_app.c.obj
                0x08002afc                maix_runtime_main
 .text.SysTick_Handler
                0x08002b50       0x14 CMakeFiles/MaixPy_sim.dir/board_qemu.c.obj
                0x08002b50                SysTick_Handler
 .text.rt_hw_board_init
                0x08002b64       0x2c CMakeFiles/MaixPy_sim.dir/board_qemu.c.obj
                0x08002b64                rt_hw_board_init
 .text.semihost_write0
                0x08002b90       0x1e CMakeFiles/MaixPy_sim.dir/board_qemu.c.obj
 .text.rt_hw_console_output
                0x08002bae       0x16 CMakeFiles/MaixPy_sim.dir/board_qemu.c.obj
                0x08002bae                rt_hw_console_output
 .text.maix_board_app_init
                0x08002bc4        0xe CMakeFiles/MaixPy_sim.dir/main_qemu.c.obj
                0x08002bc4                maix_board_app_init
 *fill*         0x08002bd2        0x2 
 .text.maix_board_fill_profile
                0x08002bd4       0x74 CMakeFiles/MaixPy_sim.dir/main_qemu.c.obj
                0x08002bd4                maix_board_fill_profile
 .text.maix_board_heartbeat
                0x08002c48       0x14 CMakeFiles/MaixPy_sim.dir/main_qemu.c.obj
                0x08002c48                maix_board_heartbeat
 .text.main     0x08002c5c        0xe CMakeFiles/MaixPy_sim.dir/main_qemu.c.obj
                0x08002c5c                main
 *fill*         0x08002c6a        0x2 
 .text.Reset_Handler
                0x08002c6c       0x50 CMakeFiles/MaixPy_sim.dir/startup_stm32f407xx_qemu.s.obj
                0x08002c6c                Reset_Handler
 .text.Default_Handler
                0x08002cbc        0x2 CMakeFiles/MaixPy_sim.dir/startup_stm32f407xx_qemu.s.obj
                0x08002cbc                RTC_Alarm_IRQHandler
                0x08002cbc                HASH_RNG_IRQHandler
                0x08002cbc                EXTI2_IRQHandler
                0x08002cbc                TIM8_CC_IRQHandler
                0x08002cbc                TIM1_CC_IRQHandler
                0x08002cbc                DMA2_Stream5_IRQHandler
                0x08002cbc                DMA1_Stream5_IRQHandler
                0x08002cbc                PVD_IRQHandler
                0x08002cbc                SDIO_IRQHandler
                0x08002cbc                TAMP_STAMP_IRQHandler
                0x08002cbc                CAN2_RX1_IRQHandler
                0x08002cbc                EXTI3_IRQHandler
                0x08002cbc                TIM8_TRG_COM_TIM14_IRQHandler
                0x08002cbc                TIM1_UP_TIM10_IRQHandler
                0x08002cbc                TIM8_UP_TIM13_IRQHandler
                0x08002cbc                I2C3_ER_IRQHandler
                0x08002cbc                EXTI0_IRQHandler
                0x08002cbc                I2C2_EV_IRQHandler
                0x08002cbc                DMA1_Stream2_IRQHandler
                0x08002cbc                CAN1_RX0_IRQHandler
                0x08002cbc                FPU_IRQHandler
                0x08002cbc                OTG_HS_WKUP_IRQHandler
                0x08002cbc                CAN2_SCE_IRQHandler
                0x08002cbc                DMA2_Stream2_IRQHandler
                0x08002cbc                SPI1_IRQHandler
                0x08002cbc                TIM6_DAC_IRQHandler
                0x08002cbc                TIM1_BRK_TIM9_IRQHandler
                0x08002cbc                DCMI_IRQHandler
                0x08002cbc                CAN2_RX0_IRQHandler
                0x08002cbc                DMA2_Stream3_IRQHandler
                0x08002cbc                USART6_IRQHandler
                0x08002cbc                USART3_IRQHandler
                0x08002cbc                CAN1_RX1_IRQHandler
                0x08002cbc                UART5_IRQHandler
                0x08002cbc                DMA2_Stream0_IRQHandler
                0x08002cbc                TIM4_IRQHandler
                0x08002cbc                I2C1_EV_IRQHandler
                0x08002cbc                DMA1_Stream6_IRQHandler
                0x08002cbc                DMA1_Stream1_IRQHandler
                0x08002cbc                UART4_IRQHandler
                0x08002cbc                TIM3_IRQHandler
                0x08002cbc                RCC_IRQHandler
                0x08002cbc                TIM8_BRK_TIM12_IRQHandler
                0x08002cbc                Default_Handler
                0x08002cbc                EXTI15_10_IRQHandler
                0x08002cbc                ADC_IRQHandler
                0x08002cbc                DMA1_Stream7_IRQHandler
                0x08002cbc                TIM7_IRQHandler
                0x08002cbc                CAN2_TX_IRQHandler
                0x08002cbc                TIM5_IRQHandler
                0x08002cbc                DMA2_Stream7_IRQHandler
                0x08002cbc                I2C3_EV_IRQHandler
                0x08002cbc                EXTI9_5_IRQHandler
                0x08002cbc                RTC_WKUP_IRQHandler
                0x08002cbc                ETH_WKUP_IRQHandler
                0x08002cbc                SPI2_IRQHandler
                0x08002cbc                OTG_HS_EP1_IN_IRQHandler
                0x08002cbc                DMA1_Stream0_IRQHandler
                0x08002cbc                CAN1_TX_IRQHandler
                0x08002cbc                SVC_Handler
                0x08002cbc                EXTI4_IRQHandler
                0x08002cbc                FSMC_IRQHandler
                0x08002cbc                ETH_IRQHandler
                0x08002cbc                OTG_HS_EP1_OUT_IRQHandler
                0x08002cbc                WWDG_IRQHandler
                0x08002cbc                TIM2_IRQHandler
                0x08002cbc                OTG_FS_WKUP_IRQHandler
                0x08002cbc                TIM1_TRG_COM_TIM11_IRQHandler
                0x08002cbc                OTG_HS_IRQHandler
                0x08002cbc                EXTI1_IRQHandler
                0x08002cbc                USART2_IRQHandler
                0x08002cbc                I2C2_ER_IRQHandler
                0x08002cbc                DMA2_Stream1_IRQHandler
                0x08002cbc                CAN1_SCE_IRQHandler
                0x08002cbc                FLASH_IRQHandler
                0x08002cbc                DMA2_Stream4_IRQHandler
                0x08002cbc                USART1_IRQHandler
                0x08002cbc                OTG_FS_IRQHandler
                0x08002cbc                SPI3_IRQHandler
                0x08002cbc                DMA1_Stream4_IRQHandler
                0x08002cbc                I2C1_ER_IRQHandler
                0x08002cbc                DMA2_Stream6_IRQHandler
                0x08002cbc                DMA1_Stream3_IRQHandler
 *(.glue_7)
 .glue_7        0x08002cbe        0x0 linker stubs
 *(.glue_7t)
 .glue_7t       0x08002cbe        0x0 linker stubs
 *(.eh_frame)
 *fill*         0x08002cbe        0x2 
 .eh_frame      0x08002cc0        0x0 /usr/lib/gcc/arm-none-eabi/13.2.1/thumb/v7e-m+fp/hard/crtbegin.o
 *(.init)
 .init          0x08002cc0        0x4 /usr/lib/gcc/arm-none-eabi/13.2.1/thumb/v7e-m+fp/hard/crti.o
                0x08002cc0                _init
 .init          0x08002cc4        0x8 /usr/lib/gcc/arm-none-eabi/13.2.1/thumb/v7e-m+fp/hard/crtn.o
 *(.fini)
 .fini          0x08002ccc        0x4 /usr/lib/gcc/arm-none-eabi/13.2.1/thumb/v7e-m+fp/hard/crti.o
                0x08002ccc                _fini
 .fini          0x08002cd0        0x8 /usr/lib/gcc/arm-none-eabi/13.2.1/thumb/v7e-m+fp/hard/crtn.o
                0x08002cd8                        . = ALIGN (0x4)
                0x08002cd8                        _etext = .

.vfp11_veneer   0x08002cd8        0x0
 .vfp11_veneer  0x08002cd8        0x0 linker stubs

.v4_bx          0x08002cd8        0x0
 .v4_bx         0x08002cd8        0x0 linker stubs

.iplt           0x08002cd8        0x0
 .iplt          0x08002cd8        0x0 /usr/lib/gcc/arm-none-eabi/13.2.1/thumb/v7e-m+fp/hard/crtbegin.o

.rodata         0x08002cd8      0x740
                0x08002cd8                        . = ALIGN (0x4)
 *(.rodata)
 .rodata        0x08002cd8        0x5 CMakeFiles/MaixPy_sim.dir/root/myproject/adam/MaixPy-K210-STM32/rtthread-nano-master/rt-thread/bsp/stm32f407-msh/Middlewares/Third_Party/RealThread_RTOS/src/components.c.obj
 *fill*         0x08002cdd        0x3 
 .rodata        0x08002ce0        0x8 CMakeFiles/MaixPy_sim.dir/root/myproject/adam/MaixPy-K210-STM32/rtthread-nano-master/rt-thread/bsp/stm32f407-msh/Middlewares/Third_Party/RealThread_RTOS/src/idle.c.obj
 .rodata        0x08002ce8       0xf3 CMakeFiles/MaixPy_sim.dir/root/myproject/adam/MaixPy-K210-STM32/rtthread-nano-master/rt-thread/bsp/stm32f407-msh/Middlewares/Third_Party/RealThread_RTOS/src/kservice.c.obj
 *fill*         0x08002ddb        0x1 
 .rodata        0x08002ddc      0x2c9 CMakeFiles/MaixPy_sim.dir/root/myproject/adam/MaixPy-K210-STM32/rtthread-nano-master/rt-thread/bsp/stm32f407-msh/Middlewares/Third_Party/RealThread_RTOS/libcpu/arm/cortex-m4/cpuport.c.obj
 *fill*         0x080030a5        0x3 
 .rodata        0x080030a8      0x1ef CMakeFiles/MaixPy_sim.dir/root/myproject/adam/MaixPy-K210-STM32/app/maix_runtime_app.c.obj
 *fill*         0x08003297        0x1 
 .rodata        0x08003298       0x46 CMakeFiles/MaixPy_sim.dir/main_qemu.c.obj
 *(.rodata*)
 *fill*         0x080032de        0x2 
 .rodata.__lowest_bit_bitmap
                0x080032e0      0x100 CMakeFiles/MaixPy_sim.dir/root/myproject/adam/MaixPy-K210-STM32/rtthread-nano-master/rt-thread/bsp/stm32f407-msh/Middlewares/Third_Party/RealThread_RTOS/src/kservice.c.obj
                0x080032e0                __lowest_bit_bitmap
 .rodata.large_digits.2
                0x080033e0       0x11 CMakeFiles/MaixPy_sim.dir/root/myproject/adam/MaixPy-K210-STM32/rtthread-nano-master/rt-thread/bsp/stm32f407-msh/Middlewares/Third_Party/RealThread_RTOS/src/kservice.c.obj
 *fill*         0x080033f1        0x3 
 .rodata.small_digits.1
                0x080033f4       0x11 CMakeFiles/MaixPy_sim.dir/root/myproject/adam/MaixPy-K210-STM32/rtthread-nano-master/rt-thread/bsp/stm32f407-msh/Middlewares/Third_Party/RealThread_RTOS/src/kservice.c.obj
 *fill*         0x08003405        0x3 
 .rodata.AHBPrescTable
                0x08003408       0x10 CMakeFiles/MaixPy_sim.dir/root/myproject/adam/MaixPy-K210-STM32/rtthread-nano-master/rt-thread/bsp/stm32f407-msh/Core/Src/system_stm32f4xx.c.obj
                0x08003408                AHBPrescTable
                0x08003418                        . = ALIGN (0x4)

.rti_fn.0.end   0x08003418        0x4
 .rti_fn.0.end  0x08003418        0x4 CMakeFiles/MaixPy_sim.dir/root/myproject/adam/MaixPy-K210-STM32/rtthread-nano-master/rt-thread/bsp/stm32f407-msh/Middlewares/Third_Party/RealThread_RTOS/src/components.c.obj
                0x08003418                __rt_init_rti_board_start

.rti_fn.1.end   0x0800341c        0x4
 .rti_fn.1.end  0x0800341c        0x4 CMakeFiles/MaixPy_sim.dir/root/myproject/adam/MaixPy-K210-STM32/rtthread-nano-master/rt-thread/bsp/stm32f407-msh/Middlewares/Third_Party/RealThread_RTOS/src/components.c.obj
                0x0800341c                __rt_init_rti_board_end

.rti_fn.6.end   0x08003420        0x4
 .rti_fn.6.end  0x08003420        0x4 CMakeFiles/MaixPy_sim.dir/root/myproject/adam/MaixPy-K210-STM32/rtthread-nano-master/rt-thread/bsp/stm32f407-msh/Middlewares/Third_Party/RealThread_RTOS/src/components.c.obj
                0x08003420                __rt_init_rti_end

.rel.dyn        0x08003424        0x0
 .rel.iplt      0x08003424        0x0 /usr/lib/gcc/arm-none-eabi/13.2.1/thumb/v7e-m+fp/hard/crtbegin.o

.ARM.extab
 *(.ARM.extab* .gnu.linkonce.armextab.*)

.ARM            0x08003424        0x0
                0x08003424                        __exidx_start = .
 *(.ARM.exidx*)
                0x08003424                        __exidx_end = .

.preinit_array  0x08003424        0x0
                0x08003424                        PROVIDE (__preinit_array_start = .)
 *(.preinit_array*)
                0x08003424                        PROVIDE (__preinit_array_end = .)

.init_array     0x08003424        0x4
                0x08003424                        PROVIDE (__init_array_start = .)
 *(SORT_BY_NAME(.init_array.*))
 *(.init_array*)
 .init_array    0x08003424        0x4 /usr/lib/gcc/arm-none-eabi/13.2.1/thumb/v7e-m+fp/hard/crtbegin.o
                0x08003428                        PROVIDE (__init_array_end = .)

.fini_array     0x08003428        0x4
                0x08003428                        PROVIDE (__fini_array_start = .)
 *(SORT_BY_NAME(.fini_array.*))
 *(.fini_array*)
 .fini_array    0x08003428        0x4 /usr/lib/gcc/arm-none-eabi/13.2.1/thumb/v7e-m+fp/hard/crtbegin.o
                0x0800342c                        PROVIDE (__fini_array_end = .)

.ccmram         0x10000000        0x0 load address 0x0800342c
                0x10000000                        . = ALIGN (0x4)
                0x10000000                        _sccmram = .
 *(.ccmram)
 *(.ccmram*)
                0x10000000                        . = ALIGN (0x4)
                0x10000000                        _eccmram = .

.data           0x20000000       0x4c load address 0x0800342c
                0x20000000                        . = ALIGN (0x4)
                0x20000000                        _sdata = .
 *(.data)
 *(.data*)
 .data._rt_thread_defunct
                0x20000000        0x8 CMakeFiles/MaixPy_sim.dir/root/myproject/adam/MaixPy-K210-STM32/rtthread-nano-master/rt-thread/bsp/stm32f407-msh/Middlewares/Third_Party/RealThread_RTOS/src/idle.c.obj
 .data._object_container
                0x20000008       0x40 CMakeFiles/MaixPy_sim.dir/root/myproject/adam/MaixPy-K210-STM32/rtthread-nano-master/rt-thread/bsp/stm32f407-msh/Middlewares/Third_Party/RealThread_RTOS/src/object.c.obj
 .data.SystemCoreClock
                0x20000048        0x4 CMakeFiles/MaixPy_sim.dir/root/myproject/adam/MaixPy-K210-STM32/rtthread-nano-master/rt-thread/bsp/stm32f407-msh/Core/Src/system_stm32f4xx.c.obj
                0x20000048                SystemCoreClock
                0x2000004c                        . = ALIGN (0x4)
                0x2000004c                        _edata = .
                0x0800342c                        _sidata = LOADADDR (.data)

.tm_clone_table
                0x2000004c        0x0 load address 0x08003478
 .tm_clone_table
                0x2000004c        0x0 /usr/lib/gcc/arm-none-eabi/13.2.1/thumb/v7e-m+fp/hard/crtbegin.o
 .tm_clone_table
                0x2000004c        0x0 /usr/lib/gcc/arm-none-eabi/13.2.1/thumb/v7e-m+fp/hard/crtend.o

.igot.plt       0x2000004c        0x0 load address 0x08003478
 .igot.plt      0x2000004c        0x0 /usr/lib/gcc/arm-none-eabi/13.2.1/thumb/v7e-m+fp/hard/crtbegin.o

.bss            0x20000050     0x1404 load address 0x08003478
                0x20000050                        . = ALIGN (0x4)
                0x20000050                        _sbss = .
                0x20000050                        __bss_start__ = _sbss
 *(.bss)
 .bss           0x20000050       0x1c /usr/lib/gcc/arm-none-eabi/13.2.1/thumb/v7e-m+fp/hard/crtbegin.o
 *(.bss*)
 .bss.rt_tick   0x2000006c        0x4 CMakeFiles/MaixPy_sim.dir/root/myproject/adam/MaixPy-K210-STM32/rtthread-nano-master/rt-thread/bsp/stm32f407-msh/Middlewares/Third_Party/RealThread_RTOS/src/clock.c.obj
 .bss.main_stack
                0x20000070     0x1000 CMakeFiles/MaixPy_sim.dir/root/myproject/adam/MaixPy-K210-STM32/rtthread-nano-master/rt-thread/bsp/stm32f407-msh/Middlewares/Third_Party/RealThread_RTOS/src/components.c.obj
 .bss.main_thread
                0x20001070       0x78 CMakeFiles/MaixPy_sim.dir/root/myproject/adam/MaixPy-K210-STM32/rtthread-nano-master/rt-thread/bsp/stm32f407-msh/Middlewares/Third_Party/RealThread_RTOS/src/components.c.obj
                0x20001070                main_thread
 .bss.idle      0x200010e8       0x78 CMakeFiles/MaixPy_sim.dir/root/myproject/adam/MaixPy-K210-STM32/rtthread-nano-master/rt-thread/bsp/stm32f407-msh/Middlewares/Third_Party/RealThread_RTOS/src/idle.c.obj
 .bss.rt_thread_stack
                0x20001160       0x80 CMakeFiles/MaixPy_sim.dir/root/myproject/adam/MaixPy-K210-STM32/rtthread-nano-master/rt-thread/bsp/stm32f407-msh/Middlewares/Third_Party/RealThread_RTOS/src/idle.c.obj
 .bss.rt_interrupt_nest
                0x200011e0        0x1 CMakeFiles/MaixPy_sim.dir/root/myproject/adam/MaixPy-K210-STM32/rtthread-nano-master/rt-thread/bsp/stm32f407-msh/Middlewares/Third_Party/RealThread_RTOS/src/irq.c.obj
                0x200011e0                rt_interrupt_nest
 *fill*         0x200011e1        0x3 
 .bss.__rt_errno
                0x200011e4        0x4 CMakeFiles/MaixPy_sim.dir/root/myproject/adam/MaixPy-K210-STM32/rtthread-nano-master/rt-thread/bsp/stm32f407-msh/Middlewares/Third_Party/RealThread_RTOS/src/kservice.c.obj
 .bss._console_device
                0x200011e8        0x4 CMakeFiles/MaixPy_sim.dir/root/myproject/adam/MaixPy-K210-STM32/rtthread-nano-master/rt-thread/bsp/stm32f407-msh/Middlewares/Third_Party/RealThread_RTOS/src/kservice.c.obj
 .bss.rt_log_buf.0
                0x200011ec      0x100 CMakeFiles/MaixPy_sim.dir/root/myproject/adam/MaixPy-K210-STM32/rtthread-nano-master/rt-thread/bsp/stm32f407-msh/Middlewares/Third_Party/RealThread_RTOS/src/kservice.c.obj
 .bss.rt_thread_priority_table
                0x200012ec      0x100 CMakeFiles/MaixPy_sim.dir/root/myproject/adam/MaixPy-K210-STM32/rtthread-nano-master/rt-thread/bsp/stm32f407-msh/Middlewares/Third_Party/RealThread_RTOS/src/scheduler.c.obj
                0x200012ec                rt_thread_priority_table
 .bss.rt_thread_ready_priority_group
                0x200013ec        0x4 CMakeFiles/MaixPy_sim.dir/root/myproject/adam/MaixPy-K210-STM32/rtthread-nano-master/rt-thread/bsp/stm32f407-msh/Middlewares/Third_Party/RealThread_RTOS/src/scheduler.c.obj
                0x200013ec                rt_thread_ready_priority_group
 .bss.rt_scheduler_lock_nest
                0x200013f0        0x2 CMakeFiles/MaixPy_sim.dir/root/myproject/adam/MaixPy-K210-STM32/rtthread-nano-master/rt-thread/bsp/stm32f407-msh/Middlewares/Third_Party/RealThread_RTOS/src/scheduler.c.obj
 *fill*         0x200013f2        0x2 
 .bss.rt_current_thread
                0x200013f4        0x4 CMakeFiles/MaixPy_sim.dir/root/myproject/adam/MaixPy-K210-STM32/rtthread-nano-master/rt-thread/bsp/stm32f407-msh/Middlewares/Third_Party/RealThread_RTOS/src/scheduler.c.obj
                0x200013f4                rt_current_thread
 .bss.rt_current_priority
                0x200013f8        0x1 CMakeFiles/MaixPy_sim.dir/root/myproject/adam/MaixPy-K210-STM32/rtthread-nano-master/rt-thread/bsp/stm32f407-msh/Middlewares/Third_Party/RealThread_RTOS/src/scheduler.c.obj
                0x200013f8                rt_current_priority
 *fill*         0x200013f9        0x3 
 .bss._timer_list
                0x200013fc        0x8 CMakeFiles/MaixPy_sim.dir/root/myproject/adam/MaixPy-K210-STM32/rtthread-nano-master/rt-thread/bsp/stm32f407-msh/Middlewares/Third_Party/RealThread_RTOS/src/timer.c.obj
 .bss.random_nr.0
                0x20001404        0x4 CMakeFiles/MaixPy_sim.dir/root/myproject/adam/MaixPy-K210-STM32/rtthread-nano-master/rt-thread/bsp/stm32f407-msh/Middlewares/Third_Party/RealThread_RTOS/src/timer.c.obj
 .bss.rt_interrupt_from_thread
                0x20001408        0x4 CMakeFiles/MaixPy_sim.dir/root/myproject/adam/MaixPy-K210-STM32/rtthread-nano-master/rt-thread/bsp/stm32f407-msh/Middlewares/Third_Party/RealThread_RTOS/libcpu/arm/cortex-m4/cpuport.c.obj
                0x20001408                rt_interrupt_from_thread
 .bss.rt_interrupt_to_thread
                0x2000140c        0x4 CMakeFiles/MaixPy_sim.dir/root/myproject/adam/MaixPy-K210-STM32/rtthread-nano-master/rt-thread/bsp/stm32f407-msh/Middlewares/Third_Party/RealThread_RTOS/libcpu/arm/cortex-m4/cpuport.c.obj
                0x2000140c                rt_interrupt_to_thread
 .bss.rt_thread_switch_interrupt_flag
                0x20001410        0x4 CMakeFiles/MaixPy_sim.dir/root/myproject/adam/MaixPy-K210-STM32/rtthread-nano-master/rt-thread/bsp/stm32f407-msh/Middlewares/Third_Party/RealThread_RTOS/libcpu/arm/cortex-m4/cpuport.c.obj
                0x20001410                rt_thread_switch_interrupt_flag
 .bss.rt_exception_hook
                0x20001414        0x4 CMakeFiles/MaixPy_sim.dir/root/myproject/adam/MaixPy-K210-STM32/rtthread-nano-master/rt-thread/bsp/stm32f407-msh/Middlewares/Third_Party/RealThread_RTOS/libcpu/arm/cortex-m4/cpuport.c.obj
 .bss.g_profile
                0x20001418       0x28 CMakeFiles/MaixPy_sim.dir/root/myproject/adam/MaixPy-K210-STM32/app/maix_runtime_app.c.obj
 .bss.g_state   0x20001440       0x14 CMakeFiles/MaixPy_sim.dir/root/myproject/adam/MaixPy-K210-STM32/app/maix_runtime_app.c.obj
 *(COMMON)
                0x20001454                        . = ALIGN (0x4)
                0x20001454                        _ebss = .
                0x20001454                        __bss_end__ = _ebss

._user_heap_stack
                0x20001454      0xc04 load address 0x08003478
                0x20001458                        . = ALIGN (0x8)
 *fill*         0x20001454        0x4 
                0x20001458                        PROVIDE (end = .)
                [!provide]                        PROVIDE (_end = .)
                0x20001858                        . = (. + 0x400)
 *fill*         0x20001458      0x400 
                0x20002058                        . = (. + 0x800)
 *fill*         0x20001858      0x800 
                0x20002058                        . = ALIGN (0x8)

/DISCARD/
 libc.a(*)
 libm.a(*)
 libgcc.a(*)
OUTPUT(MaixPy_sim.elf elf32-littlearm)
LOAD linker stubs
LOAD /usr/lib/gcc/arm-none-eabi/13.2.1/../../../arm-none-eabi/lib/thumb/v7e-m+fp/hard/libc.a
LOAD /usr/lib/gcc/arm-none-eabi/13.2.1/../../../arm-none-eabi/lib/thumb/v7e-m+fp/hard/libm.a
LOAD /usr/lib/gcc/arm-none-eabi/13.2.1/thumb/v7e-m+fp/hard/libgcc.a

.ARM.attributes
                0x00000000       0x30
 .ARM.attributes
                0x00000000       0x22 /usr/lib/gcc/arm-none-eabi/13.2.1/thumb/v7e-m+fp/hard/crti.o
 .ARM.attributes
                0x00000022       0x34 /usr/lib/gcc/arm-none-eabi/13.2.1/thumb/v7e-m+fp/hard/crtbegin.o
 .ARM.attributes
                0x00000056       0x34 CMakeFiles/MaixPy_sim.dir/root/myproject/adam/MaixPy-K210-STM32/rtthread-nano-master/rt-thread/bsp/stm32f407-msh/Middlewares/Third_Party/RealThread_RTOS/src/clock.c.obj
 .ARM.attributes
                0x0000008a       0x34 CMakeFiles/MaixPy_sim.dir/root/myproject/adam/MaixPy-K210-STM32/rtthread-nano-master/rt-thread/bsp/stm32f407-msh/Middlewares/Third_Party/RealThread_RTOS/src/components.c.obj
 .ARM.attributes
                0x000000be       0x34 CMakeFiles/MaixPy_sim.dir/root/myproject/adam/MaixPy-K210-STM32/rtthread-nano-master/rt-thread/bsp/stm32f407-msh/Middlewares/Third_Party/RealThread_RTOS/src/idle.c.obj
 .ARM.attributes
                0x000000f2       0x34 CMakeFiles/MaixPy_sim.dir/root/myproject/adam/MaixPy-K210-STM32/rtthread-nano-master/rt-thread/bsp/stm32f407-msh/Middlewares/Third_Party/RealThread_RTOS/src/irq.c.obj
 .ARM.attributes
                0x00000126       0x34 CMakeFiles/MaixPy_sim.dir/root/myproject/adam/MaixPy-K210-STM32/rtthread-nano-master/rt-thread/bsp/stm32f407-msh/Middlewares/Third_Party/RealThread_RTOS/src/kservice.c.obj
 .ARM.attributes
                0x0000015a       0x34 CMakeFiles/MaixPy_sim.dir/root/myproject/adam/MaixPy-K210-STM32/rtthread-nano-master/rt-thread/bsp/stm32f407-msh/Middlewares/Third_Party/RealThread_RTOS/src/object.c.obj
 .ARM.attributes
                0x0000018e       0x34 CMakeFiles/MaixPy_sim.dir/root/myproject/adam/MaixPy-K210-STM32/rtthread-nano-master/rt-thread/bsp/stm32f407-msh/Middlewares/Third_Party/RealThread_RTOS/src/scheduler.c.obj
 .ARM.attributes
                0x000001c2       0x34 CMakeFiles/MaixPy_sim.dir/root/myproject/adam/MaixPy-K210-STM32/rtthread-nano-master/rt-thread/bsp/stm32f407-msh/Middlewares/Third_Party/RealThread_RTOS/src/thread.c.obj
 .ARM.attributes
                0x000001f6       0x34 CMakeFiles/MaixPy_sim.dir/root/myproject/adam/MaixPy-K210-STM32/rtthread-nano-master/rt-thread/bsp/stm32f407-msh/Middlewares/Third_Party/RealThread_RTOS/src/timer.c.obj
 .ARM.attributes
                0x0000022a       0x34 CMakeFiles/MaixPy_sim.dir/root/myproject/adam/MaixPy-K210-STM32/rtthread-nano-master/rt-thread/bsp/stm32f407-msh/Middlewares/Third_Party/RealThread_RTOS/libcpu/arm/cortex-m4/cpuport.c.obj
 .ARM.attributes
                0x0000025e       0x25 CMakeFiles/MaixPy_sim.dir/root/myproject/adam/MaixPy-K210-STM32/rtthread-nano-master/rt-thread/bsp/stm32f407-msh/Middlewares/Third_Party/RealThread_RTOS/libcpu/arm/cortex-m4/context_gcc.S.obj
 .ARM.attributes
                0x00000283       0x34 CMakeFiles/MaixPy_sim.dir/root/myproject/adam/MaixPy-K210-STM32/rtthread-nano-master/rt-thread/bsp/stm32f407-msh/Middlewares/Third_Party/RealThread_RTOS/components/device/device.c.obj
 .ARM.attributes
                0x000002b7       0x34 CMakeFiles/MaixPy_sim.dir/root/myproject/adam/MaixPy-K210-STM32/rtthread-nano-master/rt-thread/bsp/stm32f407-msh/Drivers/STM32F4xx_HAL_Driver/Src/stm32f4xx_hal_cortex.c.obj
 .ARM.attributes
                0x000002eb       0x34 CMakeFiles/MaixPy_sim.dir/root/myproject/adam/MaixPy-K210-STM32/rtthread-nano-master/rt-thread/bsp/stm32f407-msh/Core/Src/stm32f4xx_it.c.obj
 .ARM.attributes
                0x0000031f       0x34 CMakeFiles/MaixPy_sim.dir/root/myproject/adam/MaixPy-K210-STM32/rtthread-nano-master/rt-thread/bsp/stm32f407-msh/Core/Src/system_stm32f4xx.c.obj
 .ARM.attributes
                0x00000353       0x34 CMakeFiles/MaixPy_sim.dir/root/myproject/adam/MaixPy-K210-STM32/app/maix_runtime_app.c.obj
 .ARM.attributes
                0x00000387       0x34 CMakeFiles/MaixPy_sim.dir/board_qemu.c.obj
 .ARM.attributes
                0x000003bb       0x34 CMakeFiles/MaixPy_sim.dir/main_qemu.c.obj
 .ARM.attributes
                0x000003ef       0x21 CMakeFiles/MaixPy_sim.dir/startup_stm32f407xx_qemu.s.obj
 .ARM.attributes
                0x00000410       0x34 /usr/lib/gcc/arm-none-eabi/13.2.1/../../../arm-none-eabi/lib/thumb/v7e-m+fp/hard/libc_nano.a(libc_a-init.o)
 .ARM.attributes
                0x00000444       0x34 /usr/lib/gcc/arm-none-eabi/13.2.1/../../../arm-none-eabi/lib/thumb/v7e-m+fp/hard/libc_nano.a(libc_a-memset.o)
 .ARM.attributes
                0x00000478       0x34 /usr/lib/gcc/arm-none-eabi/13.2.1/thumb/v7e-m+fp/hard/crtend.o
 .ARM.attributes
                0x000004ac       0x22 /usr/lib/gcc/arm-none-eabi/13.2.1/thumb/v7e-m+fp/hard/crtn.o

.comment        0x00000000       0x26
 .comment       0x00000000       0x26 /usr/lib/gcc/arm-none-eabi/13.2.1/thumb/v7e-m+fp/hard/crtbegin.o
                                 0x27 (size before relaxing)
 .comment       0x00000026       0x27 CMakeFiles/MaixPy_sim.dir/root/myproject/adam/MaixPy-K210-STM32/rtthread-nano-master/rt-thread/bsp/stm32f407-msh/Middlewares/Third_Party/RealThread_RTOS/src/clock.c.obj
 .comment       0x00000026       0x27 CMakeFiles/MaixPy_sim.dir/root/myproject/adam/MaixPy-K210-STM32/rtthread-nano-master/rt-thread/bsp/stm32f407-msh/Middlewares/Third_Party/RealThread_RTOS/src/components.c.obj
 .comment       0x00000026       0x27 CMakeFiles/MaixPy_sim.dir/root/myproject/adam/MaixPy-K210-STM32/rtthread-nano-master/rt-thread/bsp/stm32f407-msh/Middlewares/Third_Party/RealThread_RTOS/src/idle.c.obj
 .comment       0x00000026       0x27 CMakeFiles/MaixPy_sim.dir/root/myproject/adam/MaixPy-K210-STM32/rtthread-nano-master/rt-thread/bsp/stm32f407-msh/Middlewares/Third_Party/RealThread_RTOS/src/irq.c.obj
 .comment       0x00000026       0x27 CMakeFiles/MaixPy_sim.dir/root/myproject/adam/MaixPy-K210-STM32/rtthread-nano-master/rt-thread/bsp/stm32f407-msh/Middlewares/Third_Party/RealThread_RTOS/src/kservice.c.obj
 .comment       0x00000026       0x27 CMakeFiles/MaixPy_sim.dir/root/myproject/adam/MaixPy-K210-STM32/rtthread-nano-master/rt-thread/bsp/stm32f407-msh/Middlewares/Third_Party/RealThread_RTOS/src/object.c.obj
 .comment       0x00000026       0x27 CMakeFiles/MaixPy_sim.dir/root/myproject/adam/MaixPy-K210-STM32/rtthread-nano-master/rt-thread/bsp/stm32f407-msh/Middlewares/Third_Party/RealThread_RTOS/src/scheduler.c.obj
 .comment       0x00000026       0x27 CMakeFiles/MaixPy_sim.dir/root/myproject/adam/MaixPy-K210-STM32/rtthread-nano-master/rt-thread/bsp/stm32f407-msh/Middlewares/Third_Party/RealThread_RTOS/src/thread.c.obj
 .comment       0x00000026       0x27 CMakeFiles/MaixPy_sim.dir/root/myproject/adam/MaixPy-K210-STM32/rtthread-nano-master/rt-thread/bsp/stm32f407-msh/Middlewares/Third_Party/RealThread_RTOS/src/timer.c.obj
 .comment       0x00000026       0x27 CMakeFiles/MaixPy_sim.dir/root/myproject/adam/MaixPy-K210-STM32/rtthread-nano-master/rt-thread/bsp/stm32f407-msh/Middlewares/Third_Party/RealThread_RTOS/libcpu/arm/cortex-m4/cpuport.c.obj
 .comment       0x00000026       0x27 CMakeFiles/MaixPy_sim.dir/root/myproject/adam/MaixPy-K210-STM32/rtthread-nano-master/rt-thread/bsp/stm32f407-msh/Middlewares/Third_Party/RealThread_RTOS/components/device/device.c.obj
 .comment       0x00000026       0x27 CMakeFiles/MaixPy_sim.dir/root/myproject/adam/MaixPy-K210-STM32/rtthread-nano-master/rt-thread/bsp/stm32f407-msh/Drivers/STM32F4xx_HAL_Driver/Src/stm32f4xx_hal_cortex.c.obj
 .comment       0x00000026       0x27 CMakeFiles/MaixPy_sim.dir/root/myproject/adam/MaixPy-K210-STM32/rtthread-nano-master/rt-thread/bsp/stm32f407-msh/Core/Src/stm32f4xx_it.c.obj
 .comment       0x00000026       0x27 CMakeFiles/MaixPy_sim.dir/root/myproject/adam/MaixPy-K210-STM32/rtthread-nano-master/rt-thread/bsp/stm32f407-msh/Core/Src/system_stm32f4xx.c.obj
 .comment       0x00000026       0x27 CMakeFiles/MaixPy_sim.dir/root/myproject/adam/MaixPy-K210-STM32/app/maix_runtime_app.c.obj
 .comment       0x00000026       0x27 CMakeFiles/MaixPy_sim.dir/board_qemu.c.obj
 .comment       0x00000026       0x27 CMakeFiles/MaixPy_sim.dir/main_qemu.c.obj
 .comment       0x00000026       0x27 /usr/lib/gcc/arm-none-eabi/13.2.1/../../../arm-none-eabi/lib/thumb/v7e-m+fp/hard/libc_nano.a(libc_a-init.o)
 .comment       0x00000026       0x27 /usr/lib/gcc/arm-none-eabi/13.2.1/../../../arm-none-eabi/lib/thumb/v7e-m+fp/hard/libc_nano.a(libc_a-memset.o)
 .comment       0x00000026       0x27 /usr/lib/gcc/arm-none-eabi/13.2.1/thumb/v7e-m+fp/hard/crtend.o

.debug_info     0x00000000     0x697f
 .debug_info    0x00000000      0x3fa CMakeFiles/MaixPy_sim.dir/root/myproject/adam/MaixPy-K210-STM32/rtthread-nano-master/rt-thread/bsp/stm32f407-msh/Middlewares/Third_Party/RealThread_RTOS/src/clock.c.obj
 .debug_info    0x000003fa      0x541 CMakeFiles/MaixPy_sim.dir/root/myproject/adam/MaixPy-K210-STM32/rtthread-nano-master/rt-thread/bsp/stm32f407-msh/Middlewares/Third_Party/RealThread_RTOS/src/components.c.obj
 .debug_info    0x0000093b      0x593 CMakeFiles/MaixPy_sim.dir/root/myproject/adam/MaixPy-K210-STM32/rtthread-nano-master/rt-thread/bsp/stm32f407-msh/Middlewares/Third_Party/RealThread_RTOS/src/idle.c.obj
 .debug_info    0x00000ece      0x13c CMakeFiles/MaixPy_sim.dir/root/myproject/adam/MaixPy-K210-STM32/rtthread-nano-master/rt-thread/bsp/stm32f407-msh/Middlewares/Third_Party/RealThread_RTOS/src/irq.c.obj
 .debug_info    0x0000100a     0x1109 CMakeFiles/MaixPy_sim.dir/root/myproject/adam/MaixPy-K210-STM32/rtthread-nano-master/rt-thread/bsp/stm32f407-msh/Middlewares/Third_Party/RealThread_RTOS/src/kservice.c.obj
 .debug_info    0x00002113      0x5b4 CMakeFiles/MaixPy_sim.dir/root/myproject/adam/MaixPy-K210-STM32/rtthread-nano-master/rt-thread/bsp/stm32f407-msh/Middlewares/Third_Party/RealThread_RTOS/src/object.c.obj
 .debug_info    0x000026c7      0x6a6 CMakeFiles/MaixPy_sim.dir/root/myproject/adam/MaixPy-K210-STM32/rtthread-nano-master/rt-thread/bsp/stm32f407-msh/Middlewares/Third_Party/RealThread_RTOS/src/scheduler.c.obj
 .debug_info    0x00002d6d      0xa18 CMakeFiles/MaixPy_sim.dir/root/myproject/adam/MaixPy-K210-STM32/rtthread-nano-master/rt-thread/bsp/stm32f407-msh/Middlewares/Third_Party/RealThread_RTOS/src/thread.c.obj
 .debug_info    0x00003785      0x707 CMakeFiles/MaixPy_sim.dir/root/myproject/adam/MaixPy-K210-STM32/rtthread-nano-master/rt-thread/bsp/stm32f407-msh/Middlewares/Third_Party/RealThread_RTOS/src/timer.c.obj
 .debug_info    0x00003e8c      0x5f1 CMakeFiles/MaixPy_sim.dir/root/myproject/adam/MaixPy-K210-STM32/rtthread-nano-master/rt-thread/bsp/stm32f407-msh/Middlewares/Third_Party/RealThread_RTOS/libcpu/arm/cortex-m4/cpuport.c.obj
 .debug_info    0x0000447d       0x25 CMakeFiles/MaixPy_sim.dir/root/myproject/adam/MaixPy-K210-STM32/rtthread-nano-master/rt-thread/bsp/stm32f407-msh/Middlewares/Third_Party/RealThread_RTOS/libcpu/arm/cortex-m4/context_gcc.S.obj
 .debug_info    0x000044a2      0x739 CMakeFiles/MaixPy_sim.dir/root/myproject/adam/MaixPy-K210-STM32/rtthread-nano-master/rt-thread/bsp/stm32f407-msh/Middlewares/Third_Party/RealThread_RTOS/components/device/device.c.obj
 .debug_info    0x00004bdb      0xd22 CMakeFiles/MaixPy_sim.dir/root/myproject/adam/MaixPy-K210-STM32/rtthread-nano-master/rt-thread/bsp/stm32f407-msh/Drivers/STM32F4xx_HAL_Driver/Src/stm32f4xx_hal_cortex.c.obj
 .debug_info    0x000058fd       0xc8 CMakeFiles/MaixPy_sim.dir/root/myproject/adam/MaixPy-K210-STM32/rtthread-nano-master/rt-thread/bsp/stm32f407-msh/Core/Src/stm32f4xx_it.c.obj
 .debug_info    0x000059c5      0x4f8 CMakeFiles/MaixPy_sim.dir/root/myproject/adam/MaixPy-K210-STM32/rtthread-nano-master/rt-thread/bsp/stm32f407-msh/Core/Src/system_stm32f4xx.c.obj
 .debug_info    0x00005ebd      0x4a8 CMakeFiles/MaixPy_sim.dir/root/myproject/adam/MaixPy-K210-STM32/app/maix_runtime_app.c.obj
 .debug_info    0x00006365      0x16e CMakeFiles/MaixPy_sim.dir/board_qemu.c.obj
 .debug_info    0x000064d3      0x23c CMakeFiles/MaixPy_sim.dir/main_qemu.c.obj
 .debug_info    0x0000670f       0x30 CMakeFiles/MaixPy_sim.dir/startup_stm32f407xx_qemu.s.obj
 .debug_info    0x0000673f      0x10b /usr/lib/gcc/arm-none-eabi/13.2.1/../../../arm-none-eabi/lib/thumb/v7e-m+fp/hard/libc_nano.a(libc_a-init.o)
 .debug_info    0x0000684a      0x135 /usr/lib/gcc/arm-none-eabi/13.2.1/../../../arm-none-eabi/lib/thumb/v7e-m+fp/hard/libc_nano.a(libc_a-memset.o)

.debug_abbrev   0x00000000     0x22ed
 .debug_abbrev  0x00000000      0x1a1 CMakeFiles/MaixPy_sim.dir/root/myproject/adam/MaixPy-K210-STM32/rtthread-nano-master/rt-thread/bsp/stm32f407-msh/Middlewares/Third_Party/RealThread_RTOS/src/clock.c.obj
 .debug_abbrev  0x000001a1      0x1dc CMakeFiles/MaixPy_sim.dir/root/myproject/adam/MaixPy-K210-STM32/rtthread-nano-master/rt-thread/bsp/stm32f407-msh/Middlewares/Third_Party/RealThread_RTOS/src/components.c.obj
 .debug_abbrev  0x0000037d      0x25d CMakeFiles/MaixPy_sim.dir/root/myproject/adam/MaixPy-K210-STM32/rtthread-nano-master/rt-thread/bsp/stm32f407-msh/Middlewares/Third_Party/RealThread_RTOS/src/idle.c.obj
 .debug_abbrev  0x000005da       0xfd CMakeFiles/MaixPy_sim.dir/root/myproject/adam/MaixPy-K210-STM32/rtthread-nano-master/rt-thread/bsp/stm32f407-msh/Middlewares/Third_Party/RealThread_RTOS/src/irq.c.obj
 .debug_abbrev  0x000006d7      0x35d CMakeFiles/MaixPy_sim.dir/root/myproject/adam/MaixPy-K210-STM32/rtthread-nano-master/rt-thread/bsp/stm32f407-msh/Middlewares/Third_Party/RealThread_RTOS/src/kservice.c.obj
 .debug_abbrev  0x00000a34      0x25d CMakeFiles/MaixPy_sim.dir/root/myproject/adam/MaixPy-K210-STM32/rtthread-nano-master/rt-thread/bsp/stm32f407-msh/Middlewares/Third_Party/RealThread_RTOS/src/object.c.obj
 .debug_abbrev  0x00000c91      0x279 CMakeFiles/MaixPy_sim.dir/root/myproject/adam/MaixPy-K210-STM32/rtthread-nano-master/rt-thread/bsp/stm32f407-msh/Middlewares/Third_Party/RealThread_RTOS/src/scheduler.c.obj
 .debug_abbrev  0x00000f0a      0x287 CMakeFiles/MaixPy_sim.dir/root/myproject/adam/MaixPy-K210-STM32/rtthread-nano-master/rt-thread/bsp/stm32f407-msh/Middlewares/Third_Party/RealThread_RTOS/src/thread.c.obj
 .debug_abbrev  0x00001191      0x28a CMakeFiles/MaixPy_sim.dir/root/myproject/adam/MaixPy-K210-STM32/rtthread-nano-master/rt-thread/bsp/stm32f407-msh/Middlewares/Third_Party/RealThread_RTOS/src/timer.c.obj
 .debug_abbrev  0x0000141b      0x25b CMakeFiles/MaixPy_sim.dir/root/myproject/adam/MaixPy-K210-STM32/rtthread-nano-master/rt-thread/bsp/stm32f407-msh/Middlewares/Third_Party/RealThread_RTOS/libcpu/arm/cortex-m4/cpuport.c.obj
 .debug_abbrev  0x00001676       0x14 CMakeFiles/MaixPy_sim.dir/root/myproject/adam/MaixPy-K210-STM32/rtthread-nano-master/rt-thread/bsp/stm32f407-msh/Middlewares/Third_Party/RealThread_RTOS/libcpu/arm/cortex-m4/context_gcc.S.obj
 .debug_abbrev  0x0000168a      0x1fa CMakeFiles/MaixPy_sim.dir/root/myproject/adam/MaixPy-K210-STM32/rtthread-nano-master/rt-thread/bsp/stm32f407-msh/Middlewares/Third_Party/RealThread_RTOS/components/device/device.c.obj
 .debug_abbrev  0x00001884      0x327 CMakeFiles/MaixPy_sim.dir/root/myproject/adam/MaixPy-K210-STM32/rtthread-nano-master/rt-thread/bsp/stm32f407-msh/Drivers/STM32F4xx_HAL_Driver/Src/stm32f4xx_hal_cortex.c.obj
 .debug_abbrev  0x00001bab       0x47 CMakeFiles/MaixPy_sim.dir/root/myproject/adam/MaixPy-K210-STM32/rtthread-nano-master/rt-thread/bsp/stm32f407-msh/Core/Src/stm32f4xx_it.c.obj
 .debug_abbrev  0x00001bf2      0x11b CMakeFiles/MaixPy_sim.dir/root/myproject/adam/MaixPy-K210-STM32/rtthread-nano-master/rt-thread/bsp/stm32f407-msh/Core/Src/system_stm32f4xx.c.obj
 .debug_abbrev  0x00001d0d      0x1e6 CMakeFiles/MaixPy_sim.dir/root/myproject/adam/MaixPy-K210-STM32/app/maix_runtime_app.c.obj
 .debug_abbrev  0x00001ef3      0x120 CMakeFiles/MaixPy_sim.dir/board_qemu.c.obj
 .debug_abbrev  0x00002013      0x136 CMakeFiles/MaixPy_sim.dir/main_qemu.c.obj
 .debug_abbrev  0x00002149       0x24 CMakeFiles/MaixPy_sim.dir/startup_stm32f407xx_qemu.s.obj
 .debug_abbrev  0x0000216d       0xc9 /usr/lib/gcc/arm-none-eabi/13.2.1/../../../arm-none-eabi/lib/thumb/v7e-m+fp/hard/libc_nano.a(libc_a-init.o)
 .debug_abbrev  0x00002236       0xb7 /usr/lib/gcc/arm-none-eabi/13.2.1/../../../arm-none-eabi/lib/thumb/v7e-m+fp/hard/libc_nano.a(libc_a-memset.o)

.debug_aranges  0x00000000      0x828
 .debug_aranges
                0x00000000       0x40 CMakeFiles/MaixPy_sim.dir/root/myproject/adam/MaixPy-K210-STM32/rtthread-nano-master/rt-thread/bsp/stm32f407-msh/Middlewares/Third_Party/RealThread_RTOS/src/clock.c.obj
 .debug_aranges
                0x00000040       0x68 CMakeFiles/MaixPy_sim.dir/root/myproject/adam/MaixPy-K210-STM32/rtthread-nano-master/rt-thread/bsp/stm32f407-msh/Middlewares/Third_Party/RealThread_RTOS/src/components.c.obj
 .debug_aranges
                0x000000a8       0x58 CMakeFiles/MaixPy_sim.dir/root/myproject/adam/MaixPy-K210-STM32/rtthread-nano-master/rt-thread/bsp/stm32f407-msh/Middlewares/Third_Party/RealThread_RTOS/src/idle.c.obj
 .debug_aranges
                0x00000100       0x30 CMakeFiles/MaixPy_sim.dir/root/myproject/adam/MaixPy-K210-STM32/rtthread-nano-master/rt-thread/bsp/stm32f407-msh/Middlewares/Third_Party/RealThread_RTOS/src/irq.c.obj
 .debug_aranges
                0x00000130      0x110 CMakeFiles/MaixPy_sim.dir/root/myproject/adam/MaixPy-K210-STM32/rtthread-nano-master/rt-thread/bsp/stm32f407-msh/Middlewares/Third_Party/RealThread_RTOS/src/kservice.c.obj
 .debug_aranges
                0x00000240       0x68 CMakeFiles/MaixPy_sim.dir/root/myproject/adam/MaixPy-K210-STM32/rtthread-nano-master/rt-thread/bsp/stm32f407-msh/Middlewares/Third_Party/RealThread_RTOS/src/object.c.obj
 .debug_aranges
                0x000002a8       0x88 CMakeFiles/MaixPy_sim.dir/root/myproject/adam/MaixPy-K210-STM32/rtthread-nano-master/rt-thread/bsp/stm32f407-msh/Middlewares/Third_Party/RealThread_RTOS/src/scheduler.c.obj
 .debug_aranges
                0x00000330       0xa8 CMakeFiles/MaixPy_sim.dir/root/myproject/adam/MaixPy-K210-STM32/rtthread-nano-master/rt-thread/bsp/stm32f407-msh/Middlewares/Third_Party/RealThread_RTOS/src/thread.c.obj
 .debug_aranges
                0x000003d8       0x98 CMakeFiles/MaixPy_sim.dir/root/myproject/adam/MaixPy-K210-STM32/rtthread-nano-master/rt-thread/bsp/stm32f407-msh/Middlewares/Third_Party/RealThread_RTOS/src/timer.c.obj
 .debug_aranges
                0x00000470       0x60 CMakeFiles/MaixPy_sim.dir/root/myproject/adam/MaixPy-K210-STM32/rtthread-nano-master/rt-thread/bsp/stm32f407-msh/Middlewares/Third_Party/RealThread_RTOS/libcpu/arm/cortex-m4/cpuport.c.obj
 .debug_aranges
                0x000004d0       0x20 CMakeFiles/MaixPy_sim.dir/root/myproject/adam/MaixPy-K210-STM32/rtthread-nano-master/rt-thread/bsp/stm32f407-msh/Middlewares/Third_Party/RealThread_RTOS/libcpu/arm/cortex-m4/context_gcc.S.obj
 .debug_aranges
                0x000004f0       0x70 CMakeFiles/MaixPy_sim.dir/root/myproject/adam/MaixPy-K210-STM32/rtthread-nano-master/rt-thread/bsp/stm32f407-msh/Middlewares/Third_Party/RealThread_RTOS/components/device/device.c.obj
 .debug_aranges
                0x00000560      0x118 CMakeFiles/MaixPy_sim.dir/root/myproject/adam/MaixPy-K210-STM32/rtthread-nano-master/rt-thread/bsp/stm32f407-msh/Drivers/STM32F4xx_HAL_Driver/Src/stm32f4xx_hal_cortex.c.obj
 .debug_aranges
                0x00000678       0x40 CMakeFiles/MaixPy_sim.dir/root/myproject/adam/MaixPy-K210-STM32/rtthread-nano-master/rt-thread/bsp/stm32f407-msh/Core/Src/stm32f4xx_it.c.obj
 .debug_aranges
                0x000006b8       0x28 CMakeFiles/MaixPy_sim.dir/root/myproject/adam/MaixPy-K210-STM32/rtthread-nano-master/rt-thread/bsp/stm32f407-msh/Core/Src/system_stm32f4xx.c.obj
 .debug_aranges
                0x000006e0       0x58 CMakeFiles/MaixPy_sim.dir/root/myproject/adam/MaixPy-K210-STM32/app/maix_runtime_app.c.obj
 .debug_aranges
                0x00000738       0x48 CMakeFiles/MaixPy_sim.dir/board_qemu.c.obj
 .debug_aranges
                0x00000780       0x40 CMakeFiles/MaixPy_sim.dir/main_qemu.c.obj
 .debug_aranges
                0x000007c0       0x28 CMakeFiles/MaixPy_sim.dir/startup_stm32f407xx_qemu.s.obj
 .debug_aranges
                0x000007e8       0x20 /usr/lib/gcc/arm-none-eabi/13.2.1/../../../arm-none-eabi/lib/thumb/v7e-m+fp/hard/libc_nano.a(libc_a-init.o)
 .debug_aranges
                0x00000808       0x20 /usr/lib/gcc/arm-none-eabi/13.2.1/../../../arm-none-eabi/lib/thumb/v7e-m+fp/hard/libc_nano.a(libc_a-memset.o)

.debug_rnglists
                0x00000000      0x5d9
 .debug_rnglists
                0x00000000       0x2b CMakeFiles/MaixPy_sim.dir/root/myproject/adam/MaixPy-K210-STM32/rtthread-nano-master/rt-thread/bsp/stm32f407-msh/Middlewares/Third_Party/RealThread_RTOS/src/clock.c.obj
 .debug_rnglists
                0x0000002b       0x49 CMakeFiles/MaixPy_sim.dir/root/myproject/adam/MaixPy-K210-STM32/rtthread-nano-master/rt-thread/bsp/stm32f407-msh/Middlewares/Third_Party/RealThread_RTOS/src/components.c.obj
 .debug_rnglists
                0x00000074       0x4a CMakeFiles/MaixPy_sim.dir/root/myproject/adam/MaixPy-K210-STM32/rtthread-nano-master/rt-thread/bsp/stm32f407-msh/Middlewares/Third_Party/RealThread_RTOS/src/idle.c.obj
 .debug_rnglists
                0x000000be       0x1f CMakeFiles/MaixPy_sim.dir/root/myproject/adam/MaixPy-K210-STM32/rtthread-nano-master/rt-thread/bsp/stm32f407-msh/Middlewares/Third_Party/RealThread_RTOS/src/irq.c.obj
 .debug_rnglists
                0x000000dd       0xcc CMakeFiles/MaixPy_sim.dir/root/myproject/adam/MaixPy-K210-STM32/rtthread-nano-master/rt-thread/bsp/stm32f407-msh/Middlewares/Third_Party/RealThread_RTOS/src/kservice.c.obj
 .debug_rnglists
                0x000001a9       0x4a CMakeFiles/MaixPy_sim.dir/root/myproject/adam/MaixPy-K210-STM32/rtthread-nano-master/rt-thread/bsp/stm32f407-msh/Middlewares/Third_Party/RealThread_RTOS/src/object.c.obj
 .debug_rnglists
                0x000001f3       0x81 CMakeFiles/MaixPy_sim.dir/root/myproject/adam/MaixPy-K210-STM32/rtthread-nano-master/rt-thread/bsp/stm32f407-msh/Middlewares/Third_Party/RealThread_RTOS/src/scheduler.c.obj
 .debug_rnglists
                0x00000274       0x7c CMakeFiles/MaixPy_sim.dir/root/myproject/adam/MaixPy-K210-STM32/rtthread-nano-master/rt-thread/bsp/stm32f407-msh/Middlewares/Third_Party/RealThread_RTOS/src/thread.c.obj
 .debug_rnglists
                0x000002f0       0x7c CMakeFiles/MaixPy_sim.dir/root/myproject/adam/MaixPy-K210-STM32/rtthread-nano-master/rt-thread/bsp/stm32f407-msh/Middlewares/Third_Party/RealThread_RTOS/src/timer.c.obj
 .debug_rnglists
                0x0000036c       0x56 CMakeFiles/MaixPy_sim.dir/root/myproject/adam/MaixPy-K210-STM32/rtthread-nano-master/rt-thread/bsp/stm32f407-msh/Middlewares/Third_Party/RealThread_RTOS/libcpu/arm/cortex-m4/cpuport.c.obj
 .debug_rnglists
                0x000003c2       0x50 CMakeFiles/MaixPy_sim.dir/root/myproject/adam/MaixPy-K210-STM32/rtthread-nano-master/rt-thread/bsp/stm32f407-msh/Middlewares/Third_Party/RealThread_RTOS/components/device/device.c.obj
 .debug_rnglists
                0x00000412       0xce CMakeFiles/MaixPy_sim.dir/root/myproject/adam/MaixPy-K210-STM32/rtthread-nano-master/rt-thread/bsp/stm32f407-msh/Drivers/STM32F4xx_HAL_Driver/Src/stm32f4xx_hal_cortex.c.obj
 .debug_rnglists
                0x000004e0       0x2b CMakeFiles/MaixPy_sim.dir/root/myproject/adam/MaixPy-K210-STM32/rtthread-nano-master/rt-thread/bsp/stm32f407-msh/Core/Src/stm32f4xx_it.c.obj
 .debug_rnglists
                0x0000050b       0x1a CMakeFiles/MaixPy_sim.dir/root/myproject/adam/MaixPy-K210-STM32/rtthread-nano-master/rt-thread/bsp/stm32f407-msh/Core/Src/system_stm32f4xx.c.obj
 .debug_rnglists
                0x00000525       0x3f CMakeFiles/MaixPy_sim.dir/root/myproject/adam/MaixPy-K210-STM32/app/maix_runtime_app.c.obj
 .debug_rnglists
                0x00000564       0x31 CMakeFiles/MaixPy_sim.dir/board_qemu.c.obj
 .debug_rnglists
                0x00000595       0x2b CMakeFiles/MaixPy_sim.dir/main_qemu.c.obj
 .debug_rnglists
                0x000005c0       0x19 CMakeFiles/MaixPy_sim.dir/startup_stm32f407xx_qemu.s.obj

.debug_macro    0x00000000     0x2290
 .debug_macro   0x00000000       0x97 CMakeFiles/MaixPy_sim.dir/root/myproject/adam/MaixPy-K210-STM32/rtthread-nano-master/rt-thread/bsp/stm32f407-msh/Middlewares/Third_Party/RealThread_RTOS/src/clock.c.obj
 .debug_macro   0x00000097      0xae4 CMakeFiles/MaixPy_sim.dir/root/myproject/adam/MaixPy-K210-STM32/rtthread-nano-master/rt-thread/bsp/stm32f407-msh/Middlewares/Third_Party/RealThread_RTOS/src/clock.c.obj
 .debug_macro   0x00000b7b       0x5a CMakeFiles/MaixPy_sim.dir/root/myproject/adam/MaixPy-K210-STM32/rtthread-nano-master/rt-thread/bsp/stm32f407-msh/Middlewares/Third_Party/RealThread_RTOS/src/clock.c.obj
 .debug_macro   0x00000bd5       0x34 CMakeFiles/MaixPy_sim.dir/root/myproject/adam/MaixPy-K210-STM32/rtthread-nano-master/rt-thread/bsp/stm32f407-msh/Middlewares/Third_Party/RealThread_RTOS/src/clock.c.obj
 .debug_macro   0x00000c09       0x2d CMakeFiles/MaixPy_sim.dir/root/myproject/adam/MaixPy-K210-STM32/rtthread-nano-master/rt-thread/bsp/stm32f407-msh/Middlewares/Third_Party/RealThread_RTOS/src/clock.c.obj
 .debug_macro   0x00000c36       0x58 CMakeFiles/MaixPy_sim.dir/root/myproject/adam/MaixPy-K210-STM32/rtthread-nano-master/rt-thread/bsp/stm32f407-msh/Middlewares/Third_Party/RealThread_RTOS/src/clock.c.obj
 .debug_macro   0x00000c8e      0x40b CMakeFiles/MaixPy_sim.dir/root/myproject/adam/MaixPy-K210-STM32/rtthread-nano-master/rt-thread/bsp/stm32f407-msh/Middlewares/Third_Party/RealThread_RTOS/src/clock.c.obj
 .debug_macro   0x00001099       0x69 CMakeFiles/MaixPy_sim.dir/root/myproject/adam/MaixPy-K210-STM32/rtthread-nano-master/rt-thread/bsp/stm32f407-msh/Middlewares/Third_Party/RealThread_RTOS/src/clock.c.obj
 .debug_macro   0x00001102       0x2e CMakeFiles/MaixPy_sim.dir/root/myproject/adam/MaixPy-K210-STM32/rtthread-nano-master/rt-thread/bsp/stm32f407-msh/Middlewares/Third_Party/RealThread_RTOS/src/clock.c.obj
 .debug_macro   0x00001130       0x30 CMakeFiles/MaixPy_sim.dir/root/myproject/adam/MaixPy-K210-STM32/rtthread-nano-master/rt-thread/bsp/stm32f407-msh/Middlewares/Third_Party/RealThread_RTOS/src/clock.c.obj
 .debug_macro   0x00001160       0x3e CMakeFiles/MaixPy_sim.dir/root/myproject/adam/MaixPy-K210-STM32/rtthread-nano-master/rt-thread/bsp/stm32f407-msh/Middlewares/Third_Party/RealThread_RTOS/src/clock.c.obj
 .debug_macro   0x0000119e       0x97 CMakeFiles/MaixPy_sim.dir/root/myproject/adam/MaixPy-K210-STM32/rtthread-nano-master/rt-thread/bsp/stm32f407-msh/Middlewares/Third_Party/RealThread_RTOS/src/components.c.obj
 .debug_macro   0x00001235       0x9d CMakeFiles/MaixPy_sim.dir/root/myproject/adam/MaixPy-K210-STM32/rtthread-nano-master/rt-thread/bsp/stm32f407-msh/Middlewares/Third_Party/RealThread_RTOS/src/idle.c.obj
 .debug_macro   0x000012d2       0x9d CMakeFiles/MaixPy_sim.dir/root/myproject/adam/MaixPy-K210-STM32/rtthread-nano-master/rt-thread/bsp/stm32f407-msh/Middlewares/Third_Party/RealThread_RTOS/src/irq.c.obj
 .debug_macro   0x0000136f      0x132 CMakeFiles/MaixPy_sim.dir/root/myproject/adam/MaixPy-K210-STM32/rtthread-nano-master/rt-thread/bsp/stm32f407-msh/Middlewares/Third_Party/RealThread_RTOS/src/kservice.c.obj
 .debug_macro   0x000014a1       0xb0 CMakeFiles/MaixPy_sim.dir/root/myproject/adam/MaixPy-K210-STM32/rtthread-nano-master/rt-thread/bsp/stm32f407-msh/Middlewares/Third_Party/RealThread_RTOS/src/object.c.obj
 .debug_macro   0x00001551       0x97 CMakeFiles/MaixPy_sim.dir/root/myproject/adam/MaixPy-K210-STM32/rtthread-nano-master/rt-thread/bsp/stm32f407-msh/Middlewares/Third_Party/RealThread_RTOS/src/scheduler.c.obj
 .debug_macro   0x000015e8       0xac CMakeFiles/MaixPy_sim.dir/root/myproject/adam/MaixPy-K210-STM32/rtthread-nano-master/rt-thread/bsp/stm32f407-msh/Middlewares/Third_Party/RealThread_RTOS/src/thread.c.obj
 .debug_macro   0x00001694       0xa3 CMakeFiles/MaixPy_sim.dir/root/myproject/adam/MaixPy-K210-STM32/rtthread-nano-master/rt-thread/bsp/stm32f407-msh/Middlewares/Third_Party/RealThread_RTOS/src/timer.c.obj
 .debug_macro   0x00001737       0xc7 CMakeFiles/MaixPy_sim.dir/root/myproject/adam/MaixPy-K210-STM32/rtthread-nano-master/rt-thread/bsp/stm32f407-msh/Middlewares/Third_Party/RealThread_RTOS/libcpu/arm/cortex-m4/cpuport.c.obj
 .debug_macro   0x000017fe       0xa6 CMakeFiles/MaixPy_sim.dir/root/myproject/adam/MaixPy-K210-STM32/rtthread-nano-master/rt-thread/bsp/stm32f407-msh/Middlewares/Third_Party/RealThread_RTOS/components/device/device.c.obj
 .debug_macro   0x000018a4      0x171 CMakeFiles/MaixPy_sim.dir/root/myproject/adam/MaixPy-K210-STM32/rtthread-nano-master/rt-thread/bsp/stm32f407-msh/Drivers/STM32F4xx_HAL_Driver/Src/stm32f4xx_hal_cortex.c.obj
 .debug_macro   0x00001a15      0x18a CMakeFiles/MaixPy_sim.dir/root/myproject/adam/MaixPy-K210-STM32/rtthread-nano-master/rt-thread/bsp/stm32f407-msh/Core/Src/stm32f4xx_it.c.obj
 .debug_macro   0x00001b9f      0x171 CMakeFiles/MaixPy_sim.dir/root/myproject/adam/MaixPy-K210-STM32/rtthread-nano-master/rt-thread/bsp/stm32f407-msh/Core/Src/system_stm32f4xx.c.obj
 .debug_macro   0x00001d10      0x185 CMakeFiles/MaixPy_sim.dir/root/myproject/adam/MaixPy-K210-STM32/app/maix_runtime_app.c.obj
 .debug_macro   0x00001e95      0x200 CMakeFiles/MaixPy_sim.dir/board_qemu.c.obj
 .debug_macro   0x00002095      0x1fb CMakeFiles/MaixPy_sim.dir/main_qemu.c.obj

.debug_line     0x00000000     0x6f18
 .debug_line    0x00000000      0x38e CMakeFiles/MaixPy_sim.dir/root/myproject/adam/MaixPy-K210-STM32/rtthread-nano-master/rt-thread/bsp/stm32f407-msh/Middlewares/Third_Party/RealThread_RTOS/src/clock.c.obj
 .debug_line    0x0000038e      0x408 CMakeFiles/MaixPy_sim.dir/root/myproject/adam/MaixPy-K210-STM32/rtthread-nano-master/rt-thread/bsp/stm32f407-msh/Middlewares/Third_Party/RealThread_RTOS/src/components.c.obj
 .debug_line    0x00000796      0x41d CMakeFiles/MaixPy_sim.dir/root/myproject/adam/MaixPy-K210-STM32/rtthread-nano-master/rt-thread/bsp/stm32f407-msh/Middlewares/Third_Party/RealThread_RTOS/src/idle.c.obj
 .debug_line    0x00000bb3      0x32b CMakeFiles/MaixPy_sim.dir/root/myproject/adam/MaixPy-K210-STM32/rtthread-nano-master/rt-thread/bsp/stm32f407-msh/Middlewares/Third_Party/RealThread_RTOS/src/irq.c.obj
 .debug_line    0x00000ede      0xda7 CMakeFiles/MaixPy_sim.dir/root/myproject/adam/MaixPy-K210-STM32/rtthread-nano-master/rt-thread/bsp/stm32f407-msh/Middlewares/Third_Party/RealThread_RTOS/src/kservice.c.obj
 .debug_line    0x00001c85      0x521 CMakeFiles/MaixPy_sim.dir/root/myproject/adam/MaixPy-K210-STM32/rtthread-nano-master/rt-thread/bsp/stm32f407-msh/Middlewares/Third_Party/RealThread_RTOS/src/object.c.obj
 .debug_line    0x000021a6      0x5e5 CMakeFiles/MaixPy_sim.dir/root/myproject/adam/MaixPy-K210-STM32/rtthread-nano-master/rt-thread/bsp/stm32f407-msh/Middlewares/Third_Party/RealThread_RTOS/src/scheduler.c.obj
 .debug_line    0x0000278b      0x663 CMakeFiles/MaixPy_sim.dir/root/myproject/adam/MaixPy-K210-STM32/rtthread-nano-master/rt-thread/bsp/stm32f407-msh/Middlewares/Third_Party/RealThread_RTOS/src/thread.c.obj
 .debug_line    0x00002dee      0x6c7 CMakeFiles/MaixPy_sim.dir/root/myproject/adam/MaixPy-K210-STM32/rtthread-nano-master/rt-thread/bsp/stm32f407-msh/Middlewares/Third_Party/RealThread_RTOS/src/timer.c.obj
 .debug_line    0x000034b5      0x562 CMakeFiles/MaixPy_sim.dir/root/myproject/adam/MaixPy-K210-STM32/rtthread-nano-master/rt-thread/bsp/stm32f407-msh/Middlewares/Third_Party/RealThread_RTOS/libcpu/arm/cortex-m4/cpuport.c.obj
 .debug_line    0x00003a17       0xc5 CMakeFiles/MaixPy_sim.dir/root/myproject/adam/MaixPy-K210-STM32/rtthread-nano-master/rt-thread/bsp/stm32f407-msh/Middlewares/Third_Party/RealThread_RTOS/libcpu/arm/cortex-m4/context_gcc.S.obj
 .debug_line    0x00003adc      0x4e7 CMakeFiles/MaixPy_sim.dir/root/myproject/adam/MaixPy-K210-STM32/rtthread-nano-master/rt-thread/bsp/stm32f407-msh/Middlewares/Third_Party/RealThread_RTOS/components/device/device.c.obj
 .debug_line    0x00003fc3      0xb0c CMakeFiles/MaixPy_sim.dir/root/myproject/adam/MaixPy-K210-STM32/rtthread-nano-master/rt-thread/bsp/stm32f407-msh/Drivers/STM32F4xx_HAL_Driver/Src/stm32f4xx_hal_cortex.c.obj
 .debug_line    0x00004acf      0x5eb CMakeFiles/MaixPy_sim.dir/root/myproject/adam/MaixPy-K210-STM32/rtthread-nano-master/rt-thread/bsp/stm32f407-msh/Core/Src/stm32f4xx_it.c.obj
 .debug_line    0x000050ba      0x614 CMakeFiles/MaixPy_sim.dir/root/myproject/adam/MaixPy-K210-STM32/rtthread-nano-master/rt-thread/bsp/stm32f407-msh/Core/Src/system_stm32f4xx.c.obj
 .debug_line    0x000056ce      0x535 CMakeFiles/MaixPy_sim.dir/root/myproject/adam/MaixPy-K210-STM32/app/maix_runtime_app.c.obj
 .debug_line    0x00005c03      0x7c4 CMakeFiles/MaixPy_sim.dir/board_qemu.c.obj
 .debug_line    0x000063c7      0x803 CMakeFiles/MaixPy_sim.dir/main_qemu.c.obj
 .debug_line    0x00006bca       0x7a CMakeFiles/MaixPy_sim.dir/startup_stm32f407xx_qemu.s.obj
 .debug_line    0x00006c44      0x11e /usr/lib/gcc/arm-none-eabi/13.2.1/../../../arm-none-eabi/lib/thumb/v7e-m+fp/hard/libc_nano.a(libc_a-init.o)
 .debug_line    0x00006d62      0x1b6 /usr/lib/gcc/arm-none-eabi/13.2.1/../../../arm-none-eabi/lib/thumb/v7e-m+fp/hard/libc_nano.a(libc_a-memset.o)

.debug_str      0x00000000    0xc4653
 .debug_str     0x00000000    0xc4653 CMakeFiles/MaixPy_sim.dir/root/myproject/adam/MaixPy-K210-STM32/rtthread-nano-master/rt-thread/bsp/stm32f407-msh/Middlewares/Third_Party/RealThread_RTOS/src/clock.c.obj
                               0x5431 (size before relaxing)
 .debug_str     0x000c4653     0x554f CMakeFiles/MaixPy_sim.dir/root/myproject/adam/MaixPy-K210-STM32/rtthread-nano-master/rt-thread/bsp/stm32f407-msh/Middlewares/Third_Party/RealThread_RTOS/src/components.c.obj
 .debug_str     0x000c4653     0x54ea CMakeFiles/MaixPy_sim.dir/root/myproject/adam/MaixPy-K210-STM32/rtthread-nano-master/rt-thread/bsp/stm32f407-msh/Middlewares/Third_Party/RealThread_RTOS/src/idle.c.obj
 .debug_str     0x000c4653     0x5300 CMakeFiles/MaixPy_sim.dir/root/myproject/adam/MaixPy-K210-STM32/rtthread-nano-master/rt-thread/bsp/stm32f407-msh/Middlewares/Third_Party/RealThread_RTOS/src/irq.c.obj
 .debug_str     0x000c4653     0x5c1e CMakeFiles/MaixPy_sim.dir/root/myproject/adam/MaixPy-K210-STM32/rtthread-nano-master/rt-thread/bsp/stm32f407-msh/Middlewares/Third_Party/RealThread_RTOS/src/kservice.c.obj
 .debug_str     0x000c4653     0x57e9 CMakeFiles/MaixPy_sim.dir/root/myproject/adam/MaixPy-K210-STM32/rtthread-nano-master/rt-thread/bsp/stm32f407-msh/Middlewares/Third_Party/RealThread_RTOS/src/object.c.obj
 .debug_str     0x000c4653     0x56a9 CMakeFiles/MaixPy_sim.dir/root/myproject/adam/MaixPy-K210-STM32/rtthread-nano-master/rt-thread/bsp/stm32f407-msh/Middlewares/Third_Party/RealThread_RTOS/src/scheduler.c.obj
 .debug_str     0x000c4653     0x5be8 CMakeFiles/MaixPy_sim.dir/root/myproject/adam/MaixPy-K210-STM32/rtthread-nano-master/rt-thread/bsp/stm32f407-msh/Middlewares/Third_Party/RealThread_RTOS/src/thread.c.obj
 .debug_str     0x000c4653     0x5746 CMakeFiles/MaixPy_sim.dir/root/myproject/adam/MaixPy-K210-STM32/rtthread-nano-master/rt-thread/bsp/stm32f407-msh/Middlewares/Third_Party/RealThread_RTOS/src/timer.c.obj
 .debug_str     0x000c4653     0x552e CMakeFiles/MaixPy_sim.dir/root/myproject/adam/MaixPy-K210-STM32/rtthread-nano-master/rt-thread/bsp/stm32f407-msh/Middlewares/Third_Party/RealThread_RTOS/libcpu/arm/cortex-m4/cpuport.c.obj