Archive member included to satisfy reference by file (symbol)

components/drivers/stm32/libstm32_drivers.a(main.c.obj)
                              CMakeFiles/maix_hal_module.dir/app/maix_runtime_app.c.obj (maix_board_app_init)
components/drivers/stm32/libstm32_drivers.a(stm32f4xx_hal_gpio.c.obj)
                              components/drivers/stm32/libstm32_drivers.a(main.c.obj) (HAL_GPIO_Init)
rtos/librtthread_nano.a(clock.c.obj)
                              CMakeFiles/maix_hal_module.dir/app/maix_runtime_app.c.obj (rt_tick_get)
rtos/librtthread_nano.a(kservice.c.obj)
                              CMakeFiles/maix_hal_module.dir/app/maix_runtime_app.c.obj (rt_kprintf)
rtos/librtthread_nano.a(scheduler.c.obj)
                              rtos/librtthread_nano.a(clock.c.obj) (rt_schedule)
rtos/librtthread_nano.a(thread.c.obj)
                              rtos/librtthread_nano.a(clock.c.obj) (rt_thread_self)
rtos/librtthread_nano.a(timer.c.obj)
                              rtos/librtthread_nano.a(thread.c.obj) (rt_timer_init)
rtos/librtthread_nano.a(cpuport.c.obj)
                              rtos/librtthread_nano.a(thread.c.obj) (rt_hw_stack_init)
rtos/librtthread_nano.a(context_gcc.S.obj)
                              rtos/librtthread_nano.a(clock.c.obj) (rt_hw_interrupt_disable)
rtos/librtthread_nano.a(device.c.obj)
                              rtos/librtthread_nano.a(kservice.c.obj) (rt_device_find)
rtos/librtthread_nano.a(idle.c.obj)
                              rtos/librtthread_nano.a(thread.c.obj) (rt_thread_defunct_enqueue)
rtos/librtthread_nano.a(irq.c.obj)
                              rtos/librtthread_nano.a(scheduler.c.obj) (rt_interrupt_nest)
rtos/librtthread_nano.a(object.c.obj)
                              rtos/librtthread_nano.a(thread.c.obj) (rt_object_init)
/usr/lib/gcc/arm-none-eabi/13.2.1/../../../arm-none-eabi/lib/thumb/v7e-m+fp/hard/libc_nano.a(libc_a-init.o)
                              /usr/lib/gcc/arm-none-eabi/13.2.1/../../../arm-none-eabi/lib/thumb/v7e-m+fp/hard/crt0.o (__libc_init_array)
/usr/lib/gcc/arm-none-eabi/13.2.1/../../../arm-none-eabi/lib/thumb/v7e-m+fp/hard/libc_nano.a(libc_a-memset.o)
                              /usr/lib/gcc/arm-none-eabi/13.2.1/../../../arm-none-eabi/lib/thumb/v7e-m+fp/hard/crt0.o (memset)
/usr/lib/gcc/arm-none-eabi/13.2.1/../../../arm-none-eabi/lib/thumb/v7e-m+fp/hard/libc_nano.a(libc_a-errno.o)
                              CMakeFiles/maix_hal_module.dir/components/drivers/stm32/stm32_syscalls.c.obj (__errno)
/usr/lib/gcc/arm-none-eabi/13.2.1/../../../arm-none-eabi/lib/thumb/v7e-m+fp/hard/libc_nano.a(libc_a-exit.o)
                              /usr/lib/gcc/arm-none-eabi/13.2.1/../../../arm-none-eabi/lib/thumb/v7e-m+fp/hard/crt0.o (exit)
/usr/lib/gcc/arm-none-eabi/13.2.1/../../../arm-none-eabi/lib/thumb/v7e-m+fp/hard/libc_nano.a(libc_a-atexit.o)
                              /usr/lib/gcc/arm-none-eabi/13.2.1/../../../arm-none-eabi/lib/thumb/v7e-m+fp/hard/crt0.o (atexit)
/usr/lib/gcc/arm-none-eabi/13.2.1/../../../arm-none-eabi/lib/thumb/v7e-m+fp/hard/libc_nano.a(libc_a-fini.o)
                              /usr/lib/gcc/arm-none-eabi/13.2.1/../../../arm-none-eabi/lib/thumb/v7e-m+fp/hard/crt0.o (__libc_fini_array)
/usr/lib/gcc/arm-none-eabi/13.2.1/../../../arm-none-eabi/lib/thumb/v7e-m+fp/hard/libc_nano.a(libc_a-impure.o)
                              /usr/lib/gcc/arm-none-eabi/13.2.1/../../../arm-none-eabi/lib/thumb/v7e-m+fp/hard/libc_nano.a(libc_a-errno.o) (_impure_ptr)
/usr/lib/gcc/arm-none-eabi/13.2.1/../../../arm-none-eabi/lib/thumb/v7e-m+fp/hard/libc_nano.a(libc_a-findfp.o)
                              /usr/lib/gcc/arm-none-eabi/13.2.1/../../../arm-none-eabi/lib/thumb/v7e-m+fp/hard/libc_nano.a(libc_a-exit.o) (__stdio_exit_handler)
/usr/lib/gcc/arm-none-eabi/13.2.1/../../../arm-none-eabi/lib/thumb/v7e-m+fp/hard/libc_nano.a(libc_a-fflush.o)
                              /usr/lib/gcc/arm-none-eabi/13.2.1/../../../arm-none-eabi/lib/thumb/v7e-m+fp/hard/libc_nano.a(libc_a-findfp.o) (_fflush_r)
/usr/lib/gcc/arm-none-eabi/13.2.1/../../../arm-none-eabi/lib/thumb/v7e-m+fp/hard/libc_nano.a(libc_a-mallocr.o)
                              /usr/lib/gcc/arm-none-eabi/13.2.1/../../../arm-none-eabi/lib/thumb/v7e-m+fp/hard/libc_nano.a(libc_a-findfp.o) (_malloc_r)
/usr/lib/gcc/arm-none-eabi/13.2.1/../../../arm-none-eabi/lib/thumb/v7e-m+fp/hard/libc_nano.a(libc_a-freer.o)
                              /usr/lib/gcc/arm-none-eabi/13.2.1/../../../arm-none-eabi/lib/thumb/v7e-m+fp/hard/libc_nano.a(libc_a-fflush.o) (_free_r)
/usr/lib/gcc/arm-none-eabi/13.2.1/../../../arm-none-eabi/lib/thumb/v7e-m+fp/hard/libc_nano.a(libc_a-fwalk.o)
                              /usr/lib/gcc/arm-none-eabi/13.2.1/../../../arm-none-eabi/lib/thumb/v7e-m+fp/hard/libc_nano.a(libc_a-findfp.o) (_fwalk_sglue)
/usr/lib/gcc/arm-none-eabi/13.2.1/../../../arm-none-eabi/lib/thumb/v7e-m+fp/hard/libc_nano.a(libc_a-__atexit.o)
                              /usr/lib/gcc/arm-none-eabi/13.2.1/../../../arm-none-eabi/lib/thumb/v7e-m+fp/hard/libc_nano.a(libc_a-atexit.o) (__register_exitproc)
/usr/lib/gcc/arm-none-eabi/13.2.1/../../../arm-none-eabi/lib/thumb/v7e-m+fp/hard/libc_nano.a(libc_a-mlock.o)
                              /usr/lib/gcc/arm-none-eabi/13.2.1/../../../arm-none-eabi/lib/thumb/v7e-m+fp/hard/libc_nano.a(libc_a-mallocr.o) (__malloc_lock)
/usr/lib/gcc/arm-none-eabi/13.2.1/../../../arm-none-eabi/lib/thumb/v7e-m+fp/hard/libc_nano.a(libc_a-sbrkr.o)
                              /usr/lib/gcc/arm-none-eabi/13.2.1/../../../arm-none-eabi/lib/thumb/v7e-m+fp/hard/libc_nano.a(libc_a-mallocr.o) (_sbrk_r)
/usr/lib/gcc/arm-none-eabi/13.2.1/../../../arm-none-eabi/lib/thumb/v7e-m+fp/hard/libc_nano.a(libc_a-stdio.o)
                              /usr/lib/gcc/arm-none-eabi/13.2.1/../../../arm-none-eabi/lib/thumb/v7e-m+fp/hard/libc_nano.a(libc_a-findfp.o) (__sread)
/usr/lib/gcc/arm-none-eabi/13.2.1/../../../arm-none-eabi/lib/thumb/v7e-m+fp/hard/libc_nano.a(libc_a-closer.o)
                              /usr/lib/gcc/arm-none-eabi/13.2.1/../../../arm-none-eabi/lib/thumb/v7e-m+fp/hard/libc_nano.a(libc_a-stdio.o) (_close_r)
/usr/lib/gcc/arm-none-eabi/13.2.1/../../../arm-none-eabi/lib/thumb/v7e-m+fp/hard/libc_nano.a(libc_a-__call_atexit.o)
                              /usr/lib/gcc/arm-none-eabi/13.2.1/../../../arm-none-eabi/lib/thumb/v7e-m+fp/hard/libc_nano.a(libc_a-__atexit.o) (__call_exitprocs)
/usr/lib/gcc/arm-none-eabi/13.2.1/../../../arm-none-eabi/lib/thumb/v7e-m+fp/hard/libc_nano.a(libc_a-readr.o)
                              /usr/lib/gcc/arm-none-eabi/13.2.1/../../../arm-none-eabi/lib/thumb/v7e-m+fp/hard/libc_nano.a(libc_a-stdio.o) (_read_r)
/usr/lib/gcc/arm-none-eabi/13.2.1/../../../arm-none-eabi/lib/thumb/v7e-m+fp/hard/libc_nano.a(libc_a-reent.o)
                              /usr/lib/gcc/arm-none-eabi/13.2.1/../../../arm-none-eabi/lib/thumb/v7e-m+fp/hard/libc_nano.a(libc_a-sbrkr.o) (errno)
/usr/lib/gcc/arm-none-eabi/13.2.1/../../../arm-none-eabi/lib/thumb/v7e-m+fp/hard/libc_nano.a(libc_a-lseekr.o)
                              /usr/lib/gcc/arm-none-eabi/13.2.1/../../../arm-none-eabi/lib/thumb/v7e-m+fp/hard/libc_nano.a(libc_a-stdio.o) (_lseek_r)
/usr/lib/gcc/arm-none-eabi/13.2.1/../../../arm-none-eabi/lib/thumb/v7e-m+fp/hard/libc_nano.a(libc_a-writer.o)
                              /usr/lib/gcc/arm-none-eabi/13.2.1/../../../arm-none-eabi/lib/thumb/v7e-m+fp/hard/libc_nano.a(libc_a-stdio.o) (_write_r)
/usr/lib/gcc/arm-none-eabi/13.2.1/../../../arm-none-eabi/lib/thumb/v7e-m+fp/hard/libnosys.a(sbrk.o)
                              /usr/lib/gcc/arm-none-eabi/13.2.1/../../../arm-none-eabi/lib/thumb/v7e-m+fp/hard/libc_nano.a(libc_a-sbrkr.o) (_sbrk)

Discarded input sections

 .text          0x00000000        0x0 /usr/lib/gcc/arm-none-eabi/13.2.1/thumb/v7e-m+fp/hard/crti.o
 .data          0x00000000        0x0 /usr/lib/gcc/arm-none-eabi/13.2.1/thumb/v7e-m+fp/hard/crti.o
 .bss           0x00000000        0x0 /usr/lib/gcc/arm-none-eabi/13.2.1/thumb/v7e-m+fp/hard/crti.o
 .data          0x00000000        0x4 /usr/lib/gcc/arm-none-eabi/13.2.1/thumb/v7e-m+fp/hard/crtbegin.o
 .rodata        0x00000000       0x24 /usr/lib/gcc/arm-none-eabi/13.2.1/thumb/v7e-m+fp/hard/crtbegin.o
 .text          0x00000000       0x70 /usr/lib/gcc/arm-none-eabi/13.2.1/../../../arm-none-eabi/lib/thumb/v7e-m+fp/hard/crt0.o
 .data          0x00000000        0x0 /usr/lib/gcc/arm-none-eabi/13.2.1/../../../arm-none-eabi/lib/thumb/v7e-m+fp/hard/crt0.o
 .bss           0x00000000        0x0 /usr/lib/gcc/arm-none-eabi/13.2.1/../../../arm-none-eabi/lib/thumb/v7e-m+fp/hard/crt0.o
 .ARM.extab     0x00000000        0x0 /usr/lib/gcc/arm-none-eabi/13.2.1/../../../arm-none-eabi/lib/thumb/v7e-m+fp/hard/crt0.o
 .ARM.exidx     0x00000000       0x10 /usr/lib/gcc/arm-none-eabi/13.2.1/../../../arm-none-eabi/lib/thumb/v7e-m+fp/hard/crt0.o
 .debug_line    0x00000000       0x75 /usr/lib/gcc/arm-none-eabi/13.2.1/../../../arm-none-eabi/lib/thumb/v7e-m+fp/hard/crt0.o
 .debug_line_str
                0x00000000       0x82 /usr/lib/gcc/arm-none-eabi/13.2.1/../../../arm-none-eabi/lib/thumb/v7e-m+fp/hard/crt0.o
 .debug_info    0x00000000       0x24 /usr/lib/gcc/arm-none-eabi/13.2.1/../../../arm-none-eabi/lib/thumb/v7e-m+fp/hard/crt0.o
 .debug_abbrev  0x00000000       0x14 /usr/lib/gcc/arm-none-eabi/13.2.1/../../../arm-none-eabi/lib/thumb/v7e-m+fp/hard/crt0.o
 .debug_aranges
                0x00000000       0x20 /usr/lib/gcc/arm-none-eabi/13.2.1/../../../arm-none-eabi/lib/thumb/v7e-m+fp/hard/crt0.o
 .debug_str     0x00000000       0x8e /usr/lib/gcc/arm-none-eabi/13.2.1/../../../arm-none-eabi/lib/thumb/v7e-m+fp/hard/crt0.o
 .ARM.attributes
                0x00000000       0x20 /usr/lib/gcc/arm-none-eabi/13.2.1/../../../arm-none-eabi/lib/thumb/v7e-m+fp/hard/crt0.o
 .text          0x00000000       0x14 CMakeFiles/maix_hal_module.dir/startup/startup_stm32f407xx.s.obj
 .data          0x00000000        0x0 CMakeFiles/maix_hal_module.dir/startup/startup_stm32f407xx.s.obj
 .bss           0x00000000        0x0 CMakeFiles/maix_hal_module.dir/startup/startup_stm32f407xx.s.obj
 .text          0x00000000        0x0 CMakeFiles/maix_hal_module.dir/app/maix_runtime_app.c.obj
 .data          0x00000000        0x0 CMakeFiles/maix_hal_module.dir/app/maix_runtime_app.c.obj
 .bss           0x00000000        0x0 CMakeFiles/maix_hal_module.dir/app/maix_runtime_app.c.obj
 .text.maix_runtime_print_state
                0x00000000       0x2c CMakeFiles/maix_hal_module.dir/app/maix_runtime_app.c.obj
 .text.maix_info
                0x00000000       0x10 CMakeFiles/maix_hal_module.dir/app/maix_runtime_app.c.obj
 .rodata.name   0x00000000       0x5c CMakeFiles/maix_hal_module.dir/app/maix_runtime_app.c.obj
 FSymTab        0x00000000       0x18 CMakeFiles/maix_hal_module.dir/app/maix_runtime_app.c.obj
 .text.maix_state
                0x00000000        0xc CMakeFiles/maix_hal_module.dir/app/maix_runtime_app.c.obj
 .text          0x00000000        0x0 CMakeFiles/maix_hal_module.dir/components/drivers/stm32/stm32_syscalls.c.obj
 .data          0x00000000        0x0 CMakeFiles/maix_hal_module.dir/components/drivers/stm32/stm32_syscalls.c.obj
 .bss           0x00000000        0x0 CMakeFiles/maix_hal_module.dir/components/drivers/stm32/stm32_syscalls.c.obj
 .text.maix_stdio_uart
                0x00000000       0x14 CMakeFiles/maix_hal_module.dir/components/drivers/stm32/stm32_syscalls.c.obj
 .text._write   0x00000000       0xa2 CMakeFiles/maix_hal_module.dir/components/drivers/stm32/stm32_syscalls.c.obj
 .text._read    0x00000000       0x56 CMakeFiles/maix_hal_module.dir/components/drivers/stm32/stm32_syscalls.c.obj
 .text._close   0x00000000       0x18 CMakeFiles/maix_hal_module.dir/components/drivers/stm32/stm32_syscalls.c.obj
 .text._fstat   0x00000000       0x32 CMakeFiles/maix_hal_module.dir/components/drivers/stm32/stm32_syscalls.c.obj
 .text._isatty  0x00000000       0x2c CMakeFiles/maix_hal_module.dir/components/drivers/stm32/stm32_syscalls.c.obj
 .text._lseek   0x00000000       0x1a CMakeFiles/maix_hal_module.dir/components/drivers/stm32/stm32_syscalls.c.obj
 .text._exit    0x00000000       0x10 CMakeFiles/maix_hal_module.dir/components/drivers/stm32/stm32_syscalls.c.obj
 .text._kill    0x00000000       0x20 CMakeFiles/maix_hal_module.dir/components/drivers/stm32/stm32_syscalls.c.obj
 .text._getpid  0x00000000       0x10 CMakeFiles/maix_hal_module.dir/components/drivers/stm32/stm32_syscalls.c.obj
 .comment       0x00000000       0x27 CMakeFiles/maix_hal_module.dir/components/drivers/stm32/stm32_syscalls.c.obj
 .ARM.attributes
                0x00000000       0x34 CMakeFiles/maix_hal_module.dir/components/drivers/stm32/stm32_syscalls.c.obj
 .text          0x00000000        0x0 components/drivers/stm32/libstm32_drivers.a(main.c.obj)
 .data          0x00000000        0x0 components/drivers/stm32/libstm32_drivers.a(main.c.obj)
 .bss           0x00000000        0x0 components/drivers/stm32/libstm32_drivers.a(main.c.obj)
 .text.Error_Handler
                0x00000000        0xc components/drivers/stm32/libstm32_drivers.a(main.c.obj)
 .text          0x00000000        0x0 components/drivers/stm32/libstm32_drivers.a(stm32f4xx_hal_gpio.c.obj)
 .data          0x00000000        0x0 components/drivers/stm32/libstm32_drivers.a(stm32f4xx_hal_gpio.c.obj)
 .bss           0x00000000        0x0 components/drivers/stm32/libstm32_drivers.a(stm32f4xx_hal_gpio.c.obj)
 .text.HAL_GPIO_DeInit
                0x00000000      0x1f8 components/drivers/stm32/libstm32_drivers.a(stm32f4xx_hal_gpio.c.obj)
 .text.HAL_GPIO_ReadPin
                0x00000000       0x30 components/drivers/stm32/libstm32_drivers.a(stm32f4xx_hal_gpio.c.obj)
 .text.HAL_GPIO_LockPin
                0x00000000       0x50 components/drivers/stm32/libstm32_drivers.a(stm32f4xx_hal_gpio.c.obj)
 .text.HAL_GPIO_EXTI_IRQHandler
                0x00000000       0x30 components/drivers/stm32/libstm32_drivers.a(stm32f4xx_hal_gpio.c.obj)
 .text.HAL_GPIO_EXTI_Callback
                0x00000000       0x16 components/drivers/stm32/libstm32_drivers.a(stm32f4xx_hal_gpio.c.obj)
 .text          0x00000000        0x0 rtos/librtthread_nano.a(clock.c.obj)
 .data          0x00000000        0x0 rtos/librtthread_nano.a(clock.c.obj)
 .bss           0x00000000        0x0 rtos/librtthread_nano.a(clock.c.obj)
 .text.rt_tick_set
                0x00000000       0x28 rtos/librtthread_nano.a(clock.c.obj)
 .text.rt_tick_increase
                0x00000000       0x6c rtos/librtthread_nano.a(clock.c.obj)
 .text.rt_tick_get_millisecond
                0x00000000        0xe rtos/librtthread_nano.a(clock.c.obj)
 .text          0x00000000        0x0 rtos/librtthread_nano.a(kservice.c.obj)
 .data          0x00000000        0x0 rtos/librtthread_nano.a(kservice.c.obj)
 .bss           0x00000000        0x0 rtos/librtthread_nano.a(kservice.c.obj)
 .text.rt_hw_us_delay
                0x00000000       0x14 rtos/librtthread_nano.a(kservice.c.obj)
 .data.rt_errno_strs
                0x00000000       0x30 rtos/librtthread_nano.a(kservice.c.obj)
 .text.rt_strerror
                0x00000000       0x38 rtos/librtthread_nano.a(kservice.c.obj)
 .text.rt_get_errno
                0x00000000       0x38 rtos/librtthread_nano.a(kservice.c.obj)
 .text._rt_errno
                0x00000000       0x34 rtos/librtthread_nano.a(kservice.c.obj)
 .text.rt_memset
                0x00000000       0xb6 rtos/librtthread_nano.a(kservice.c.obj)
 .text.rt_memcpy
                0x00000000       0xd2 rtos/librtthread_nano.a(kservice.c.obj)
 .text.rt_memmove
                0x00000000       0x82 rtos/librtthread_nano.a(kservice.c.obj)
 .text.rt_memcmp
                0x00000000       0x58 rtos/librtthread_nano.a(kservice.c.obj)
 .text.rt_strstr
                0x00000000       0x5e rtos/librtthread_nano.a(kservice.c.obj)
 .text.rt_strcasecmp
                0x00000000       0x62 rtos/librtthread_nano.a(kservice.c.obj)
 .text.rt_strncpy
                0x00000000       0x64 rtos/librtthread_nano.a(kservice.c.obj)
 .text.rt_strcpy
                0x00000000       0x40 rtos/librtthread_nano.a(kservice.c.obj)
 .text.rt_strncmp
                0x00000000       0x54 rtos/librtthread_nano.a(kservice.c.obj)
 .text.rt_strcmp
                0x00000000       0x44 rtos/librtthread_nano.a(kservice.c.obj)
 .text.rt_strlen
                0x00000000       0x2e rtos/librtthread_nano.a(kservice.c.obj)
 .text.rt_strnlen
                0x00000000       0x3e rtos/librtthread_nano.a(kservice.c.obj)
 .text.rt_show_version
                0x00000000       0x4c rtos/librtthread_nano.a(kservice.c.obj)
 .text.rt_snprintf
                0x00000000       0x30 rtos/librtthread_nano.a(kservice.c.obj)
 .text.rt_vsprintf
                0x00000000       0x24 rtos/librtthread_nano.a(kservice.c.obj)
 .text.rt_sprintf
                0x00000000       0x2c rtos/librtthread_nano.a(kservice.c.obj)
 .text.rt_console_get_device
                0x00000000       0x18 rtos/librtthread_nano.a(kservice.c.obj)
 .text.rt_console_set_device
                0x00000000       0x58 rtos/librtthread_nano.a(kservice.c.obj)
 .text.rt_kputs
                0x00000000       0x44 rtos/librtthread_nano.a(kservice.c.obj)
 .text          0x00000000        0x0 rtos/librtthread_nano.a(scheduler.c.obj)
 .data          0x00000000        0x0 rtos/librtthread_nano.a(scheduler.c.obj)
 .bss           0x00000000        0x0 rtos/librtthread_nano.a(scheduler.c.obj)
 .text.rt_list_init
                0x00000000       0x22 rtos/librtthread_nano.a(scheduler.c.obj)
 .text.rt_system_scheduler_init
                0x00000000       0x48 rtos/librtthread_nano.a(scheduler.c.obj)
 .text.rt_system_scheduler_start
                0x00000000       0x3c rtos/librtthread_nano.a(scheduler.c.obj)
 .text.rt_enter_critical
                0x00000000       0x30 rtos/librtthread_nano.a(scheduler.c.obj)
 .text.rt_exit_critical
                0x00000000       0x58 rtos/librtthread_nano.a(scheduler.c.obj)
 .text.rt_critical_level
                0x00000000       0x1c rtos/librtthread_nano.a(scheduler.c.obj)
 .text          0x00000000        0x0 rtos/librtthread_nano.a(thread.c.obj)
 .data          0x00000000        0x0 rtos/librtthread_nano.a(thread.c.obj)
 .bss           0x00000000        0x0 rtos/librtthread_nano.a(thread.c.obj)
 .text.rt_list_init
                0x00000000       0x22 rtos/librtthread_nano.a(thread.c.obj)
 .text.rt_list_remove
                0x00000000       0x36 rtos/librtthread_nano.a(thread.c.obj)
 .text._thread_exit
                0x00000000       0x42 rtos/librtthread_nano.a(thread.c.obj)
 .text._thread_timeout
                0x00000000       0x3c rtos/librtthread_nano.a(thread.c.obj)
 .text._thread_init
                0x00000000       0xc0 rtos/librtthread_nano.a(thread.c.obj)
 .text.rt_thread_init
                0x00000000       0x40 rtos/librtthread_nano.a(thread.c.obj)
 .text.rt_thread_startup
                0x00000000       0x40 rtos/librtthread_nano.a(thread.c.obj)
 .text.rt_thread_detach
                0x00000000       0x5c rtos/librtthread_nano.a(thread.c.obj)
 .text.rt_thread_yield
                0x00000000       0x40 rtos/librtthread_nano.a(thread.c.obj)
 .text.rt_thread_delay
                0x00000000       0x18 rtos/librtthread_nano.a(thread.c.obj)
 .text.rt_thread_delay_until
                0x00000000       0x9a rtos/librtthread_nano.a(thread.c.obj)
 .text.rt_thread_control
                0x00000000       0xba rtos/librtthread_nano.a(thread.c.obj)
 .text.rt_thread_resume
                0x00000000       0x4c rtos/librtthread_nano.a(thread.c.obj)
 .text.rt_thread_find
                0x00000000       0x1a rtos/librtthread_nano.a(thread.c.obj)
 .text          0x00000000        0x0 rtos/librtthread_nano.a(timer.c.obj)
 .data          0x00000000        0x0 rtos/librtthread_nano.a(timer.c.obj)
 .bss           0x00000000        0x0 rtos/librtthread_nano.a(timer.c.obj)
 .text.rt_list_init
                0x00000000       0x22 rtos/librtthread_nano.a(timer.c.obj)
 .text.rt_list_isempty
                0x00000000       0x24 rtos/librtthread_nano.a(timer.c.obj)
 .text._timer_init
                0x00000000       0x6a rtos/librtthread_nano.a(timer.c.obj)
 .text._timer_list_next_timeout
                0x00000000       0x48 rtos/librtthread_nano.a(timer.c.obj)
 .text.rt_timer_init
                0x00000000       0x32 rtos/librtthread_nano.a(timer.c.obj)
 .text.rt_timer_detach
                0x00000000       0x3a rtos/librtthread_nano.a(timer.c.obj)
 .text.rt_timer_check
                0x00000000       0xe0 rtos/librtthread_nano.a(timer.c.obj)
 .text.rt_timer_next_timeout_tick
                0x00000000       0x24 rtos/librtthread_nano.a(timer.c.obj)
 .text.rt_system_timer_init
                0x00000000       0x34 rtos/librtthread_nano.a(timer.c.obj)
 .text.rt_system_timer_thread_init
                0x00000000        0xe rtos/librtthread_nano.a(timer.c.obj)
 .text          0x00000000        0x0 rtos/librtthread_nano.a(cpuport.c.obj)
 .data          0x00000000        0x0 rtos/librtthread_nano.a(cpuport.c.obj)
 .bss           0x00000000        0x0 rtos/librtthread_nano.a(cpuport.c.obj)
 .text.rt_hw_stack_init
                0x00000000       0x90 rtos/librtthread_nano.a(cpuport.c.obj)
 .text.rt_hw_exception_install
                0x00000000       0x20 rtos/librtthread_nano.a(cpuport.c.obj)
 .text.rt_hw_cpu_shutdown
                0x00000000       0x14 rtos/librtthread_nano.a(cpuport.c.obj)
 .text.rt_hw_cpu_reset
                0x00000000       0x1c rtos/librtthread_nano.a(cpuport.c.obj)
 .data          0x00000000        0x0 rtos/librtthread_nano.a(context_gcc.S.obj)
 .bss           0x00000000        0x0 rtos/librtthread_nano.a(context_gcc.S.obj)
 .text          0x00000000        0x0 rtos/librtthread_nano.a(device.c.obj)
 .data          0x00000000        0x0 rtos/librtthread_nano.a(device.c.obj)
 .bss           0x00000000        0x0 rtos/librtthread_nano.a(device.c.obj)
 .text.rt_device_register
                0x00000000       0x54 rtos/librtthread_nano.a(device.c.obj)
 .text.rt_device_unregister
                0x00000000       0x1a rtos/librtthread_nano.a(device.c.obj)
 .text.rt_device_find
                0x00000000       0x1a rtos/librtthread_nano.a(device.c.obj)
 .text.rt_device_init
                0x00000000       0x48 rtos/librtthread_nano.a(device.c.obj)
 .text.rt_device_open
                0x00000000       0xbe rtos/librtthread_nano.a(device.c.obj)
 .text.rt_device_close
                0x00000000       0x62 rtos/librtthread_nano.a(device.c.obj)
 .text.rt_device_read
                0x00000000       0x4e rtos/librtthread_nano.a(device.c.obj)
 .text.rt_device_control
                0x00000000       0x30 rtos/librtthread_nano.a(device.c.obj)
 .text.rt_device_set_rx_indicate
                0x00000000       0x1e rtos/librtthread_nano.a(device.c.obj)
 .text.rt_device_set_tx_complete
                0x00000000       0x1e rtos/librtthread_nano.a(device.c.obj)
 .text          0x00000000        0x0 rtos/librtthread_nano.a(idle.c.obj)
 .data          0x00000000        0x0 rtos/librtthread_nano.a(idle.c.obj)
 .bss           0x00000000        0x0 rtos/librtthread_nano.a(idle.c.obj)
 .text.rt_list_insert_after
                0x00000000       0x32 rtos/librtthread_nano.a(idle.c.obj)
 .text.rt_list_remove
                0x00000000       0x36 rtos/librtthread_nano.a(idle.c.obj)
 .data._rt_thread_defunct
                0x00000000        0x8 rtos/librtthread_nano.a(idle.c.obj)
 .bss.idle      0x00000000       0x78 rtos/librtthread_nano.a(idle.c.obj)
 .bss.rt_thread_stack
                0x00000000       0x80 rtos/librtthread_nano.a(idle.c.obj)
 .text.rt_thread_defunct_enqueue
                0x00000000       0x20 rtos/librtthread_nano.a(idle.c.obj)
 .text.rt_thread_defunct_dequeue
                0x00000000       0x44 rtos/librtthread_nano.a(idle.c.obj)
 .text.rt_defunct_execute
                0x00000000       0x44 rtos/librtthread_nano.a(idle.c.obj)
 .text.rt_thread_idle_entry
                0x00000000        0xe rtos/librtthread_nano.a(idle.c.obj)
 .rodata        0x00000000        0x8 rtos/librtthread_nano.a(idle.c.obj)
 .text.rt_thread_idle_init
                0x00000000       0x80 rtos/librtthread_nano.a(idle.c.obj)
 .text.rt_thread_idle_gethandler
                0x00000000       0x28 rtos/librtthread_nano.a(idle.c.obj)
 .comment       0x00000000       0x27 rtos/librtthread_nano.a(idle.c.obj)
 .ARM.attributes
                0x00000000       0x34 rtos/librtthread_nano.a(idle.c.obj)
 .text          0x00000000        0x0 rtos/librtthread_nano.a(irq.c.obj)
 .data          0x00000000        0x0 rtos/librtthread_nano.a(irq.c.obj)
 .bss           0x00000000        0x0 rtos/librtthread_nano.a(irq.c.obj)
 .text.rt_interrupt_enter
                0x00000000       0x2c rtos/librtthread_nano.a(irq.c.obj)
 .text.rt_interrupt_leave
                0x00000000       0x2c rtos/librtthread_nano.a(irq.c.obj)
 .text          0x00000000        0x0 rtos/librtthread_nano.a(object.c.obj)
 .data          0x00000000        0x0 rtos/librtthread_nano.a(object.c.obj)
 .bss           0x00000000        0x0 rtos/librtthread_nano.a(object.c.obj)
 .text.rt_list_insert_after
                0x00000000       0x32 rtos/librtthread_nano.a(object.c.obj)
 .text.rt_list_remove
                0x00000000       0x36 rtos/librtthread_nano.a(object.c.obj)
 .data._object_container
                0x00000000       0x40 rtos/librtthread_nano.a(object.c.obj)
 .text.rt_object_get_information
                0x00000000       0x48 rtos/librtthread_nano.a(object.c.obj)
 .text.rt_object_get_length
                0x00000000       0x5e rtos/librtthread_nano.a(object.c.obj)
 .text.rt_object_get_pointers
                0x00000000       0x8a rtos/librtthread_nano.a(object.c.obj)
 .text.rt_object_init
                0x00000000       0x7e rtos/librtthread_nano.a(object.c.obj)
 .text.rt_object_detach
                0x00000000       0x2c rtos/librtthread_nano.a(object.c.obj)
 .text.rt_object_is_systemobject
                0x00000000       0x24 rtos/librtthread_nano.a(object.c.obj)
 .text.rt_object_get_type
                0x00000000       0x1e rtos/librtthread_nano.a(object.c.obj)
 .text.rt_object_find
                0x00000000       0x7c rtos/librtthread_nano.a(object.c.obj)
 .comment       0x00000000       0x27 rtos/librtthread_nano.a(object.c.obj)
 .ARM.attributes
                0x00000000       0x34 rtos/librtthread_nano.a(object.c.obj)
 .data          0x00000000        0x0 /usr/lib/gcc/arm-none-eabi/13.2.1/../../../arm-none-eabi/lib/thumb/v7e-m+fp/hard/libc_nano.a(libc_a-init.o)
 .bss           0x00000000        0x0 /usr/lib/gcc/arm-none-eabi/13.2.1/../../../arm-none-eabi/lib/thumb/v7e-m+fp/hard/libc_nano.a(libc_a-init.o)
 .data          0x00000000        0x0 /usr/lib/gcc/arm-none-eabi/13.2.1/../../../arm-none-eabi/lib/thumb/v7e-m+fp/hard/libc_nano.a(libc_a-memset.o)
 .bss           0x00000000        0x0 /usr/lib/gcc/arm-none-eabi/13.2.1/../../../arm-none-eabi/lib/thumb/v7e-m+fp/hard/libc_nano.a(libc_a-memset.o)
 .text          0x00000000        0xc /usr/lib/gcc/arm-none-eabi/13.2.1/../../../arm-none-eabi/lib/thumb/v7e-m+fp/hard/libc_nano.a(libc_a-errno.o)
 .data          0x00000000        0x0 /usr/lib/gcc/arm-none-eabi/13.2.1/../../../arm-none-eabi/lib/thumb/v7e-m+fp/hard/libc_nano.a(libc_a-errno.o)
 .bss           0x00000000        0x0 /usr/lib/gcc/arm-none-eabi/13.2.1/../../../arm-none-eabi/lib/thumb/v7e-m+fp/hard/libc_nano.a(libc_a-errno.o)
 .debug_info    0x00000000      0x6f1 /usr/lib/gcc/arm-none-eabi/13.2.1/../../../arm-none-eabi/lib/thumb/v7e-m+fp/hard/libc_nano.a(libc_a-errno.o)
 .debug_abbrev  0x00000000      0x15e /usr/lib/gcc/arm-none-eabi/13.2.1/../../../arm-none-eabi/lib/thumb/v7e-m+fp/hard/libc_nano.a(libc_a-errno.o)
 .debug_aranges
                0x00000000       0x20 /usr/lib/gcc/arm-none-eabi/13.2.1/../../../arm-none-eabi/lib/thumb/v7e-m+fp/hard/libc_nano.a(libc_a-errno.o)
 .debug_line    0x00000000      0x10c /usr/lib/gcc/arm-none-eabi/13.2.1/../../../arm-none-eabi/lib/thumb/v7e-m+fp/hard/libc_nano.a(libc_a-errno.o)
 .debug_str     0x00000000      0x4b6 /usr/lib/gcc/arm-none-eabi/13.2.1/../../../arm-none-eabi/lib/thumb/v7e-m+fp/hard/libc_nano.a(libc_a-errno.o)
 .comment       0x00000000       0x27 /usr/lib/gcc/arm-none-eabi/13.2.1/../../../arm-none-eabi/lib/thumb/v7e-m+fp/hard/libc_nano.a(libc_a-errno.o)
 .debug_frame   0x00000000       0x20 /usr/lib/gcc/arm-none-eabi/13.2.1/../../../arm-none-eabi/lib/thumb/v7e-m+fp/hard/libc_nano.a(libc_a-errno.o)
 .ARM.attributes
                0x00000000       0x34 /usr/lib/gcc/arm-none-eabi/13.2.1/../../../arm-none-eabi/lib/thumb/v7e-m+fp/hard/libc_nano.a(libc_a-errno.o)
 .text          0x00000000       0x24 /usr/lib/gcc/arm-none-eabi/13.2.1/../../../arm-none-eabi/lib/thumb/v7e-m+fp/hard/libc_nano.a(libc_a-exit.o)
 .data          0x00000000        0x0 /usr/lib/gcc/arm-none-eabi/13.2.1/../../../arm-none-eabi/lib/thumb/v7e-m+fp/hard/libc_nano.a(libc_a-exit.o)
 .bss           0x00000000        0x0 /usr/lib/gcc/arm-none-eabi/13.2.1/../../../arm-none-eabi/lib/thumb/v7e-m+fp/hard/libc_nano.a(libc_a-exit.o)
 .debug_info    0x00000000      0x11b /usr/lib/gcc/arm-none-eabi/13.2.1/../../../arm-none-eabi/lib/thumb/v7e-m+fp/hard/libc_nano.a(libc_a-exit.o)
 .debug_abbrev  0x00000000       0xd8 /usr/lib/gcc/arm-none-eabi/13.2.1/../../../arm-none-eabi/lib/thumb/v7e-m+fp/hard/libc_nano.a(libc_a-exit.o)
 .debug_loclists
                0x00000000       0x1b /usr/lib/gcc/arm-none-eabi/13.2.1/../../../arm-none-eabi/lib/thumb/v7e-m+fp/hard/libc_nano.a(libc_a-exit.o)
 .debug_aranges
                0x00000000       0x20 /usr/lib/gcc/arm-none-eabi/13.2.1/../../../arm-none-eabi/lib/thumb/v7e-m+fp/hard/libc_nano.a(libc_a-exit.o)
 .debug_line    0x00000000      0x12d /usr/lib/gcc/arm-none-eabi/13.2.1/../../../arm-none-eabi/lib/thumb/v7e-m+fp/hard/libc_nano.a(libc_a-exit.o)
 .debug_str     0x00000000      0x1bf /usr/lib/gcc/arm-none-eabi/13.2.1/../../../arm-none-eabi/lib/thumb/v7e-m+fp/hard/libc_nano.a(libc_a-exit.o)
 .comment       0x00000000       0x27 /usr/lib/gcc/arm-none-eabi/13.2.1/../../../arm-none-eabi/lib/thumb/v7e-m+fp/hard/libc_nano.a(libc_a-exit.o)
 .debug_frame   0x00000000       0x28 /usr/lib/gcc/arm-none-eabi/13.2.1/../../../arm-none-eabi/lib/thumb/v7e-m+fp/hard/libc_nano.a(libc_a-exit.o)
 .ARM.attributes
                0x00000000       0x34 /usr/lib/gcc/arm-none-eabi/13.2.1/../../../arm-none-eabi/lib/thumb/v7e-m+fp/hard/libc_nano.a(libc_a-exit.o)
 .text          0x00000000        0xc /usr/lib/gcc/arm-none-eabi/13.2.1/../../../arm-none-eabi/lib/thumb/v7e-m+fp/hard/libc_nano.a(libc_a-atexit.o)
 .data          0x00000000        0x0 /usr/lib/gcc/arm-none-eabi/13.2.1/../../../arm-none-eabi/lib/thumb/v7e-m+fp/hard/libc_nano.a(libc_a-atexit.o)
 .bss           0x00000000        0x0 /usr/lib/gcc/arm-none-eabi/13.2.1/../../../arm-none-eabi/lib/thumb/v7e-m+fp/hard/libc_nano.a(libc_a-atexit.o)
 .debug_info    0x00000000      0x11e /usr/lib/gcc/arm-none-eabi/13.2.1/../../../arm-none-eabi/lib/thumb/v7e-m+fp/hard/libc_nano.a(libc_a-atexit.o)
 .debug_abbrev  0x00000000       0xc1 /usr/lib/gcc/arm-none-eabi/13.2.1/../../../arm-none-eabi/lib/thumb/v7e-m+fp/hard/libc_nano.a(libc_a-atexit.o)
 .debug_loclists
                0x00000000       0x2b /usr/lib/gcc/arm-none-eabi/13.2.1/../../../arm-none-eabi/lib/thumb/v7e-m+fp/hard/libc_nano.a(libc_a-atexit.o)
 .debug_aranges
                0x00000000       0x20 /usr/lib/gcc/arm-none-eabi/13.2.1/../../../arm-none-eabi/lib/thumb/v7e-m+fp/hard/libc_nano.a(libc_a-atexit.o)
 .debug_line    0x00000000       0xc3 /usr/lib/gcc/arm-none-eabi/13.2.1/../../../arm-none-eabi/lib/thumb/v7e-m+fp/hard/libc_nano.a(libc_a-atexit.o)
 .debug_str     0x00000000      0x1d6 /usr/lib/gcc/arm-none-eabi/13.2.1/../../../arm-none-eabi/lib/thumb/v7e-m+fp/hard/libc_nano.a(libc_a-atexit.o)
 .comment       0x00000000       0x27 /usr/lib/gcc/arm-none-eabi/13.2.1/../../../arm-none-eabi/lib/thumb/v7e-m+fp/hard/libc_nano.a(libc_a-atexit.o)
 .debug_frame   0x00000000       0x20 /usr/lib/gcc/arm-none-eabi/13.2.1/../../../arm-none-eabi/lib/thumb/v7e-m+fp/hard/libc_nano.a(libc_a-atexit.o)
 .ARM.attributes
                0x00000000       0x34 /usr/lib/gcc/arm-none-eabi/13.2.1/../../../arm-none-eabi/lib/thumb/v7e-m+fp/hard/libc_nano.a(libc_a-atexit.o)
 .text          0x00000000       0x28 /usr/lib/gcc/arm-none-eabi/13.2.1/../../../arm-none-eabi/lib/thumb/v7e-m+fp/hard/libc_nano.a(libc_a-fini.o)
 .data          0x00000000        0x0 /usr/lib/gcc/arm-none-eabi/13.2.1/../../../arm-none-eabi/lib/thumb/v7e-m+fp/hard/libc_nano.a(libc_a-fini.o)
 .bss           0x00000000        0x0 /usr/lib/gcc/arm-none-eabi/13.2.1/../../../arm-none-eabi/lib/thumb/v7e-m+fp/hard/libc_nano.a(libc_a-fini.o)
 .debug_info    0x00000000       0xf7 /usr/lib/gcc/arm-none-eabi/13.2.1/../../../arm-none-eabi/lib/thumb/v7e-m+fp/hard/libc_nano.a(libc_a-fini.o)
 .debug_abbrev  0x00000000       0xcc /usr/lib/gcc/arm-none-eabi/13.2.1/../../../arm-none-eabi/lib/thumb/v7e-m+fp/hard/libc_nano.a(libc_a-fini.o)
 .debug_loclists
                0x00000000       0x42 /usr/lib/gcc/arm-none-eabi/13.2.1/../../../arm-none-eabi/lib/thumb/v7e-m+fp/hard/libc_nano.a(libc_a-fini.o)
 .debug_aranges
                0x00000000       0x20 /usr/lib/gcc/arm-none-eabi/13.2.1/../../../arm-none-eabi/lib/thumb/v7e-m+fp/hard/libc_nano.a(libc_a-fini.o)
 .debug_line    0x00000000       0xd2 /usr/lib/gcc/arm-none-eabi/13.2.1/../../../arm-none-eabi/lib/thumb/v7e-m+fp/hard/libc_nano.a(libc_a-fini.o)
 .debug_str     0x00000000      0x1d0 /usr/lib/gcc/arm-none-eabi/13.2.1/../../../arm-none-eabi/lib/thumb/v7e-m+fp/hard/libc_nano.a(libc_a-fini.o)
 .comment       0x00000000       0x27 /usr/lib/gcc/arm-none-eabi/13.2.1/../../../arm-none-eabi/lib/thumb/v7e-m+fp/hard/libc_nano.a(libc_a-fini.o)
 .debug_frame   0x00000000       0x34 /usr/lib/gcc/arm-none-eabi/13.2.1/../../../arm-none-eabi/lib/thumb/v7e-m+fp/hard/libc_nano.a(libc_a-fini.o)
 .ARM.attributes
                0x00000000       0x34 /usr/lib/gcc/arm-none-eabi/13.2.1/../../../arm-none-eabi/lib/thumb/v7e-m+fp/hard/libc_nano.a(libc_a-fini.o)
 .text          0x00000000        0x0 /usr/lib/gcc/arm-none-eabi/13.2.1/../../../arm-none-eabi/lib/thumb/v7e-m+fp/hard/libc_nano.a(libc_a-impure.o)
 .data          0x00000000       0x50 /usr/lib/gcc/arm-none-eabi/13.2.1/../../../arm-none-eabi/lib/thumb/v7e-m+fp/hard/libc_nano.a(libc_a-impure.o)
 .bss           0x00000000        0x0 /usr/lib/gcc/arm-none-eabi/13.2.1/../../../arm-none-eabi/lib/thumb/v7e-m+fp/hard/libc_nano.a(libc_a-impure.o)
 .debug_info    0x00000000      0x70b /usr/lib/gcc/arm-none-eabi/13.2.1/../../../arm-none-eabi/lib/thumb/v7e-m+fp/hard/libc_nano.a(libc_a-impure.o)
 .debug_abbrev  0x00000000      0x149 /usr/lib/gcc/arm-none-eabi/13.2.1/../../../arm-none-eabi/lib/thumb/v7e-m+fp/hard/libc_nano.a(libc_a-impure.o)
 .debug_aranges
                0x00000000       0x18 /usr/lib/gcc/arm-none-eabi/13.2.1/../../../arm-none-eabi/lib/thumb/v7e-m+fp/hard/libc_nano.a(libc_a-impure.o)
 .debug_line    0x00000000       0xe7 /usr/lib/gcc/arm-none-eabi/13.2.1/../../../arm-none-eabi/lib/thumb/v7e-m+fp/hard/libc_nano.a(libc_a-impure.o)
 .debug_str     0x00000000      0x4bc /usr/lib/gcc/arm-none-eabi/13.2.1/../../../arm-none-eabi/lib/thumb/v7e-m+fp/hard/libc_nano.a(libc_a-impure.o)
 .comment       0x00000000       0x27 /usr/lib/gcc/arm-none-eabi/13.2.1/../../../arm-none-eabi/lib/thumb/v7e-m+fp/hard/libc_nano.a(libc_a-impure.o)
 .ARM.attributes
                0x00000000       0x34 /usr/lib/gcc/arm-none-eabi/13.2.1/../../../arm-none-eabi/lib/thumb/v7e-m+fp/hard/libc_nano.a(libc_a-impure.o)
 .text          0x00000000      0x224 /usr/lib/gcc/arm-none-eabi/13.2.1/../../../arm-none-eabi/lib/thumb/v7e-m+fp/hard/libc_nano.a(libc_a-findfp.o)
 .data          0x00000000        0xc /usr/lib/gcc/arm-none-eabi/13.2.1/../../../arm-none-eabi/lib/thumb/v7e-m+fp/hard/libc_nano.a(libc_a-findfp.o)
 .bss           0x00000000      0x13c /usr/lib/gcc/arm-none-eabi/13.2.1/../../../arm-none-eabi/lib/thumb/v7e-m+fp/hard/libc_nano.a(libc_a-findfp.o)
 .debug_info    0x00000000      0xe8c /usr/lib/gcc/arm-none-eabi/13.2.1/../../../arm-none-eabi/lib/thumb/v7e-m+fp/hard/libc_nano.a(libc_a-findfp.o)
 .debug_abbrev  0x00000000      0x408 /usr/lib/gcc/arm-none-eabi/13.2.1/../../../arm-none-eabi/lib/thumb/v7e-m+fp/hard/libc_nano.a(libc_a-findfp.o)
 .debug_loclists
                0x00000000      0x1d0 /usr/lib/gcc/arm-none-eabi/13.2.1/../../../arm-none-eabi/lib/thumb/v7e-m+fp/hard/libc_nano.a(libc_a-findfp.o)
 .debug_aranges
                0x00000000       0x20 /usr/lib/gcc/arm-none-eabi/13.2.1/../../../arm-none-eabi/lib/thumb/v7e-m+fp/hard/libc_nano.a(libc_a-findfp.o)
 .debug_rnglists
                0x00000000       0x77 /usr/lib/gcc/arm-none-eabi/13.2.1/../../../arm-none-eabi/lib/thumb/v7e-m+fp/hard/libc_nano.a(libc_a-findfp.o)
 .debug_line    0x00000000      0x4fc /usr/lib/gcc/arm-none-eabi/13.2.1/../../../arm-none-eabi/lib/thumb/v7e-m+fp/hard/libc_nano.a(libc_a-findfp.o)
 .debug_str     0x00000000      0x6bf /usr/lib/gcc/arm-none-eabi/13.2.1/../../../arm-none-eabi/lib/thumb/v7e-m+fp/hard/libc_nano.a(libc_a-findfp.o)
 .comment       0x00000000       0x27 /usr/lib/gcc/arm-none-eabi/13.2.1/../../../arm-none-eabi/lib/thumb/v7e-m+fp/hard/libc_nano.a(libc_a-findfp.o)
 .debug_frame   0x00000000       0xf4 /usr/lib/gcc/arm-none-eabi/13.2.1/../../../arm-none-eabi/lib/thumb/v7e-m+fp/hard/libc_nano.a(libc_a-findfp.o)
 .ARM.attributes
                0x00000000       0x34 /usr/lib/gcc/arm-none-eabi/13.2.1/../../../arm-none-eabi/lib/thumb/v7e-m+fp/hard/libc_nano.a(libc_a-findfp.o)
 .text          0x00000000      0x1a8 /usr/lib/gcc/arm-none-eabi/13.2.1/../../../arm-none-eabi/lib/thumb/v7e-m+fp/hard/libc_nano.a(libc_a-fflush.o)
 .data          0x00000000        0x0 /usr/lib/gcc/arm-none-eabi/13.2.1/../../../arm-none-eabi/lib/thumb/v7e-m+fp/hard/libc_nano.a(libc_a-fflush.o)
 .bss           0x00000000        0x0 /usr/lib/gcc/arm-none-eabi/13.2.1/../../../arm-none-eabi/lib/thumb/v7e-m+fp/hard/libc_nano.a(libc_a-fflush.o)
 .debug_info    0x00000000      0xa33 /usr/lib/gcc/arm-none-eabi/13.2.1/../../../arm-none-eabi/lib/thumb/v7e-m+fp/hard/libc_nano.a(libc_a-fflush.o)
 .debug_abbrev  0x00000000      0x2e4 /usr/lib/gcc/arm-none-eabi/13.2.1/../../../arm-none-eabi/lib/thumb/v7e-m+fp/hard/libc_nano.a(libc_a-fflush.o)
 .debug_loclists
                0x00000000      0x2f3 /usr/lib/gcc/arm-none-eabi/13.2.1/../../../arm-none-eabi/lib/thumb/v7e-m+fp/hard/libc_nano.a(libc_a-fflush.o)
 .debug_aranges
                0x00000000       0x20 /usr/lib/gcc/arm-none-eabi/13.2.1/../../../arm-none-eabi/lib/thumb/v7e-m+fp/hard/libc_nano.a(libc_a-fflush.o)
 .debug_rnglists
                0x00000000       0x59 /usr/lib/gcc/arm-none-eabi/13.2.1/../../../arm-none-eabi/lib/thumb/v7e-m+fp/hard/libc_nano.a(libc_a-fflush.o)
 .debug_line    0x00000000      0x446 /usr/lib/gcc/arm-none-eabi/13.2.1/../../../arm-none-eabi/lib/thumb/v7e-m+fp/hard/libc_nano.a(libc_a-fflush.o)
 .debug_str     0x00000000      0x543 /usr/lib/gcc/arm-none-eabi/13.2.1/../../../arm-none-eabi/lib/thumb/v7e-m+fp/hard/libc_nano.a(libc_a-fflush.o)
 .comment       0x00000000       0x27 /usr/lib/gcc/arm-none-eabi/13.2.1/../../../arm-none-eabi/lib/thumb/v7e-m+fp/hard/libc_nano.a(libc_a-fflush.o)
 .debug_frame   0x00000000       0x8c /usr/lib/gcc/arm-none-eabi/13.2.1/../../../arm-none-eabi/lib/thumb/v7e-m+fp/hard/libc_nano.a(libc_a-fflush.o)
 .ARM.attributes
                0x00000000       0x34 /usr/lib/gcc/arm-none-eabi/13.2.1/../../../arm-none-eabi/lib/thumb/v7e-m+fp/hard/libc_nano.a(libc_a-fflush.o)
 .text          0x00000000      0x148 /usr/lib/gcc/arm-none-eabi/13.2.1/../../../arm-none-eabi/lib/thumb/v7e-m+fp/hard/libc_nano.a(libc_a-mallocr.o)
 .data          0x00000000        0x0 /usr/lib/gcc/arm-none-eabi/13.2.1/../../../arm-none-eabi/lib/thumb/v7e-m+fp/hard/libc_nano.a(libc_a-mallocr.o)
 .bss           0x00000000        0x8 /usr/lib/gcc/arm-none-eabi/13.2.1/../../../arm-none-eabi/lib/thumb/v7e-m+fp/hard/libc_nano.a(libc_a-mallocr.o)
 .debug_info    0x00000000      0x9b6 /usr/lib/gcc/arm-none-eabi/13.2.1/../../../arm-none-eabi/lib/thumb/v7e-m+fp/hard/libc_nano.a(libc_a-mallocr.o)
 .debug_abbrev  0x00000000      0x24a /usr/lib/gcc/arm-none-eabi/13.2.1/../../../arm-none-eabi/lib/thumb/v7e-m+fp/hard/libc_nano.a(libc_a-mallocr.o)
 .debug_loclists
                0x00000000      0x263 /usr/lib/gcc/arm-none-eabi/13.2.1/../../../arm-none-eabi/lib/thumb/v7e-m+fp/hard/libc_nano.a(libc_a-mallocr.o)
 .debug_aranges
                0x00000000       0x20 /usr/lib/gcc/arm-none-eabi/13.2.1/../../../arm-none-eabi/lib/thumb/v7e-m+fp/hard/libc_nano.a(libc_a-mallocr.o)
 .debug_rnglists
                0x00000000       0x1e /usr/lib/gcc/arm-none-eabi/13.2.1/../../../arm-none-eabi/lib/thumb/v7e-m+fp/hard/libc_nano.a(libc_a-mallocr.o)
 .debug_line    0x00000000      0x446 /usr/lib/gcc/arm-none-eabi/13.2.1/../../../arm-none-eabi/lib/thumb/v7e-m+fp/hard/libc_nano.a(libc_a-mallocr.o)
 .debug_str     0x00000000      0x59d /usr/lib/gcc/arm-none-eabi/13.2.1/../../../arm-none-eabi/lib/thumb/v7e-m+fp/hard/libc_nano.a(libc_a-mallocr.o)
 .comment       0x00000000       0x27 /usr/lib/gcc/arm-none-eabi/13.2.1/../../../arm-none-eabi/lib/thumb/v7e-m+fp/hard/libc_nano.a(libc_a-mallocr.o)
 .debug_frame   0x00000000       0x50 /usr/lib/gcc/arm-none-eabi/13.2.1/../../../arm-none-eabi/lib/thumb/v7e-m+fp/hard/libc_nano.a(libc_a-mallocr.o)
 .ARM.attributes
                0x00000000       0x34 /usr/lib/gcc/arm-none-eabi/13.2.1/../../../arm-none-eabi/lib/thumb/v7e-m+fp/hard/libc_nano.a(libc_a-mallocr.o)
 .text          0x00000000       0xbc /usr/lib/gcc/arm-none-eabi/13.2.1/../../../arm-none-eabi/lib/thumb/v7e-m+fp/hard/libc_nano.a(libc_a-freer.o)
 .data          0x00000000        0x0 /usr/lib/gcc/arm-none-eabi/13.2.1/../../../arm-none-eabi/lib/thumb/v7e-m+fp/hard/libc_nano.a(libc_a-freer.o)
 .bss           0x00000000        0x0 /usr/lib/gcc/arm-none-eabi/13.2.1/../../../arm-none-eabi/lib/thumb/v7e-m+fp/hard/libc_nano.a(libc_a-freer.o)
 .debug_info    0x00000000      0x87f /usr/lib/gcc/arm-none-eabi/13.2.1/../../../arm-none-eabi/lib/thumb/v7e-m+fp/hard/libc_nano.a(libc_a-freer.o)
 .debug_abbrev  0x00000000      0x249 /usr/lib/gcc/arm-none-eabi/13.2.1/../../../arm-none-eabi/lib/thumb/v7e-m+fp/hard/libc_nano.a(libc_a-freer.o)
 .debug_loclists
                0x00000000      0x164 /usr/lib/gcc/arm-none-eabi/13.2.1/../../../arm-none-eabi/lib/thumb/v7e-m+fp/hard/libc_nano.a(libc_a-freer.o)
 .debug_aranges
                0x00000000       0x20 /usr/lib/gcc/arm-none-eabi/13.2.1/../../../arm-none-eabi/lib/thumb/v7e-m+fp/hard/libc_nano.a(libc_a-freer.o)
 .debug_rnglists
                0x00000000       0x13 /usr/lib/gcc/arm-none-eabi/13.2.1/../../../arm-none-eabi/lib/thumb/v7e-m+fp/hard/libc_nano.a(libc_a-freer.o)
 .debug_line    0x00000000      0x2c3 /usr/lib/gcc/arm-none-eabi/13.2.1/../../../arm-none-eabi/lib/thumb/v7e-m+fp/hard/libc_nano.a(libc_a-freer.o)
 .debug_str     0x00000000      0x53c /usr/lib/gcc/arm-none-eabi/13.2.1/../../../arm-none-eabi/lib/thumb/v7e-m+fp/hard/libc_nano.a(libc_a-freer.o)
 .comment       0x00000000       0x27 /usr/lib/gcc/arm-none-eabi/13.2.1/../../../arm-none-eabi/lib/thumb/v7e-m+fp/hard/libc_nano.a(libc_a-freer.o)
 .debug_frame   0x00000000       0x58 /usr/lib/gcc/arm-none-eabi/13.2.1/../../../arm-none-eabi/lib/thumb/v7e-m+fp/hard/libc_nano.a(libc_a-freer.o)
 .ARM.attributes
                0x00000000       0x34 /usr/lib/gcc/arm-none-eabi/13.2.1/../../../arm-none-eabi/lib/thumb/v7e-m+fp/hard/libc_nano.a(libc_a-freer.o)
 .text          0x00000000       0x44 /usr/lib/gcc/arm-none-eabi/13.2.1/../../../arm-none-eabi/lib/thumb/v7e-m+fp/hard/libc_nano.a(libc_a-fwalk.o)
 .data          0x00000000        0x0 /usr/lib/gcc/arm-none-eabi/13.2.1/../../../arm-none-eabi/lib/thumb/v7e-m+fp/hard/libc_nano.a(libc_a-fwalk.o)
 .bss           0x00000000        0x0 /usr/lib/gcc/arm-none-eabi/13.2.1/../../../arm-none-eabi/lib/thumb/v7e-m+fp/hard/libc_nano.a(libc_a-fwalk.o)
 .debug_info    0x00000000      0x7c8 /usr/lib/gcc/arm-none-eabi/13.2.1/../../../arm-none-eabi/lib/thumb/v7e-m+fp/hard/libc_nano.a(libc_a-fwalk.o)
 .debug_abbrev  0x00000000      0x19b /usr/lib/gcc/arm-none-eabi/13.2.1/../../../arm-none-eabi/lib/thumb/v7e-m+fp/hard/libc_nano.a(libc_a-fwalk.o)
 .debug_loclists
                0x00000000       0x87 /usr/lib/gcc/arm-none-eabi/13.2.1/../../../arm-none-eabi/lib/thumb/v7e-m+fp/hard/libc_nano.a(libc_a-fwalk.o)
 .debug_aranges
                0x00000000       0x20 /usr/lib/gcc/arm-none-eabi/13.2.1/../../../arm-none-eabi/lib/thumb/v7e-m+fp/hard/libc_nano.a(libc_a-fwalk.o)
 .debug_line    0x00000000      0x1d1 /usr/lib/gcc/arm-none-eabi/13.2.1/../../../arm-none-eabi/lib/thumb/v7e-m+fp/hard/libc_nano.a(libc_a-fwalk.o)
 .debug_str     0x00000000      0x4cc /usr/lib/gcc/arm-none-eabi/13.2.1/../../../arm-none-eabi/lib/thumb/v7e-m+fp/hard/libc_nano.a(libc_a-fwalk.o)
 .comment       0x00000000       0x27 /usr/lib/gcc/arm-none-eabi/13.2.1/../../../arm-none-eabi/lib/thumb/v7e-m+fp/hard/libc_nano.a(libc_a-fwalk.o)
 .debug_frame   0x00000000       0x34 /usr/lib/gcc/arm-none-eabi/13.2.1/../../../arm-none-eabi/lib/thumb/v7e-m+fp/hard/libc_nano.a(libc_a-fwalk.o)
 .ARM.attributes
                0x00000000       0x34 /usr/lib/gcc/arm-none-eabi/13.2.1/../../../arm-none-eabi/lib/thumb/v7e-m+fp/hard/libc_nano.a(libc_a-fwalk.o)
 .text          0x00000000       0xac /usr/lib/gcc/arm-none-eabi/13.2.1/../../../arm-none-eabi/lib/thumb/v7e-m+fp/hard/libc_nano.a(libc_a-__atexit.o)
 .data          0x00000000        0x4 /usr/lib/gcc/arm-none-eabi/13.2.1/../../../arm-none-eabi/lib/thumb/v7e-m+fp/hard/libc_nano.a(libc_a-__atexit.o)
 .bss           0x00000000       0x8c /usr/lib/gcc/arm-none-eabi/13.2.1/../../../arm-none-eabi/lib/thumb/v7e-m+fp/hard/libc_nano.a(libc_a-__atexit.o)
 .debug_info    0x00000000      0x284 /usr/lib/gcc/arm-none-eabi/13.2.1/../../../arm-none-eabi/lib/thumb/v7e-m+fp/hard/libc_nano.a(libc_a-__atexit.o)
 .debug_abbrev  0x00000000      0x1d4 /usr/lib/gcc/arm-none-eabi/13.2.1/../../../arm-none-eabi/lib/thumb/v7e-m+fp/hard/libc_nano.a(libc_a-__atexit.o)
 .debug_loclists
                0x00000000      0x127 /usr/lib/gcc/arm-none-eabi/13.2.1/../../../arm-none-eabi/lib/thumb/v7e-m+fp/hard/libc_nano.a(libc_a-__atexit.o)
 .debug_aranges
                0x00000000       0x20 /usr/lib/gcc/arm-none-eabi/13.2.1/../../../arm-none-eabi/lib/thumb/v7e-m+fp/hard/libc_nano.a(libc_a-__atexit.o)
 .debug_line    0x00000000      0x230 /usr/lib/gcc/arm-none-eabi/13.2.1/../../../arm-none-eabi/lib/thumb/v7e-m+fp/hard/libc_nano.a(libc_a-__atexit.o)
 .debug_str     0x00000000      0x290 /usr/lib/gcc/arm-none-eabi/13.2.1/../../../arm-none-eabi/lib/thumb/v7e-m+fp/hard/libc_nano.a(libc_a-__atexit.o)
 .comment       0x00000000       0x27 /usr/lib/gcc/arm-none-eabi/13.2.1/../../../arm-none-eabi/lib/thumb/v7e-m+fp/hard/libc_nano.a(libc_a-__atexit.o)
 .debug_frame   0x00000000       0x38 /usr/lib/gcc/arm-none-eabi/13.2.1/../../../arm-none-eabi/lib/thumb/v7e-m+fp/hard/libc_nano.a(libc_a-__atexit.o)
 .ARM.attributes
                0x00000000       0x34 /usr/lib/gcc/arm-none-eabi/13.2.1/../../../arm-none-eabi/lib/thumb/v7e-m+fp/hard/libc_nano.a(libc_a-__atexit.o)
 .text          0x00000000        0x8 /usr/lib/gcc/arm-none-eabi/13.2.1/../../../arm-none-eabi/lib/thumb/v7e-m+fp/hard/libc_nano.a(libc_a-mlock.o)
 .data          0x00000000        0x0 /usr/lib/gcc/arm-none-eabi/13.2.1/../../../arm-none-eabi/lib/thumb/v7e-m+fp/hard/libc_nano.a(libc_a-mlock.o)
 .bss           0x00000000        0x0 /usr/lib/gcc/arm-none-eabi/13.2.1/../../../arm-none-eabi/lib/thumb/v7e-m+fp/hard/libc_nano.a(libc_a-mlock.o)
 .debug_info    0x00000000      0x71c /usr/lib/gcc/arm-none-eabi/13.2.1/../../../arm-none-eabi/lib/thumb/v7e-m+fp/hard/libc_nano.a(libc_a-mlock.o)
 .debug_abbrev  0x00000000      0x192 /usr/lib/gcc/arm-none-eabi/13.2.1/../../../arm-none-eabi/lib/thumb/v7e-m+fp/hard/libc_nano.a(libc_a-mlock.o)
 .debug_aranges
                0x00000000       0x20 /usr/lib/gcc/arm-none-eabi/13.2.1/../../../arm-none-eabi/lib/thumb/v7e-m+fp/hard/libc_nano.a(libc_a-mlock.o)
 .debug_line    0x00000000      0x153 /usr/lib/gcc/arm-none-eabi/13.2.1/../../../arm-none-eabi/lib/thumb/v7e-m+fp/hard/libc_nano.a(libc_a-mlock.o)
 .debug_str     0x00000000      0x4da /usr/lib/gcc/arm-none-eabi/13.2.1/../../../arm-none-eabi/lib/thumb/v7e-m+fp/hard/libc_nano.a(libc_a-mlock.o)
 .comment       0x00000000       0x27 /usr/lib/gcc/arm-none-eabi/13.2.1/../../../arm-none-eabi/lib/thumb/v7e-m+fp/hard/libc_nano.a(libc_a-mlock.o)
 .debug_frame   0x00000000       0x30 /usr/lib/gcc/arm-none-eabi/13.2.1/../../../arm-none-eabi/lib/thumb/v7e-m+fp/hard/libc_nano.a(libc_a-mlock.o)
 .ARM.attributes
                0x00000000       0x34 /usr/lib/gcc/arm-none-eabi/13.2.1/../../../arm-none-eabi/lib/thumb/v7e-m+fp/hard/libc_nano.a(libc_a-mlock.o)
 .text          0x00000000       0x24 /usr/lib/gcc/arm-none-eabi/13.2.1/../../../arm-none-eabi/lib/thumb/v7e-m+fp/hard/libc_nano.a(libc_a-sbrkr.o)
 .data          0x00000000        0x0 /usr/lib/gcc/arm-none-eabi/13.2.1/../../../arm-none-eabi/lib/thumb/v7e-m+fp/hard/libc_nano.a(libc_a-sbrkr.o)
 .bss           0x00000000        0x0 /usr/lib/gcc/arm-none-eabi/13.2.1/../../../arm-none-eabi/lib/thumb/v7e-m+fp/hard/libc_nano.a(libc_a-sbrkr.o)
 .debug_info    0x00000000      0x778 /usr/lib/gcc/arm-none-eabi/13.2.1/../../../arm-none-eabi/lib/thumb/v7e-m+fp/hard/libc_nano.a(libc_a-sbrkr.o)
 .debug_abbrev  0x00000000      0x1da /usr/lib/gcc/arm-none-eabi/13.2.1/../../../arm-none-eabi/lib/thumb/v7e-m+fp/hard/libc_nano.a(libc_a-sbrkr.o)
 .debug_loclists
                0x00000000       0x4b /usr/lib/gcc/arm-none-eabi/13.2.1/../../../arm-none-eabi/lib/thumb/v7e-m+fp/hard/libc_nano.a(libc_a-sbrkr.o)
 .debug_aranges
                0x00000000       0x20 /usr/lib/gcc/arm-none-eabi/13.2.1/../../../arm-none-eabi/lib/thumb/v7e-m+fp/hard/libc_nano.a(libc_a-sbrkr.o)
 .debug_line    0x00000000      0x193 /usr/lib/gcc/arm-none-eabi/13.2.1/../../../arm-none-eabi/lib/thumb/v7e-m+fp/hard/libc_nano.a(libc_a-sbrkr.o)
 .debug_str     0x00000000      0x4c5 /usr/lib/gcc/arm-none-eabi/13.2.1/../../../arm-none-eabi/lib/thumb/v7e-m+fp/hard/libc_nano.a(libc_a-sbrkr.o)
 .comment       0x00000000       0x27 /usr/lib/gcc/arm-none-eabi/13.2.1/../../../arm-none-eabi/lib/thumb/v7e-m+fp/hard/libc_nano.a(libc_a-sbrkr.o)
 .debug_frame   0x00000000       0x2c /usr/lib/gcc/arm-none-eabi/13.2.1/../../../arm-none-eabi/lib/thumb/v7e-m+fp/hard/libc_nano.a(libc_a-sbrkr.o)
 .ARM.attributes
                0x00000000       0x34 /usr/lib/gcc/arm-none-eabi/13.2.1/../../../arm-none-eabi/lib/thumb/v7e-m+fp/hard/libc_nano.a(libc_a-sbrkr.o)
 .text          0x00000000       0x94 /usr/lib/gcc/arm-none-eabi/13.2.1/../../../arm-none-eabi/lib/thumb/v7e-m+fp/hard/libc_nano.a(libc_a-stdio.o)
 .data          0x00000000        0x0 /usr/lib/gcc/arm-none-eabi/13.2.1/../../../arm-none-eabi/lib/thumb/v7e-m+fp/hard/libc_nano.a(libc_a-stdio.o)
 .bss           0x00000000        0x0 /usr/lib/gcc/arm-none-eabi/13.2.1/../../../arm-none-eabi/lib/thumb/v7e-m+fp/hard/libc_nano.a(libc_a-stdio.o)
 .debug_info    0x00000000      0xa80 /usr/lib/gcc/arm-none-eabi/13.2.1/../../../arm-none-eabi/lib/thumb/v7e-m+fp/hard/libc_nano.a(libc_a-stdio.o)
 .debug_abbrev  0x00000000      0x224 /usr/lib/gcc/arm-none-eabi/13.2.1/../../../arm-none-eabi/lib/thumb/v7e-m+fp/hard/libc_nano.a(libc_a-stdio.o)
 .debug_loclists
                0x00000000      0x23b /usr/lib/gcc/arm-none-eabi/13.2.1/../../../arm-none-eabi/lib/thumb/v7e-m+fp/hard/libc_nano.a(libc_a-stdio.o)
 .debug_aranges
                0x00000000       0x20 /usr/lib/gcc/arm-none-eabi/13.2.1/../../../arm-none-eabi/lib/thumb/v7e-m+fp/hard/libc_nano.a(libc_a-stdio.o)
 .debug_line    0x00000000      0x22b /usr/lib/gcc/arm-none-eabi/13.2.1/../../../arm-none-eabi/lib/thumb/v7e-m+fp/hard/libc_nano.a(libc_a-stdio.o)
 .debug_str     0x00000000      0x529 /usr/lib/gcc/arm-none-eabi/13.2.1/../../../arm-none-eabi/lib/thumb/v7e-m+fp/hard/libc_nano.a(libc_a-stdio.o)
 .comment       0x00000000       0x27 /usr/lib/gcc/arm-none-eabi/13.2.1/../../../arm-none-eabi/lib/thumb/v7e-m+fp/hard/libc_nano.a(libc_a-stdio.o)
 .debug_frame   0x00000000       0x8c /usr/lib/gcc/arm-none-eabi/13.2.1/../../../arm-none-eabi/lib/thumb/v7e-m+fp/hard/libc_nano.a(libc_a-stdio.o)
 .ARM.attributes
                0x00000000       0x34 /usr/lib/gcc/arm-none-eabi/13.2.1/../../../arm-none-eabi/lib/thumb/v7e-m+fp/hard/libc_nano.a(libc_a-stdio.o)
 .text          0x00000000       0x24 /usr/lib/gcc/arm-none-eabi/13.2.1/../../../arm-none-eabi/lib/thumb/v7e-m+fp/hard/libc_nano.a(libc_a-closer.o)
 .data          0x00000000        0x0 /usr/lib/gcc/arm-none-eabi/13.2.1/../../../arm-none-eabi/lib/thumb/v7e-m+fp/hard/libc_nano.a(libc_a-closer.o)
 .bss           0x00000000        0x0 /usr/lib/gcc/arm-none-eabi/13.2.1/../../../arm-none-eabi/lib/thumb/v7e-m+fp/hard/libc_nano.a(libc_a-closer.o)
 .debug_info    0x00000000      0x752 /usr/lib/gcc/arm-none-eabi/13.2.1/../../../arm-none-eabi/lib/thumb/v7e-m+fp/hard/libc_nano.a(libc_a-closer.o)
 .debug_abbrev  0x00000000      0x1b0 /usr/lib/gcc/arm-none-eabi/13.2.1/../../../arm-none-eabi/lib/thumb/v7e-m+fp/hard/libc_nano.a(libc_a-closer.o)
 .debug_loclists
                0x00000000       0x4b /usr/lib/gcc/arm-none-eabi/13.2.1/../../../arm-none-eabi/lib/thumb/v7e-m+fp/hard/libc_nano.a(libc_a-closer.o)
 .debug_aranges
                0x00000000       0x20 /usr/lib/gcc/arm-none-eabi/13.2.1/../../../arm-none-eabi/lib/thumb/v7e-m+fp/hard/libc_nano.a(libc_a-closer.o)
 .debug_line    0x00000000      0x193 /usr/lib/gcc/arm-none-eabi/13.2.1/../../../arm-none-eabi/lib/thumb/v7e-m+fp/hard/libc_nano.a(libc_a-closer.o)
 .debug_str     0x00000000      0x4b2 /usr/lib/gcc/arm-none-eabi/13.2.1/../../../arm-none-eabi/lib/thumb/v7e-m+fp/hard/libc_nano.a(libc_a-closer.o)
 .comment       0x00000000       0x27 /usr/lib/gcc/arm-none-eabi/13.2.1/../../../arm-none-eabi/lib/thumb/v7e-m+fp/hard/libc_nano.a(libc_a-closer.o)
 .debug_frame   0x00000000       0x2c /usr/lib/gcc/arm-none-eabi/13.2.1/../../../arm-none-eabi/lib/thumb/v7e-m+fp/hard/libc_nano.a(libc_a-closer.o)
 .ARM.attributes
                0x00000000       0x34 /usr/lib/gcc/arm-none-eabi/13.2.1/../../../arm-none-eabi/lib/thumb/v7e-m+fp/hard/libc_nano.a(libc_a-closer.o)
 .text          0x00000000       0xc4 /usr/lib/gcc/arm-none-eabi/13.2.1/../../../arm-none-eabi/lib/thumb/v7e-m+fp/hard/libc_nano.a(libc_a-__call_atexit.o)
 .data          0x00000000        0x0 /usr/lib/gcc/arm-none-eabi/13.2.1/../../../arm-none-eabi/lib/thumb/v7e-m+fp/hard/libc_nano.a(libc_a-__call_atexit.o)
 .bss           0x00000000        0x4 /usr/lib/gcc/arm-none-eabi/13.2.1/../../../arm-none-eabi/lib/thumb/v7e-m+fp/hard/libc_nano.a(libc_a-__call_atexit.o)
 .debug_info    0x00000000      0x235 /usr/lib/gcc/arm-none-eabi/13.2.1/../../../arm-none-eabi/lib/thumb/v7e-m+fp/hard/libc_nano.a(libc_a-__call_atexit.o)
 .debug_abbrev  0x00000000      0x179 /usr/lib/gcc/arm-none-eabi/13.2.1/../../../arm-none-eabi/lib/thumb/v7e-m+fp/hard/libc_nano.a(libc_a-__call_atexit.o)
 .debug_loclists
                0x00000000       0xff /usr/lib/gcc/arm-none-eabi/13.2.1/../../../arm-none-eabi/lib/thumb/v7e-m+fp/hard/libc_nano.a(libc_a-__call_atexit.o)
 .debug_aranges
                0x00000000       0x20 /usr/lib/gcc/arm-none-eabi/13.2.1/../../../arm-none-eabi/lib/thumb/v7e-m+fp/hard/libc_nano.a(libc_a-__call_atexit.o)
 .debug_rnglists
                0x00000000       0x2c /usr/lib/gcc/arm-none-eabi/13.2.1/../../../arm-none-eabi/lib/thumb/v7e-m+fp/hard/libc_nano.a(libc_a-__call_atexit.o)
 .debug_line    0x00000000      0x246 /usr/lib/gcc/arm-none-eabi/13.2.1/../../../arm-none-eabi/lib/thumb/v7e-m+fp/hard/libc_nano.a(libc_a-__call_atexit.o)
 .debug_str     0x00000000      0x242 /usr/lib/gcc/arm-none-eabi/13.2.1/../../../arm-none-eabi/lib/thumb/v7e-m+fp/hard/libc_nano.a(libc_a-__call_atexit.o)
 .comment       0x00000000       0x27 /usr/lib/gcc/arm-none-eabi/13.2.1/../../../arm-none-eabi/lib/thumb/v7e-m+fp/hard/libc_nano.a(libc_a-__call_atexit.o)
 .debug_frame   0x00000000       0x40 /usr/lib/gcc/arm-none-eabi/13.2.1/../../../arm-none-eabi/lib/thumb/v7e-m+fp/hard/libc_nano.a(libc_a-__call_atexit.o)
 .ARM.attributes
                0x00000000       0x34 /usr/lib/gcc/arm-none-eabi/13.2.1/../../../arm-none-eabi/lib/thumb/v7e-m+fp/hard/libc_nano.a(libc_a-__call_atexit.o)
 .text          0x00000000       0x2c /usr/lib/gcc/arm-none-eabi/13.2.1/../../../arm-none-eabi/lib/thumb/v7e-m+fp/hard/libc_nano.a(libc_a-readr.o)
 .data          0x00000000        0x0 /usr/lib/gcc/arm-none-eabi/13.2.1/../../../arm-none-eabi/lib/thumb/v7e-m+fp/hard/libc_nano.a(libc_a-readr.o)
 .bss           0x00000000        0x0 /usr/lib/gcc/arm-none-eabi/13.2.1/../../../arm-none-eabi/lib/thumb/v7e-m+fp/hard/libc_nano.a(libc_a-readr.o)
 .debug_info    0x00000000      0x7b5 /usr/lib/gcc/arm-none-eabi/13.2.1/../../../arm-none-eabi/lib/thumb/v7e-m+fp/hard/libc_nano.a(libc_a-readr.o)
 .debug_abbrev  0x00000000      0x1b0 /usr/lib/gcc/arm-none-eabi/13.2.1/../../../arm-none-eabi/lib/thumb/v7e-m+fp/hard/libc_nano.a(libc_a-readr.o)
 .debug_loclists
                0x00000000       0x9e /usr/lib/gcc/arm-none-eabi/13.2.1/../../../arm-none-eabi/lib/thumb/v7e-m+fp/hard/libc_nano.a(libc_a-readr.o)
 .debug_aranges
                0x00000000       0x20 /usr/lib/gcc/arm-none-eabi/13.2.1/../../../arm-none-eabi/lib/thumb/v7e-m+fp/hard/libc_nano.a(libc_a-readr.o)
 .debug_line    0x00000000      0x198 /usr/lib/gcc/arm-none-eabi/13.2.1/../../../arm-none-eabi/lib/thumb/v7e-m+fp/hard/libc_nano.a(libc_a-readr.o)
 .debug_str     0x00000000      0x4c0 /usr/lib/gcc/arm-none-eabi/13.2.1/../../../arm-none-eabi/lib/thumb/v7e-m+fp/hard/libc_nano.a(libc_a-readr.o)
 .comment       0x00000000       0x27 /usr/lib/gcc/arm-none-eabi/13.2.1/../../../arm-none-eabi/lib/thumb/v7e-m+fp/hard/libc_nano.a(libc_a-readr.o)
 .debug_frame   0x00000000       0x2c /usr/lib/gcc/arm-none-eabi/13.2.1/../../../arm-none-eabi/lib/thumb/v7e-m+fp/hard/libc_nano.a(libc_a-readr.o)
 .ARM.attributes
                0x00000000       0x34 /usr/lib/gcc/arm-none-eabi/13.2.1/../../../arm-none-eabi/lib/thumb/v7e-m+fp/hard/libc_nano.a(libc_a-readr.o)
 .text          0x00000000       0xd4 /usr/lib/gcc/arm-none-eabi/13.2.1/../../../arm-none-eabi/lib/thumb/v7e-m+fp/hard/libc_nano.a(libc_a-reent.o)
 .data          0x00000000        0x0 /usr/lib/gcc/arm-none-eabi/13.2.1/../../../arm-none-eabi/lib/thumb/v7e-m+fp/hard/libc_nano.a(libc_a-reent.o)
 .bss           0x00000000        0x4 /usr/lib/gcc/arm-none-eabi/13.2.1/../../../arm-none-eabi/lib/thumb/v7e-m+fp/hard/libc_nano.a(libc_a-reent.o)
 .debug_info    0x00000000      0x89f /usr/lib/gcc/arm-none-eabi/13.2.1/../../../arm-none-eabi/lib/thumb/v7e-m+fp/hard/libc_nano.a(libc_a-reent.o)
 .debug_abbrev  0x00000000      0x1ee /usr/lib/gcc/arm-none-eabi/13.2.1/../../../arm-none-eabi/lib/thumb/v7e-m+fp/hard/libc_nano.a(libc_a-reent.o)
 .debug_loclists
                0x00000000       0x80 /usr/lib/gcc/arm-none-eabi/13.2.1/../../../arm-none-eabi/lib/thumb/v7e-m+fp/hard/libc_nano.a(libc_a-reent.o)
 .debug_aranges
                0x00000000       0x20 /usr/lib/gcc/arm-none-eabi/13.2.1/../../../arm-none-eabi/lib/thumb/v7e-m+fp/hard/libc_nano.a(libc_a-reent.o)
 .debug_line    0x00000000      0x27b /usr/lib/gcc/arm-none-eabi/13.2.1/../../../arm-none-eabi/lib/thumb/v7e-m+fp/hard/libc_nano.a(libc_a-reent.o)
 .debug_str     0x00000000      0x4db /usr/lib/gcc/arm-none-eabi/13.2.1/../../../arm-none-eabi/lib/thumb/v7e-m+fp/hard/libc_nano.a(libc_a-reent.o)
 .comment       0x00000000       0x27 /usr/lib/gcc/arm-none-eabi/13.2.1/../../../arm-none-eabi/lib/thumb/v7e-m+fp/hard/libc_nano.a(libc_a-reent.o)
 .debug_frame   0x00000000       0x40 /usr/lib/gcc/arm-none-eabi/13.2.1/../../../arm-none-eabi/lib/thumb/v7e-m+fp/hard/libc_nano.a(libc_a-reent.o)
 .ARM.attributes
                0x00000000       0x34 /usr/lib/gcc/arm-none-eabi/13.2.1/../../../arm-none-eabi/lib/thumb/v7e-m+fp/hard/libc_nano.a(libc_a-reent.o)
 .text          0x00000000       0x2c /usr/lib/gcc/arm-none-eabi/13.2.1/../../../arm-none-eabi/lib/thumb/v7e-m+fp/hard/libc_nano.a(libc_a-lseekr.o)
 .data          0x00000000        0x0 /usr/lib/gcc/arm-none-eabi/13.2.1/../../../arm-none-eabi/lib/thumb/v7e-m+fp/hard/libc_nano.a(libc_a-lseekr.o)
 .bss           0x00000000        0x0 /usr/lib/gcc/arm-none-eabi/13.2.1/../../../arm-none-eabi/lib/thumb/v7e-m+fp/hard/libc_nano.a(libc_a-lseekr.o)
 .debug_info    0x00000000      0x79e /usr/lib/gcc/arm-none-eabi/13.2.1/../../../arm-none-eabi/lib/thumb/v7e-m+fp/hard/libc_nano.a(libc_a-lseekr.o)
 .debug_abbrev  0x00000000      0x1c4 /usr/lib/gcc/arm-none-eabi/13.2.1/../../../arm-none-eabi/lib/thumb/v7e-m+fp/hard/libc_nano.a(libc_a-lseekr.o)
 .debug_loclists
                0x00000000       0x9e /usr/lib/gcc/arm-none-eabi/13.2.1/../../../arm-none-eabi/lib/thumb/v7e-m+fp/hard/libc_nano.a(libc_a-lseekr.o)
 .debug_aranges
                0x00000000       0x20 /usr/lib/gcc/arm-none-eabi/13.2.1/../../../arm-none-eabi/lib/thumb/v7e-m+fp/hard/libc_nano.a(libc_a-lseekr.o)
 .debug_line    0x00000000      0x199 /usr/lib/gcc/arm-none-eabi/13.2.1/../../../arm-none-eabi/lib/thumb/v7e-m+fp/hard/libc_nano.a(libc_a-lseekr.o)
 .debug_str     0x00000000      0x4c0 /usr/lib/gcc/arm-none-eabi/13.2.1/../../../arm-none-eabi/lib/thumb/v7e-m+fp/hard/libc_nano.a(libc_a-lseekr.o)
 .comment       0x00000000       0x27 /usr/lib/gcc/arm-none-eabi/13.2.1/../../../arm-none-eabi/lib/thumb/v7e-m+fp/hard/libc_nano.a(libc_a-lseekr.o)
 .debug_frame   0x00000000       0x2c /usr/lib/gcc/arm-none-eabi/13.2.1/../../../arm-none-eabi/lib/thumb/v7e-m+fp/hard/libc_nano.a(libc_a-lseekr.o)
 .ARM.attributes
                0x00000000       0x34 /usr/lib/gcc/arm-none-eabi/13.2.1/../../../arm-none-eabi/lib/thumb/v7e-m+fp/hard/libc_nano.a(libc_a-lseekr.o)
 .text          0x00000000       0x2c /usr/lib/gcc/arm-none-eabi/13.2.1/../../../arm-none-eabi/lib/thumb/v7e-m+fp/hard/libc_nano.a(libc_a-writer.o)
 .data          0x00000000        0x0 /usr/lib/gcc/arm-none-eabi/13.2.1/../../../arm-none-eabi/lib/thumb/v7e-m+fp/hard/libc_nano.a(libc_a-writer.o)
 .bss           0x00000000        0x0 /usr/lib/gcc/arm-none-eabi/13.2.1/../../../arm-none-eabi/lib/thumb/v7e-m+fp/hard/libc_nano.a(libc_a-writer.o)
 .debug_info    0x00000000      0x7bb /usr/lib/gcc/arm-none-eabi/13.2.1/../../../arm-none-eabi/lib/thumb/v7e-m+fp/hard/libc_nano.a(libc_a-writer.o)
 .debug_abbrev  0x00000000      0x1b5 /usr/lib/gcc/arm-none-eabi/13.2.1/../../../arm-none-eabi/lib/thumb/v7e-m+fp/hard/libc_nano.a(libc_a-writer.o)
 .debug_loclists
                0x00000000       0x9e /usr/lib/gcc/arm-none-eabi/13.2.1/../../../arm-none-eabi/lib/thumb/v7e-m+fp/hard/libc_nano.a(libc_a-writer.o)
 .debug_aranges
                0x00000000       0x20 /usr/lib/gcc/arm-none-eabi/13.2.1/../../../arm-none-eabi/lib/thumb/v7e-m+fp/hard/libc_nano.a(libc_a-writer.o)
 .debug_line    0x00000000      0x199 /usr/lib/gcc/arm-none-eabi/13.2.1/../../../arm-none-eabi/lib/thumb/v7e-m+fp/hard/libc_nano.a(libc_a-writer.o)
 .debug_str     0x00000000      0x4c2 /usr/lib/gcc/arm-none-eabi/13.2.1/../../../arm-none-eabi/lib/thumb/v7e-m+fp/hard/libc_nano.a(libc_a-writer.o)
 .comment       0x00000000       0x27 /usr/lib/gcc/arm-none-eabi/13.2.1/../../../arm-none-eabi/lib/thumb/v7e-m+fp/hard/libc_nano.a(libc_a-writer.o)
 .debug_frame   0x00000000       0x2c /usr/lib/gcc/arm-none-eabi/13.2.1/../../../arm-none-eabi/lib/thumb/v7e-m+fp/hard/libc_nano.a(libc_a-writer.o)
 .ARM.attributes
                0x00000000       0x34 /usr/lib/gcc/arm-none-eabi/13.2.1/../../../arm-none-eabi/lib/thumb/v7e-m+fp/hard/libc_nano.a(libc_a-writer.o)
 .text          0x00000000       0x1c /usr/lib/gcc/arm-none-eabi/13.2.1/../../../arm-none-eabi/lib/thumb/v7e-m+fp/hard/libnosys.a(sbrk.o)
 .data          0x00000000        0x0 /usr/lib/gcc/arm-none-eabi/13.2.1/../../../arm-none-eabi/lib/thumb/v7e-m+fp/hard/libnosys.a(sbrk.o)
 .bss           0x00000000        0x4 /usr/lib/gcc/arm-none-eabi/13.2.1/../../../arm-none-eabi/lib/thumb/v7e-m+fp/hard/libnosys.a(sbrk.o)
 .debug_info    0x00000000       0xac /usr/lib/gcc/arm-none-eabi/13.2.1/../../../arm-none-eabi/lib/thumb/v7e-m+fp/hard/libnosys.a(sbrk.o)
 .debug_abbrev  0x00000000       0xa1 /usr/lib/gcc/arm-none-eabi/13.2.1/../../../arm-none-eabi/lib/thumb/v7e-m+fp/hard/libnosys.a(sbrk.o)
 .debug_loclists
                0x00000000       0x30 /usr/lib/gcc/arm-none-eabi/13.2.1/../../../arm-none-eabi/lib/thumb/v7e-m+fp/hard/libnosys.a(sbrk.o)
 .debug_aranges
                0x00000000       0x20 /usr/lib/gcc/arm-none-eabi/13.2.1/../../../arm-none-eabi/lib/thumb/v7e-m+fp/hard/libnosys.a(sbrk.o)
 .debug_line    0x00000000       0x76 /usr/lib/gcc/arm-none-eabi/13.2.1/../../../arm-none-eabi/lib/thumb/v7e-m+fp/hard/libnosys.a(sbrk.o)
 .debug_str     0x00000000      0x11d /usr/lib/gcc/arm-none-eabi/13.2.1/../../../arm-none-eabi/lib/thumb/v7e-m+fp/hard/libnosys.a(sbrk.o)
 .comment       0x00000000       0x27 /usr/lib/gcc/arm-none-eabi/13.2.1/../../../arm-none-eabi/lib/thumb/v7e-m+fp/hard/libnosys.a(sbrk.o)
 .debug_frame   0x00000000       0x20 /usr/lib/gcc/arm-none-eabi/13.2.1/../../../arm-none-eabi/lib/thumb/v7e-m+fp/hard/libnosys.a(sbrk.o)
 .ARM.attributes
                0x00000000       0x34 /usr/lib/gcc/arm-none-eabi/13.2.1/../../../arm-none-eabi/lib/thumb/v7e-m+fp/hard/libnosys.a(sbrk.o)
 .text          0x00000000        0x0 /usr/lib/gcc/arm-none-eabi/13.2.1/thumb/v7e-m+fp/hard/crtend.o
 .data          0x00000000        0x0 /usr/lib/gcc/arm-none-eabi/13.2.1/thumb/v7e-m+fp/hard/crtend.o
 .bss           0x00000000        0x0 /usr/lib/gcc/arm-none-eabi/13.2.1/thumb/v7e-m+fp/hard/crtend.o
 .rodata        0x00000000       0x24 /usr/lib/gcc/arm-none-eabi/13.2.1/thumb/v7e-m+fp/hard/crtend.o
 .eh_frame      0x00000000        0x4 /usr/lib/gcc/arm-none-eabi/13.2.1/thumb/v7e-m+fp/hard/crtend.o
 .text          0x00000000        0x0 /usr/lib/gcc/arm-none-eabi/13.2.1/thumb/v7e-m+fp/hard/crtn.o
 .data          0x00000000        0x0 /usr/lib/gcc/arm-none-eabi/13.2.1/thumb/v7e-m+fp/hard/crtn.o
 .bss           0x00000000        0x0 /usr/lib/gcc/arm-none-eabi/13.2.1/thumb/v7e-m+fp/hard/crtn.o

Memory Configuration

Name             Origin             Length             Attributes
FLASH            0x08000000         0x00100000         xr
RAM              0x20000000         0x00020000         xrw
CCMRAM           0x10000000         0x00010000         rw
*default*        0x00000000         0xffffffff

Linker script and memory map

LOAD /usr/lib/gcc/arm-none-eabi/13.2.1/thumb/v7e-m+fp/hard/crti.o
LOAD /usr/lib/gcc/arm-none-eabi/13.2.1/thumb/v7e-m+fp/hard/crtbegin.o
LOAD /usr/lib/gcc/arm-none-eabi/13.2.1/../../../arm-none-eabi/lib/thumb/v7e-m+fp/hard/crt0.o
LOAD CMakeFiles/maix_hal_module.dir/startup/startup_stm32f407xx.s.obj
LOAD CMakeFiles/maix_hal_module.dir/app/maix_runtime_app.c.obj
LOAD CMakeFiles/maix_hal_module.dir/components/drivers/stm32/stm32_syscalls.c.obj
LOAD components/drivers/stm32/libstm32_drivers.a
LOAD rtos/librtthread_nano.a
START GROUP
LOAD /usr/lib/gcc/arm-none-eabi/13.2.1/thumb/v7e-m+fp/hard/libgcc.a
LOAD /usr/lib/gcc/arm-none-eabi/13.2.1/../../../arm-none-eabi/lib/thumb/v7e-m+fp/hard/libc_nano.a
END GROUP
START GROUP
LOAD /usr/lib/gcc/arm-none-eabi/13.2.1/thumb/v7e-m+fp/hard/libgcc.a
LOAD /usr/lib/gcc/arm-none-eabi/13.2.1/../../../arm-none-eabi/lib/thumb/v7e-m+fp/hard/libc_nano.a
LOAD /usr/lib/gcc/arm-none-eabi/13.2.1/../../../arm-none-eabi/lib/thumb/v7e-m+fp/hard/libnosys.a
END GROUP
START GROUP
LOAD /usr/lib/gcc/arm-none-eabi/13.2.1/thumb/v7e-m+fp/hard/libgcc.a
LOAD /usr/lib/gcc/arm-none-eabi/13.2.1/../../../arm-none-eabi/lib/thumb/v7e-m+fp/hard/libc_nano.a
LOAD /usr/lib/gcc/arm-none-eabi/13.2.1/../../../arm-none-eabi/lib/thumb/v7e-m+fp/hard/libnosys.a
END GROUP
LOAD /usr/lib/gcc/arm-none-eabi/13.2.1/thumb/v7e-m+fp/hard/crtend.o
LOAD /usr/lib/gcc/arm-none-eabi/13.2.1/thumb/v7e-m+fp/hard/crtn.o
                0x20020000                        _estack = (ORIGIN (RAM) + LENGTH (RAM))

.isr_vector     0x08000000      0x188
                0x08000000                        . = ALIGN (0x4)
 *(.isr_vector)
 .isr_vector    0x08000000      0x188 CMakeFiles/maix_hal_module.dir/startup/startup_stm32f407xx.s.obj
                0x08000000                g_pfnVectors
                0x08000188                        . = ALIGN (0x4)

.text           0x08000188     0x1fbc
                0x08000188                        . = ALIGN (0x4)
 *(.text)
 .text          0x08000188       0x88 /usr/lib/gcc/arm-none-eabi/13.2.1/thumb/v7e-m+fp/hard/crtbegin.o
 .text          0x08000210      0x144 rtos/librtthread_nano.a(context_gcc.S.obj)
                0x08000210                rt_hw_interrupt_disable
                0x08000218                rt_hw_interrupt_enable
                0x0800021e                rt_hw_context_switch_interrupt
                0x0800021e                rt_hw_context_switch
                0x0800023e                PendSV_Handler
                0x080002aa                rt_hw_context_switch_to
                0x080002f8                rt_hw_interrupt_thread_switch
                0x080002fc                HardFault_Handler
 .text          0x08000354       0x50 /usr/lib/gcc/arm-none-eabi/13.2.1/../../../arm-none-eabi/lib/thumb/v7e-m+fp/hard/libc_nano.a(libc_a-init.o)
                0x08000354                __libc_init_array
 .text          0x080003a4       0xa4 /usr/lib/gcc/arm-none-eabi/13.2.1/../../../arm-none-eabi/lib/thumb/v7e-m+fp/hard/libc_nano.a(libc_a-memset.o)
                0x080003a4                memset
 *(.text*)
 .text.Reset_Handler
                0x08000448       0x4c CMakeFiles/maix_hal_module.dir/startup/startup_stm32f407xx.s.obj
                0x08000448                Reset_Handler
 .text.Default_Handler
                0x08000494        0x2 CMakeFiles/maix_hal_module.dir/startup/startup_stm32f407xx.s.obj
                0x08000494                RTC_Alarm_IRQHandler
                0x08000494                HASH_RNG_IRQHandler
                0x08000494                EXTI2_IRQHandler
                0x08000494                TIM8_CC_IRQHandler
                0x08000494                DebugMon_Handler
                0x08000494                TIM1_CC_IRQHandler
                0x08000494                DMA2_Stream5_IRQHandler
                0x08000494                DMA1_Stream5_IRQHandler
                0x08000494                SysTick_Handler
                0x08000494                PVD_IRQHandler
                0x08000494                SDIO_IRQHandler
                0x08000494                TAMP_STAMP_IRQHandler
                0x08000494                NMI_Handler
                0x08000494                CAN2_RX1_IRQHandler
                0x08000494                EXTI3_IRQHandler
                0x08000494                TIM8_TRG_COM_TIM14_IRQHandler
                0x08000494                TIM1_UP_TIM10_IRQHandler
                0x08000494                TIM8_UP_TIM13_IRQHandler
                0x08000494                I2C3_ER_IRQHandler
                0x08000494                EXTI0_IRQHandler
                0x08000494                I2C2_EV_IRQHandler
                0x08000494                DMA1_Stream2_IRQHandler
                0x08000494                CAN1_RX0_IRQHandler
                0x08000494                FPU_IRQHandler
                0x08000494                OTG_HS_WKUP_IRQHandler
                0x08000494                UsageFault_Handler
                0x08000494                CAN2_SCE_IRQHandler
                0x08000494                DMA2_Stream2_IRQHandler
                0x08000494                SPI1_IRQHandler
                0x08000494                TIM6_DAC_IRQHandler
                0x08000494                TIM1_BRK_TIM9_IRQHandler
                0x08000494                DCMI_IRQHandler
                0x08000494                CAN2_RX0_IRQHandler
                0x08000494                DMA2_Stream3_IRQHandler
                0x08000494                USART6_IRQHandler
                0x08000494                USART3_IRQHandler
                0x08000494                CAN1_RX1_IRQHandler
                0x08000494                UART5_IRQHandler
                0x08000494                DMA2_Stream0_IRQHandler
                0x08000494                TIM4_IRQHandler
                0x08000494                I2C1_EV_IRQHandler
                0x08000494                DMA1_Stream6_IRQHandler
                0x08000494                DMA1_Stream1_IRQHandler
                0x08000494                UART4_IRQHandler
                0x08000494                TIM3_IRQHandler
                0x08000494                RCC_IRQHandler
                0x08000494                TIM8_BRK_TIM12_IRQHandler
                0x08000494                Default_Handler
                0x08000494                EXTI15_10_IRQHandler
                0x08000494                ADC_IRQHandler
                0x08000494                DMA1_Stream7_IRQHandler
                0x08000494                TIM7_IRQHandler
                0x08000494                CAN2_TX_IRQHandler
                0x08000494                TIM5_IRQHandler
                0x08000494                DMA2_Stream7_IRQHandler
                0x08000494                I2C3_EV_IRQHandler
                0x08000494                EXTI9_5_IRQHandler
                0x08000494                RTC_WKUP_IRQHandler
                0x08000494                ETH_WKUP_IRQHandler
                0x08000494                SPI2_IRQHandler
                0x08000494                OTG_HS_EP1_IN_IRQHandler
                0x08000494                MemManage_Handler
                0x08000494                DMA1_Stream0_IRQHandler
                0x08000494                CAN1_TX_IRQHandler
                0x08000494                SVC_Handler
                0x08000494                EXTI4_IRQHandler
                0x08000494                ETH_IRQHandler
                0x08000494                OTG_HS_EP1_OUT_IRQHandler
                0x08000494                WWDG_IRQHandler
                0x08000494                TIM2_IRQHandler
                0x08000494                OTG_FS_WKUP_IRQHandler
                0x08000494                TIM1_TRG_COM_TIM11_IRQHandler
                0x08000494                OTG_HS_IRQHandler
                0x08000494                EXTI1_IRQHandler
                0x08000494                USART2_IRQHandler
                0x08000494                I2C2_ER_IRQHandler
                0x08000494                DMA2_Stream1_IRQHandler
                0x08000494                CAN1_SCE_IRQHandler
                0x08000494                FLASH_IRQHandler
                0x08000494                DMA2_Stream4_IRQHandler
                0x08000494                BusFault_Handler
                0x08000494                USART1_IRQHandler
                0x08000494                OTG_FS_IRQHandler
                0x08000494                SPI3_IRQHandler
                0x08000494                DMA1_Stream4_IRQHandler
                0x08000494                I2C1_ER_IRQHandler
                0x08000494                FMC_IRQHandler
                0x08000494                DMA2_Stream6_IRQHandler
                0x08000494                DMA1_Stream3_IRQHandler
 *fill*         0x08000496        0x2 
 .text.maix_cap_state_name
                0x08000498       0x48 CMakeFiles/maix_hal_module.dir/app/maix_runtime_app.c.obj
 .text.maix_runtime_load_defaults
                0x080004e0       0x94 CMakeFiles/maix_hal_module.dir/app/maix_runtime_app.c.obj
 .text.maix_runtime_refresh
                0x08000574       0x40 CMakeFiles/maix_hal_module.dir/app/maix_runtime_app.c.obj
 .text.maix_runtime_print_profile
                0x080005b4      0x130 CMakeFiles/maix_hal_module.dir/app/maix_runtime_app.c.obj
 .text.maix_runtime_main
                0x080006e4       0x54 CMakeFiles/maix_hal_module.dir/app/maix_runtime_app.c.obj
                0x080006e4                maix_runtime_main
 .text.MX_GPIO_Init
                0x08000738       0x64 components/drivers/stm32/libstm32_drivers.a(main.c.obj)
 .text.maix_board_app_init
                0x0800079c        0xc components/drivers/stm32/libstm32_drivers.a(main.c.obj)
                0x0800079c                maix_board_app_init
 .text.maix_board_fill_profile
                0x080007a8       0x74 components/drivers/stm32/libstm32_drivers.a(main.c.obj)
                0x080007a8                maix_board_fill_profile
 .text.maix_board_heartbeat
                0x0800081c       0x1c components/drivers/stm32/libstm32_drivers.a(main.c.obj)
                0x0800081c                maix_board_heartbeat
 .text.main     0x08000838        0xe components/drivers/stm32/libstm32_drivers.a(main.c.obj)
                0x08000838                main
 *fill*         0x08000846        0x2 
 .text.HAL_GPIO_Init
                0x08000848      0x338 components/drivers/stm32/libstm32_drivers.a(stm32f4xx_hal_gpio.c.obj)
                0x08000848                HAL_GPIO_Init
 .text.HAL_GPIO_WritePin
                0x08000b80       0x32 components/drivers/stm32/libstm32_drivers.a(stm32f4xx_hal_gpio.c.obj)
                0x08000b80                HAL_GPIO_WritePin
 .text.HAL_GPIO_TogglePin
                0x08000bb2       0x34 components/drivers/stm32/libstm32_drivers.a(stm32f4xx_hal_gpio.c.obj)
                0x08000bb2                HAL_GPIO_TogglePin
 *fill*         0x08000be6        0x2 
 .text.rt_tick_get
                0x08000be8       0x18 rtos/librtthread_nano.a(clock.c.obj)
                0x08000be8                rt_tick_get
 .text.rt_tick_from_millisecond
                0x08000c00       0x78 rtos/librtthread_nano.a(clock.c.obj)
                0x08000c00                rt_tick_from_millisecond
 .text.rt_set_errno
                0x08000c78       0x40 rtos/librtthread_nano.a(kservice.c.obj)
                0x08000c78                rt_set_errno
 .text.divide   0x08000cb8       0x68 rtos/librtthread_nano.a(kservice.c.obj)
 .text.skip_atoi
                0x08000d20       0x46 rtos/librtthread_nano.a(kservice.c.obj)
 *fill*         0x08000d66        0x2 
 .text.print_number
                0x08000d68      0x1fc rtos/librtthread_nano.a(kservice.c.obj)
 .text.rt_vsnprintf
                0x08000f64      0x4ac rtos/librtthread_nano.a(kservice.c.obj)
                0x08000f64                rt_vsnprintf
 .text.rt_hw_console_output
                0x08001410       0x14 rtos/librtthread_nano.a(kservice.c.obj)
                0x08001410                rt_hw_console_output
 .text.rt_kprintf
                0x08001424       0x60 rtos/librtthread_nano.a(kservice.c.obj)
                0x08001424                rt_kprintf
 .text.__rt_ffs
                0x08001484       0x70 rtos/librtthread_nano.a(kservice.c.obj)
                0x08001484                __rt_ffs
 .text.rt_list_insert_after
                0x080014f4       0x32 rtos/librtthread_nano.a(scheduler.c.obj)
 .text.rt_list_insert_before
                0x08001526       0x32 rtos/librtthread_nano.a(scheduler.c.obj)
 .text.rt_list_remove
                0x08001558       0x36 rtos/librtthread_nano.a(scheduler.c.obj)
 .text.rt_list_isempty
                0x0800158e       0x24 rtos/librtthread_nano.a(scheduler.c.obj)
 *fill*         0x080015b2        0x2 
 .text._scheduler_get_highest_priority_thread
                0x080015b4       0x3c rtos/librtthread_nano.a(scheduler.c.obj)
 .text.rt_schedule
                0x080015f0      0x16c rtos/librtthread_nano.a(scheduler.c.obj)
                0x080015f0                rt_schedule
 .text.rt_schedule_insert_thread
                0x0800175c       0xbc rtos/librtthread_nano.a(scheduler.c.obj)
                0x0800175c                rt_schedule_insert_thread
 .text.rt_schedule_remove_thread
                0x08001818       0x58 rtos/librtthread_nano.a(scheduler.c.obj)
                0x08001818                rt_schedule_remove_thread
 .text.rt_thread_self
                0x08001870       0x18 rtos/librtthread_nano.a(thread.c.obj)
                0x08001870                rt_thread_self
 .text.rt_thread_sleep
                0x08001888       0x5e rtos/librtthread_nano.a(thread.c.obj)
                0x08001888                rt_thread_sleep
 .text.rt_thread_mdelay
                0x080018e6       0x20 rtos/librtthread_nano.a(thread.c.obj)
                0x080018e6                rt_thread_mdelay
 .text.rt_thread_suspend
                0x08001906       0x68 rtos/librtthread_nano.a(thread.c.obj)
                0x08001906                rt_thread_suspend
 .text.rt_list_insert_after
                0x0800196e       0x32 rtos/librtthread_nano.a(timer.c.obj)
 .text.rt_list_remove
                0x080019a0       0x36 rtos/librtthread_nano.a(timer.c.obj)
 .text._timer_remove
                0x080019d6       0x36 rtos/librtthread_nano.a(timer.c.obj)
 .text.rt_timer_start
                0x08001a0c      0x184 rtos/librtthread_nano.a(timer.c.obj)
                0x08001a0c                rt_timer_start
 .text.rt_timer_stop
                0x08001b90       0x44 rtos/librtthread_nano.a(timer.c.obj)
                0x08001b90                rt_timer_stop
 .text.rt_timer_control
                0x08001bd4       0xa4 rtos/librtthread_nano.a(timer.c.obj)
                0x08001bd4                rt_timer_control
 .text.usage_fault_track
                0x08001c78       0xc4 rtos/librtthread_nano.a(cpuport.c.obj)
 .text.bus_fault_track
                0x08001d3c       0xcc rtos/librtthread_nano.a(cpuport.c.obj)
 .text.mem_manage_fault_track
                0x08001e08       0xb4 rtos/librtthread_nano.a(cpuport.c.obj)
 .text.hard_fault_track
                0x08001ebc       0x78 rtos/librtthread_nano.a(cpuport.c.obj)
 .text.rt_hw_hard_fault_exception
                0x08001f34      0x180 rtos/librtthread_nano.a(cpuport.c.obj)
                0x08001f34                rt_hw_hard_fault_exception
 .text.rt_device_write
                0x080020b4       0x4e rtos/librtthread_nano.a(device.c.obj)
                0x080020b4                rt_device_write
 *fill*         0x08002102        0x2 
 .text.rt_interrupt_get_nest
                0x08002104       0x28 rtos/librtthread_nano.a(irq.c.obj)
                0x08002104                rt_interrupt_get_nest
 *(.glue_7)
 .glue_7        0x0800212c        0x0 linker stubs
 *(.glue_7t)
 .glue_7t       0x0800212c        0x0 linker stubs
 *(.eh_frame)
 .eh_frame      0x0800212c        0x0 /usr/lib/gcc/arm-none-eabi/13.2.1/thumb/v7e-m+fp/hard/crtbegin.o
 *(.init)
 .init          0x0800212c        0x4 /usr/lib/gcc/arm-none-eabi/13.2.1/thumb/v7e-m+fp/hard/crti.o
                0x0800212c                _init
 .init          0x08002130        0x8 /usr/lib/gcc/arm-none-eabi/13.2.1/thumb/v7e-m+fp/hard/crtn.o
 *(.fini)
 .fini          0x08002138        0x4 /usr/lib/gcc/arm-none-eabi/13.2.1/thumb/v7e-m+fp/hard/crti.o
                0x08002138                _fini
 .fini          0x0800213c        0x8 /usr/lib/gcc/arm-none-eabi/13.2.1/thumb/v7e-m+fp/hard/crtn.o
                0x08002144                        . = ALIGN (0x4)
                0x08002144                        _etext = .

.vfp11_veneer   0x08002144        0x0
 .vfp11_veneer  0x08002144        0x0 linker stubs

.v4_bx          0x08002144        0x0
 .v4_bx         0x08002144        0x0 linker stubs

.iplt           0x08002144        0x0
 .iplt          0x08002144        0x0 /usr/lib/gcc/arm-none-eabi/13.2.1/thumb/v7e-m+fp/hard/crtbegin.o

.rodata         0x08002144      0x724
                0x08002144                        . = ALIGN (0x4)
 *(.rodata)
 .rodata        0x08002144      0x1ef CMakeFiles/maix_hal_module.dir/app/maix_runtime_app.c.obj
 *fill*         0x08002333        0x1 
 .rodata        0x08002334       0x4a components/drivers/stm32/libstm32_drivers.a(main.c.obj)
 *fill*         0x0800237e        0x2 
 .rodata        0x08002380       0xf3 rtos/librtthread_nano.a(kservice.c.obj)
 *fill*         0x08002473        0x1 
 .rodata        0x08002474      0x2c9 rtos/librtthread_nano.a(cpuport.c.obj)
 *(.rodata*)
 *fill*         0x0800273d        0x3 
 .rodata.__lowest_bit_bitmap
                0x08002740      0x100 rtos/librtthread_nano.a(kservice.c.obj)
                0x08002740                __lowest_bit_bitmap
 .rodata.large_digits.2
                0x08002840       0x11 rtos/librtthread_nano.a(kservice.c.obj)
 *fill*         0x08002851        0x3 
 .rodata.small_digits.1
                0x08002854       0x11 rtos/librtthread_nano.a(kservice.c.obj)
                0x08002868                        . = ALIGN (0x4)
 *fill*         0x08002865        0x3 

.rel.dyn        0x08002868        0x0
 .rel.iplt      0x08002868        0x0 /usr/lib/gcc/arm-none-eabi/13.2.1/thumb/v7e-m+fp/hard/crtbegin.o

.ARM.extab
 *(.ARM.extab* .gnu.linkonce.armextab.*)

.ARM            0x08002868        0x0
                0x08002868                        __exidx_start = .
 *(.ARM.exidx*)
                0x08002868                        __exidx_end = .

.preinit_array  0x08002868        0x0
                0x08002868                        PROVIDE (__preinit_array_start = .)
 *(.preinit_array*)
                0x08002868                        PROVIDE (__preinit_array_end = .)

.init_array     0x08002868        0x4
                0x08002868                        PROVIDE (__init_array_start = .)
 *(SORT_BY_NAME(.init_array.*))
 *(.init_array*)
 .init_array    0x08002868        0x4 /usr/lib/gcc/arm-none-eabi/13.2.1/thumb/v7e-m+fp/hard/crtbegin.o
                0x0800286c                        PROVIDE (__init_array_end = .)

.fini_array     0x0800286c        0x4
                0x0800286c                        PROVIDE (__fini_array_start = .)
 *(SORT_BY_NAME(.fini_array.*))
 *(.fini_array*)
 .fini_array    0x0800286c        0x4 /usr/lib/gcc/arm-none-eabi/13.2.1/thumb/v7e-m+fp/hard/crtbegin.o
                0x08002870                        PROVIDE (__fini_array_end = .)

.ccmram         0x10000000        0x0 load address 0x08002870
                0x10000000                        . = ALIGN (0x4)
                0x10000000                        _sccmram = .
 *(.ccmram)
 *(.ccmram*)
                0x10000000                        . = ALIGN (0x4)
                0x10000000                        _eccmram = .

.data           0x20000000        0x0 load address 0x08002870
                0x20000000                        . = ALIGN (0x4)
                0x20000000                        _sdata = .
 *(.data)
 *(.data*)
                0x20000000                        . = ALIGN (0x4)
                0x20000000                        _edata = .
                0x08002870                        _sidata = LOADADDR (.data)

.tm_clone_table
                0x20000000        0x0 load address 0x08002870
 .tm_clone_table
                0x20000000        0x0 /usr/lib/gcc/arm-none-eabi/13.2.1/thumb/v7e-m+fp/hard/crtbegin.o
 .tm_clone_table
                0x20000000        0x0 /usr/lib/gcc/arm-none-eabi/13.2.1/thumb/v7e-m+fp/hard/crtend.o

.igot.plt       0x20000000        0x0 load address 0x08002870
 .igot.plt      0x20000000        0x0 /usr/lib/gcc/arm-none-eabi/13.2.1/thumb/v7e-m+fp/hard/crtbegin.o

.bss            0x20000000      0x294 load address 0x08002870
                0x20000000                        . = ALIGN (0x4)
                0x20000000                        _sbss = .
                0x20000000                        __bss_start__ = _sbss
 *(.bss)
 .bss           0x20000000       0x1c /usr/lib/gcc/arm-none-eabi/13.2.1/thumb/v7e-m+fp/hard/crtbegin.o
 *(.bss*)
 .bss.g_profile
                0x2000001c       0x28 CMakeFiles/maix_hal_module.dir/app/maix_runtime_app.c.obj
 .bss.g_state   0x20000044       0x14 CMakeFiles/maix_hal_module.dir/app/maix_runtime_app.c.obj
 .bss.rt_tick   0x20000058        0x4 rtos/librtthread_nano.a(clock.c.obj)
 .bss.__rt_errno
                0x2000005c        0x4 rtos/librtthread_nano.a(kservice.c.obj)
 .bss._console_device
                0x20000060        0x4 rtos/librtthread_nano.a(kservice.c.obj)
 .bss.rt_log_buf.0
                0x20000064      0x100 rtos/librtthread_nano.a(kservice.c.obj)
 .bss.rt_thread_priority_table
                0x20000164      0x100 rtos/librtthread_nano.a(scheduler.c.obj)
                0x20000164                rt_thread_priority_table
 .bss.rt_thread_ready_priority_group
                0x20000264        0x4 rtos/librtthread_nano.a(scheduler.c.obj)
                0x20000264                rt_thread_ready_priority_group
 .bss.rt_scheduler_lock_nest
                0x20000268        0x2 rtos/librtthread_nano.a(scheduler.c.obj)
 *fill*         0x2000026a        0x2 
 .bss.rt_current_thread
                0x2000026c        0x4 rtos/librtthread_nano.a(scheduler.c.obj)
                0x2000026c                rt_current_thread
 .bss.rt_current_priority
                0x20000270        0x1 rtos/librtthread_nano.a(scheduler.c.obj)
                0x20000270                rt_current_priority
 *fill*         0x20000271        0x3 
 .bss._timer_list
                0x20000274        0x8 rtos/librtthread_nano.a(timer.c.obj)
 .bss.random_nr.0
                0x2000027c        0x4 rtos/librtthread_nano.a(timer.c.obj)
 .bss.rt_interrupt_from_thread
                0x20000280        0x4 rtos/librtthread_nano.a(cpuport.c.obj)
                0x20000280                rt_interrupt_from_thread
 .bss.rt_interrupt_to_thread
                0x20000284        0x4 rtos/librtthread_nano.a(cpuport.c.obj)
                0x20000284                rt_interrupt_to_thread
 .bss.rt_thread_switch_interrupt_flag
                0x20000288        0x4 rtos/librtthread_nano.a(cpuport.c.obj)
                0x20000288                rt_thread_switch_interrupt_flag
 .bss.rt_exception_hook
                0x2000028c        0x4 rtos/librtthread_nano.a(cpuport.c.obj)
 .bss.rt_interrupt_nest
                0x20000290        0x1 rtos/librtthread_nano.a(irq.c.obj)
                0x20000290                rt_interrupt_nest
 *(COMMON)
                0x20000294                        . = ALIGN (0x4)
 *fill*         0x20000291        0x3 
                0x20000294                        _ebss = .
                0x20000294                        __bss_end__ = _ebss

._user_heap_stack
                0x20000294      0xc04 load address 0x08002870
                0x20000298                        . = ALIGN (0x8)
 *fill*         0x20000294        0x4 
                0x20000298                        PROVIDE (end = .)
                [!provide]                        PROVIDE (_end = .)
                0x20000698                        . = (. + 0x400)
 *fill*         0x20000298      0x400 
                0x20000e98                        . = (. + 0x800)
 *fill*         0x20000698      0x800 
                0x20000e98                        . = ALIGN (0x8)

/DISCARD/
 libc.a(*)
 libm.a(*)
 libgcc.a(*)
OUTPUT(MaixPy_rtthread.elf elf32-littlearm)
LOAD linker stubs
LOAD /usr/lib/gcc/arm-none-eabi/13.2.1/../../../arm-none-eabi/lib/thumb/v7e-m+fp/hard/libc.a
LOAD /usr/lib/gcc/arm-none-eabi/13.2.1/../../../arm-none-eabi/lib/thumb/v7e-m+fp/hard/libm.a
LOAD /usr/lib/gcc/arm-none-eabi/13.2.1/thumb/v7e-m+fp/hard/libgcc.a

.ARM.attributes
                0x00000000       0x30
 .ARM.attributes
                0x00000000       0x22 /usr/lib/gcc/arm-none-eabi/13.2.1/thumb/v7e-m+fp/hard/crti.o
 .ARM.attributes
                0x00000022       0x34 /usr/lib/gcc/arm-none-eabi/13.2.1/thumb/v7e-m+fp/hard/crtbegin.o
 .ARM.attributes
                0x00000056       0x21 CMakeFiles/maix_hal_module.dir/startup/startup_stm32f407xx.s.obj
 .ARM.attributes
                0x00000077       0x34 CMakeFiles/maix_hal_module.dir/app/maix_runtime_app.c.obj
 .ARM.attributes
                0x000000ab       0x34 components/drivers/stm32/libstm32_drivers.a(main.c.obj)
 .ARM.attributes
                0x000000df       0x34 components/drivers/stm32/libstm32_drivers.a(stm32f4xx_hal_gpio.c.obj)
 .ARM.attributes
                0x00000113       0x34 rtos/librtthread_nano.a(clock.c.obj)
 .ARM.attributes
                0x00000147       0x34 rtos/librtthread_nano.a(kservice.c.obj)
 .ARM.attributes
                0x0000017b       0x34 rtos/librtthread_nano.a(scheduler.c.obj)
 .ARM.attributes
                0x000001af       0x34 rtos/librtthread_nano.a(thread.c.obj)
 .ARM.attributes
                0x000001e3       0x34 rtos/librtthread_nano.a(timer.c.obj)
 .ARM.attributes
                0x00000217       0x34 rtos/librtthread_nano.a(cpuport.c.obj)
 .ARM.attributes
                0x0000024b       0x25 rtos/librtthread_nano.a(context_gcc.S.obj)
 .ARM.attributes
                0x00000270       0x34 rtos/librtthread_nano.a(device.c.obj)
 .ARM.attributes
                0x000002a4       0x34 rtos/librtthread_nano.a(irq.c.obj)
 .ARM.attributes
                0x000002d8       0x34 /usr/lib/gcc/arm-none-eabi/13.2.1/../../../arm-none-eabi/lib/thumb/v7e-m+fp/hard/libc_nano.a(libc_a-init.o)
 .ARM.attributes
                0x0000030c       0x34 /usr/lib/gcc/arm-none-eabi/13.2.1/../../../arm-none-eabi/lib/thumb/v7e-m+fp/hard/libc_nano.a(libc_a-memset.o)
 .ARM.attributes
                0x00000340       0x34 /usr/lib/gcc/arm-none-eabi/13.2.1/thumb/v7e-m+fp/hard/crtend.o
 .ARM.attributes
                0x00000374       0x22 /usr/lib/gcc/arm-none-eabi/13.2.1/thumb/v7e-m+fp/hard/crtn.o

.comment        0x00000000       0x26
 .comment       0x00000000       0x26 /usr/lib/gcc/arm-none-eabi/13.2.1/thumb/v7e-m+fp/hard/crtbegin.o
                                 0x27 (size before relaxing)
 .comment       0x00000026       0x27 CMakeFiles/maix_hal_module.dir/app/maix_runtime_app.c.obj
 .comment       0x00000026       0x27 components/drivers/stm32/libstm32_drivers.a(main.c.obj)
 .comment       0x00000026       0x27 components/drivers/stm32/libstm32_drivers.a(stm32f4xx_hal_gpio.c.obj)
 .comment       0x00000026       0x27 rtos/librtthread_nano.a(clock.c.obj)
 .comment       0x00000026       0x27 rtos/librtthread_nano.a(kservice.c.obj)
 .comment       0x00000026       0x27 rtos/librtthread_nano.a(scheduler.c.obj)
 .comment       0x00000026       0x27 rtos/librtthread_nano.a(thread.c.obj)
 .comment       0x00000026       0x27 rtos/librtthread_nano.a(timer.c.obj)
 .comment       0x00000026       0x27 rtos/librtthread_nano.a(cpuport.c.obj)
 .comment       0x00000026       0x27 rtos/librtthread_nano.a(device.c.obj)
 .comment       0x00000026       0x27 rtos/librtthread_nano.a(irq.c.obj)
 .comment       0x00000026       0x27 /usr/lib/gcc/arm-none-eabi/13.2.1/../../../arm-none-eabi/lib/thumb/v7e-m+fp/hard/libc_nano.a(libc_a-init.o)
 .comment       0x00000026       0x27 /usr/lib/gcc/arm-none-eabi/13.2.1/../../../arm-none-eabi/lib/thumb/v7e-m+fp/hard/libc_nano.a(libc_a-memset.o)
 .comment       0x00000026       0x27 /usr/lib/gcc/arm-none-eabi/13.2.1/thumb/v7e-m+fp/hard/crtend.o

.debug_info     0x00000000      0x240
 .debug_info    0x00000000      0x10b /usr/lib/gcc/arm-none-eabi/13.2.1/../../../arm-none-eabi/lib/thumb/v7e-m+fp/hard/libc_nano.a(libc_a-init.o)
 .debug_info    0x0000010b      0x135 /usr/lib/gcc/arm-none-eabi/13.2.1/../../../arm-none-eabi/lib/thumb/v7e-m+fp/hard/libc_nano.a(libc_a-memset.o)

.debug_abbrev   0x00000000      0x180
 .debug_abbrev  0x00000000       0xc9 /usr/lib/gcc/arm-none-eabi/13.2.1/../../../arm-none-eabi/lib/thumb/v7e-m+fp/hard/libc_nano.a(libc_a-init.o)
 .debug_abbrev  0x000000c9       0xb7 /usr/lib/gcc/arm-none-eabi/13.2.1/../../../arm-none-eabi/lib/thumb/v7e-m+fp/hard/libc_nano.a(libc_a-memset.o)

.debug_loclists
                0x00000000      0x227
 .debug_loclists
                0x00000000       0x65 /usr/lib/gcc/arm-none-eabi/13.2.1/../../../arm-none-eabi/lib/thumb/v7e-m+fp/hard/libc_nano.a(libc_a-init.o)
 .debug_loclists
                0x00000065      0x1c2 /usr/lib/gcc/arm-none-eabi/13.2.1/../../../arm-none-eabi/lib/thumb/v7e-m+fp/hard/libc_nano.a(libc_a-memset.o)

.debug_aranges  0x00000000       0x40
 .debug_aranges
                0x00000000       0x20 /usr/lib/gcc/arm-none-eabi/13.2.1/../../../arm-none-eabi/lib/thumb/v7e-m+fp/hard/libc_nano.a(libc_a-init.o)
 .debug_aranges
                0x00000020       0x20 /usr/lib/gcc/arm-none-eabi/13.2.1/../../../arm-none-eabi/lib/thumb/v7e-m+fp/hard/libc_nano.a(libc_a-memset.o)

.debug_line     0x00000000      0x2d4
 .debug_line    0x00000000      0x11e /usr/lib/gcc/arm-none-eabi/13.2.1/../../../arm-none-eabi/lib/thumb/v7e-m+fp/hard/libc_nano.a(libc_a-init.o)
 .debug_line    0x0000011e      0x1b6 /usr/lib/gcc/arm-none-eabi/13.2.1/../../../arm-none-eabi/lib/thumb/v7e-m+fp/hard/libc_nano.a(libc_a-memset.o)

.debug_str      0x00000000      0x20a
 .debug_str     0x00000000      0x20a /usr/lib/gcc/arm-none-eabi/13.2.1/../../../arm-none-eabi/lib/thumb/v7e-m+fp/hard/libc_nano.a(libc_a-init.o)
                                0x1fa (size before relaxing)
 .debug_str     0x0000020a      0x1ad /usr/lib/gcc/arm-none-eabi/13.2.1/../../../arm-none-eabi/lib/thumb/v7e-m+fp/hard/libc_nano.a(libc_a-memset.o)

.debug_frame    0x00000000       0x58
 .debug_frame   0x00000000       0x2c /usr/lib/gcc/arm-none-eabi/13.2.1/../../../arm-none-eabi/lib/thumb/v7e-m+fp/hard/libc_nano.a(libc_a-init.o)
 .debug_frame   0x0000002c       0x2c /usr/lib/gcc/arm-none-eabi/13.2.1/../../../arm-none-eabi/lib/thumb/v7e-m+fp/hard/libc_nano.a(libc_a-memset.o)
